# Logfile created on 2026-09-01 00:04:26 -0400 by logger.rb/61378
2026-09-01 00:04:26 -0400: Memory Usage (413712K) : Starting running SG13G2 Klayout LVS runset on /home/noorizad/spicexplorer-workspace/external/pam4-wt/paper-record/report/work/f/dut_pam4.gds
2026-09-01 00:04:26 -0400: Memory Usage (413712K) : Ruby Version for klayout: 2.5.9
2026-09-01 00:04:26 -0400: Memory Usage (413712K) : Loading database to memory is complete.
2026-09-01 00:04:26 -0400: Memory Usage (413712K) : SG13G2 Klayout LVS runset output at: /home/noorizad/spicexplorer-workspace/external/pam4-wt/paper-record/report/work/f/signoff/lvs/dut_pam4.lvsdb
2026-09-01 00:04:26 -0400: Memory Usage (413712K) : Evaluate switches.
2026-09-01 00:04:26 -0400: Memory Usage (413712K) : Extracted netlist with net names: true
2026-09-01 00:04:26 -0400: Memory Usage (413712K) : Extracted netlist with comments in details: false
2026-09-01 00:04:26 -0400: Memory Usage (413712K) : Selected NET_ONLY option: false
2026-09-01 00:04:26 -0400: Memory Usage (413712K) : Selected ALLOW_UNMATCHED_PORTS option: false
2026-09-01 00:04:26 -0400: Memory Usage (413712K) : Selected TOP_LVL_PINS option: false
2026-09-01 00:04:26 -0400: Memory Usage (413712K) : Selected COMBINE DEVICES option: false
2026-09-01 00:04:26 -0400: Memory Usage (413712K) : Selected PURGE option: false
2026-09-01 00:04:26 -0400: Memory Usage (413712K) : Selected PURGE_NETS option: false
2026-09-01 00:04:26 -0400: Memory Usage (413712K) : Selected SIMPLIFY option: true
2026-09-01 00:04:26 -0400: Memory Usage (413712K) : Selected SERIES_RES option: true
2026-09-01 00:04:26 -0400: Memory Usage (413712K) : Selected PARALLEL_RES option: true
2026-09-01 00:04:26 -0400: Memory Usage (413712K) : Verbose mode: false
2026-09-01 00:04:26 -0400: Memory Usage (413712K) : deep  mode is enabled.
2026-09-01 00:04:26 -0400: Memory Usage (413712K) : Netlist file: /home/noorizad/spicexplorer-workspace/external/pam4-wt/paper-record/report/work/f/dut_pam4_lvs.spice
2026-09-01 00:04:26 -0400: Memory Usage (413712K) : LVS extracted netlist at: /home/noorizad/spicexplorer-workspace/external/pam4-wt/paper-record/report/work/f/signoff/lvs/dut_pam4_extracted.cir
2026-09-01 00:04:26 -0400: Memory Usage (413712K) : Read in polygons from layers.
2026-09-01 00:04:26 -0400: Memory Usage (413712K) : activ_drw has 68 polygons
2026-09-01 00:04:26 -0400: Memory Usage (413712K) : activ_filler has 0 polygons
2026-09-01 00:04:26 -0400: Memory Usage (413712K) : activ has 68 polygons
2026-09-01 00:04:26 -0400: Memory Usage (413712K) : activ_pin has 0 polygons
2026-09-01 00:04:26 -0400: Memory Usage (413712K) : activ_mask has 12 polygons
2026-09-01 00:04:26 -0400: Memory Usage (413712K) : activ_nofill has 0 polygons
2026-09-01 00:04:26 -0400: Memory Usage (413712K) : activ_OPC has 0 polygons
2026-09-01 00:04:26 -0400: Memory Usage (413712K) : activ_iOPC has 0 polygons
2026-09-01 00:04:26 -0400: Memory Usage (413712K) : activ_noqrc has 0 polygons
2026-09-01 00:04:26 -0400: Memory Usage (413712K) : biwind_drw has 0 polygons
2026-09-01 00:04:26 -0400: Memory Usage (413712K) : biwind_OPC has 0 polygons
2026-09-01 00:04:26 -0400: Memory Usage (413712K) : gatpoly_drw has 24 polygons
2026-09-01 00:04:26 -0400: Memory Usage (416828K) : gatpoly_filler has 0 polygons
2026-09-01 00:04:26 -0400: Memory Usage (416828K) : gatpoly has 24 polygons
2026-09-01 00:04:26 -0400: Memory Usage (416828K) : gatpoly_pin has 0 polygons
2026-09-01 00:04:26 -0400: Memory Usage (416828K) : gatpoly_nofill has 0 polygons
2026-09-01 00:04:26 -0400: Memory Usage (416828K) : gatpoly_OPC has 0 polygons
2026-09-01 00:04:26 -0400: Memory Usage (416828K) : gatpoly_iOPC has 0 polygons
2026-09-01 00:04:26 -0400: Memory Usage (417092K) : gatpoly_noqrc has 0 polygons
2026-09-01 00:04:26 -0400: Memory Usage (417092K) : cont_drw has 932 polygons
2026-09-01 00:04:26 -0400: Memory Usage (417092K) : cont_OPC has 0 polygons
2026-09-01 00:04:26 -0400: Memory Usage (417536K) : nsd_drw has 0 polygons
2026-09-01 00:04:26 -0400: Memory Usage (417536K) : nsd_block has 24 polygons
2026-09-01 00:04:26 -0400: Memory Usage (417536K) : metal1_drw has 96 polygons
2026-09-01 00:04:26 -0400: Memory Usage (417536K) : metal1_filler has 0 polygons
2026-09-01 00:04:26 -0400: Memory Usage (417536K) : metal1_slit has 0 polygons
2026-09-01 00:04:26 -0400: Memory Usage (418040K) : metal1 has 96 polygons
2026-09-01 00:04:26 -0400: Memory Usage (418040K) : metal1_pin has 48 polygons
2026-09-01 00:04:26 -0400: Memory Usage (418040K) : metal1_mask has 0 polygons
2026-09-01 00:04:27 -0400: Memory Usage (418040K) : metal1_nofill has 0 polygons
2026-09-01 00:04:27 -0400: Memory Usage (418040K) : metal1_text has 6 polygons
2026-09-01 00:04:27 -0400: Memory Usage (418040K) : metal1_OPC has 0 polygons
2026-09-01 00:04:27 -0400: Memory Usage (418040K) : metal1_noqrc has 0 polygons
2026-09-01 00:04:27 -0400: Memory Usage (418040K) : metal1_res has 0 polygons
2026-09-01 00:04:27 -0400: Memory Usage (418544K) : metal1_iprobe has 0 polygons
2026-09-01 00:04:27 -0400: Memory Usage (418544K) : metal1_diffprb has 0 polygons
2026-09-01 00:04:27 -0400: Memory Usage (418544K) : passiv_drw has 0 polygons
2026-09-01 00:04:27 -0400: Memory Usage (418544K) : passiv_pin has 0 polygons
2026-09-01 00:04:27 -0400: Memory Usage (418808K) : passiv_sbump has 0 polygons
2026-09-01 00:04:27 -0400: Memory Usage (418808K) : passiv_pillar has 0 polygons
2026-09-01 00:04:27 -0400: Memory Usage (418808K) : passiv_pdl has 0 polygons
2026-09-01 00:04:27 -0400: Memory Usage (418808K) : metal2_drw has 34 polygons
2026-09-01 00:04:27 -0400: Memory Usage (419072K) : metal2_filler has 0 polygons
2026-09-01 00:04:27 -0400: Memory Usage (419072K) : metal2_slit has 0 polygons
2026-09-01 00:04:27 -0400: Memory Usage (419072K) : metal2 has 34 polygons
2026-09-01 00:04:27 -0400: Memory Usage (419336K) : metal2_pin has 12 polygons
2026-09-01 00:04:27 -0400: Memory Usage (419336K) : metal2_mask has 0 polygons
2026-09-01 00:04:27 -0400: Memory Usage (419336K) : metal2_nofill has 0 polygons
2026-09-01 00:04:27 -0400: Memory Usage (419336K) : metal2_text has 0 polygons
2026-09-01 00:04:27 -0400: Memory Usage (419600K) : metal2_OPC has 0 polygons
2026-09-01 00:04:27 -0400: Memory Usage (419600K) : metal2_noqrc has 0 polygons
2026-09-01 00:04:27 -0400: Memory Usage (419600K) : metal2_res has 0 polygons
2026-09-01 00:04:27 -0400: Memory Usage (419600K) : metal2_iprobe has 0 polygons
2026-09-01 00:04:27 -0400: Memory Usage (419864K) : metal2_diffprb has 0 polygons
2026-09-01 00:04:27 -0400: Memory Usage (419864K) : baspoly_drw has 0 polygons
2026-09-01 00:04:27 -0400: Memory Usage (419864K) : baspoly_pin has 0 polygons
2026-09-01 00:04:27 -0400: Memory Usage (419864K) : psd_drw has 20 polygons
2026-09-01 00:04:27 -0400: Memory Usage (420128K) : nldb_drw has 0 polygons
2026-09-01 00:04:27 -0400: Memory Usage (420128K) : digibnd_drw has 0 polygons
2026-09-01 00:04:27 -0400: Memory Usage (420128K) : via1_drw has 446 polygons
2026-09-01 00:04:27 -0400: Memory Usage (420128K) : backmetal1_drw has 0 polygons
2026-09-01 00:04:27 -0400: Memory Usage (420392K) : backmetal1_pin has 0 polygons
2026-09-01 00:04:27 -0400: Memory Usage (420392K) : backmetal1_mask has 0 polygons
2026-09-01 00:04:27 -0400: Memory Usage (420392K) : backmetal1_filler has 0 polygons
2026-09-01 00:04:27 -0400: Memory Usage (420392K) : backmetal1_nofill has 0 polygons
2026-09-01 00:04:27 -0400: Memory Usage (420392K) : backmetal1_slit has 0 polygons
2026-09-01 00:04:27 -0400: Memory Usage (420392K) : backmetal1_text has 0 polygons
2026-09-01 00:04:27 -0400: Memory Usage (420392K) : backmetal1_OPC has 0 polygons
2026-09-01 00:04:27 -0400: Memory Usage (420656K) : backmetal1_noqrc has 0 polygons
2026-09-01 00:04:27 -0400: Memory Usage (420656K) : backmetal1_res has 0 polygons
2026-09-01 00:04:27 -0400: Memory Usage (420656K) : backmetal1_iprobe has 0 polygons
2026-09-01 00:04:27 -0400: Memory Usage (420656K) : backmetal1_diffprb has 0 polygons
2026-09-01 00:04:27 -0400: Memory Usage (420920K) : backpassiv_drw has 0 polygons
2026-09-01 00:04:27 -0400: Memory Usage (420920K) : res_drw has 12 polygons
2026-09-01 00:04:27 -0400: Memory Usage (420920K) : sram_drw has 0 polygons
2026-09-01 00:04:27 -0400: Memory Usage (420920K) : trans_drw has 12 polygons
2026-09-01 00:04:27 -0400: Memory Usage (421184K) : ind_drw has 0 polygons
2026-09-01 00:04:27 -0400: Memory Usage (421184K) : ind_pin has 0 polygons
2026-09-01 00:04:27 -0400: Memory Usage (421184K) : ind_text has 0 polygons
2026-09-01 00:04:27 -0400: Memory Usage (421184K) : salblock_drw has 0 polygons
2026-09-01 00:04:27 -0400: Memory Usage (421448K) : via2_drw has 184 polygons
2026-09-01 00:04:27 -0400: Memory Usage (421448K) : metal3_drw has 26 polygons
2026-09-01 00:04:27 -0400: Memory Usage (421448K) : metal3_filler has 0 polygons
2026-09-01 00:04:27 -0400: Memory Usage (421448K) : metal3_slit has 0 polygons
2026-09-01 00:04:27 -0400: Memory Usage (421712K) : metal3 has 26 polygons
2026-09-01 00:04:27 -0400: Memory Usage (421712K) : metal3_pin has 0 polygons
2026-09-01 00:04:27 -0400: Memory Usage (421712K) : metal3_mask has 0 polygons
2026-09-01 00:04:27 -0400: Memory Usage (421712K) : metal3_nofill has 0 polygons
2026-09-01 00:04:27 -0400: Memory Usage (421976K) : metal3_text has 0 polygons
2026-09-01 00:04:27 -0400: Memory Usage (421976K) : metal3_OPC has 0 polygons
2026-09-01 00:04:27 -0400: Memory Usage (421976K) : metal3_noqrc has 0 polygons
2026-09-01 00:04:27 -0400: Memory Usage (421976K) : metal3_res has 0 polygons
2026-09-01 00:04:27 -0400: Memory Usage (422240K) : metal3_iprobe has 0 polygons
2026-09-01 00:04:27 -0400: Memory Usage (422240K) : metal3_diffprb has 0 polygons
2026-09-01 00:04:27 -0400: Memory Usage (422240K) : nwell_drw has 0 polygons
2026-09-01 00:04:27 -0400: Memory Usage (422240K) : nwell_pin has 0 polygons
2026-09-01 00:04:27 -0400: Memory Usage (422504K) : nbulay_drw has 0 polygons
2026-09-01 00:04:27 -0400: Memory Usage (422504K) : nbulay_pin has 0 polygons
2026-09-01 00:04:27 -0400: Memory Usage (422504K) : nbulay_block has 0 polygons
2026-09-01 00:04:27 -0400: Memory Usage (422504K) : emwind_drw has 36 polygons
2026-09-01 00:04:27 -0400: Memory Usage (422768K) : emwind_OPC has 0 polygons
2026-09-01 00:04:27 -0400: Memory Usage (422768K) : deepco_drw has 0 polygons
2026-09-01 00:04:27 -0400: Memory Usage (422768K) : mim_drw has 3 polygons
2026-09-01 00:04:27 -0400: Memory Usage (422768K) : edgeseal_drw has 0 polygons
2026-09-01 00:04:27 -0400: Memory Usage (423032K) : substrate_drw has 0 polygons
2026-09-01 00:04:27 -0400: Memory Usage (423032K) : substrate_text has 0 polygons
2026-09-01 00:04:27 -0400: Memory Usage (423032K) : dfpad_drw has 0 polygons
2026-09-01 00:04:27 -0400: Memory Usage (423032K) : dfpad_pillar has 0 polygons
2026-09-01 00:04:27 -0400: Memory Usage (423296K) : dfpad_sbump has 0 polygons
2026-09-01 00:04:27 -0400: Memory Usage (423296K) : thickgateox_drw has 0 polygons
2026-09-01 00:04:27 -0400: Memory Usage (423296K) : pldb_drw has 0 polygons
2026-09-01 00:04:27 -0400: Memory Usage (423296K) : pwell_drw has 0 polygons
2026-09-01 00:04:27 -0400: Memory Usage (423560K) : pwell_pin has 0 polygons
2026-09-01 00:04:27 -0400: Memory Usage (423560K) : pwell_block has 0 polygons
2026-09-01 00:04:27 -0400: Memory Usage (423560K) : ic_drw has 0 polygons
2026-09-01 00:04:27 -0400: Memory Usage (423560K) : via3_drw has 184 polygons
2026-09-01 00:04:27 -0400: Memory Usage (423824K) : metal4_drw has 24 polygons
2026-09-01 00:04:27 -0400: Memory Usage (423824K) : metal4_filler has 0 polygons
2026-09-01 00:04:27 -0400: Memory Usage (423824K) : metal4_slit has 0 polygons
2026-09-01 00:04:27 -0400: Memory Usage (424088K) : metal4 has 24 polygons
2026-09-01 00:04:27 -0400: Memory Usage (424088K) : metal4_pin has 0 polygons
2026-09-01 00:04:27 -0400: Memory Usage (424088K) : metal4_mask has 0 polygons
2026-09-01 00:04:27 -0400: Memory Usage (424088K) : metal4_nofill has 3 polygons
2026-09-01 00:04:27 -0400: Memory Usage (424352K) : metal4_text has 4 polygons
2026-09-01 00:04:27 -0400: Memory Usage (424352K) : metal4_OPC has 0 polygons
2026-09-01 00:04:27 -0400: Memory Usage (424352K) : metal4_noqrc has 0 polygons
2026-09-01 00:04:27 -0400: Memory Usage (424352K) : metal4_res has 0 polygons
2026-09-01 00:04:27 -0400: Memory Usage (424616K) : metal4_iprobe has 0 polygons
2026-09-01 00:04:27 -0400: Memory Usage (424616K) : metal4_diffprb has 0 polygons
2026-09-01 00:04:27 -0400: Memory Usage (424616K) : heattrans_drw has 0 polygons
2026-09-01 00:04:27 -0400: Memory Usage (424616K) : heatres_drw has 12 polygons
2026-09-01 00:04:27 -0400: Memory Usage (424880K) : fbe_drw has 0 polygons
2026-09-01 00:04:27 -0400: Memory Usage (424880K) : empoly_drw has 0 polygons
2026-09-01 00:04:27 -0400: Memory Usage (424880K) : digisub_drw has 0 polygons
2026-09-01 00:04:27 -0400: Memory Usage (424880K) : text_drw has 72 polygons
2026-09-01 00:04:27 -0400: Memory Usage (425144K) : via4_drw has 144 polygons
2026-09-01 00:04:27 -0400: Memory Usage (425144K) : metal5_drw has 16 polygons
2026-09-01 00:04:27 -0400: Memory Usage (425144K) : metal5_filler has 0 polygons
2026-09-01 00:04:27 -0400: Memory Usage (425144K) : metal5_slit has 0 polygons
2026-09-01 00:04:27 -0400: Memory Usage (425408K) : metal5 has 16 polygons
2026-09-01 00:04:27 -0400: Memory Usage (425408K) : metal5_pin has 3 polygons
2026-09-01 00:04:27 -0400: Memory Usage (425408K) : metal5_mask has 0 polygons
2026-09-01 00:04:27 -0400: Memory Usage (425672K) : metal5_nofill has 3 polygons
2026-09-01 00:04:27 -0400: Memory Usage (425672K) : metal5_text has 0 polygons
2026-09-01 00:04:27 -0400: Memory Usage (425672K) : metal5_OPC has 0 polygons
2026-09-01 00:04:27 -0400: Memory Usage (425672K) : metal5_noqrc has 0 polygons
2026-09-01 00:04:27 -0400: Memory Usage (425936K) : metal5_res has 0 polygons
2026-09-01 00:04:27 -0400: Memory Usage (425936K) : metal5_iprobe has 0 polygons
2026-09-01 00:04:27 -0400: Memory Usage (425936K) : metal5_diffprb has 0 polygons
2026-09-01 00:04:27 -0400: Memory Usage (425936K) : radhard_drw has 0 polygons
2026-09-01 00:04:27 -0400: Memory Usage (426200K) : memcap_drw has 3 polygons
2026-09-01 00:04:27 -0400: Memory Usage (426200K) : varicap_drw has 0 polygons
2026-09-01 00:04:27 -0400: Memory Usage (426200K) : intbondvia_drw has 0 polygons
2026-09-01 00:04:27 -0400: Memory Usage (426464K) : intbondmet_drw has 0 polygons
2026-09-01 00:04:27 -0400: Memory Usage (426464K) : devbondvia_drw has 0 polygons
2026-09-01 00:04:27 -0400: Memory Usage (426464K) : devbondmet_drw has 0 polygons
2026-09-01 00:04:27 -0400: Memory Usage (426464K) : devtrench_drw has 0 polygons
2026-09-01 00:04:27 -0400: Memory Usage (426728K) : redist_drw has 0 polygons
2026-09-01 00:04:27 -0400: Memory Usage (426728K) : graphbot_drw has 0 polygons
2026-09-01 00:04:27 -0400: Memory Usage (426728K) : graphtop_drw has 0 polygons
2026-09-01 00:04:27 -0400: Memory Usage (426728K) : antvia1_drw has 0 polygons
2026-09-01 00:04:27 -0400: Memory Usage (426728K) : antmetal2_drw has 0 polygons
2026-09-01 00:04:27 -0400: Memory Usage (426728K) : graphcont_drw has 0 polygons
2026-09-01 00:04:27 -0400: Memory Usage (426992K) : siwg_drw has 0 polygons
2026-09-01 00:04:27 -0400: Memory Usage (426992K) : siwg_filler has 0 polygons
2026-09-01 00:04:27 -0400: Memory Usage (426992K) : siwg_nofill has 0 polygons
2026-09-01 00:04:27 -0400: Memory Usage (426992K) : sigrating_drw has 0 polygons
2026-09-01 00:04:27 -0400: Memory Usage (427256K) : singrating_drw has 0 polygons
2026-09-01 00:04:27 -0400: Memory Usage (427256K) : graphpas_drw has 0 polygons
2026-09-01 00:04:27 -0400: Memory Usage (427256K) : emwind3_drw has 0 polygons
2026-09-01 00:04:27 -0400: Memory Usage (427256K) : emwihv3_drw has 0 polygons
2026-09-01 00:04:27 -0400: Memory Usage (427520K) : redbulay_drw has 0 polygons
2026-09-01 00:04:27 -0400: Memory Usage (427520K) : smos_drw has 0 polygons
2026-09-01 00:04:27 -0400: Memory Usage (427520K) : graphpad_drw has 0 polygons
2026-09-01 00:04:27 -0400: Memory Usage (427520K) : polimide_drw has 0 polygons
2026-09-01 00:04:27 -0400: Memory Usage (427784K) : polimide_pin has 0 polygons
2026-09-01 00:04:27 -0400: Memory Usage (427784K) : recog_drw has 0 polygons
2026-09-01 00:04:27 -0400: Memory Usage (427784K) : recog_pin has 0 polygons
2026-09-01 00:04:27 -0400: Memory Usage (427784K) : recog_esd has 0 polygons
2026-09-01 00:04:27 -0400: Memory Usage (428048K) : recog_diode has 0 polygons
2026-09-01 00:04:27 -0400: Memory Usage (428048K) : recog_tsv has 0 polygons
2026-09-01 00:04:27 -0400: Memory Usage (428048K) : recog_iprobe has 0 polygons
2026-09-01 00:04:27 -0400: Memory Usage (428048K) : recog_diffprb has 0 polygons
2026-09-01 00:04:27 -0400: Memory Usage (428312K) : recog_pillar has 0 polygons
2026-09-01 00:04:27 -0400: Memory Usage (428312K) : recog_sbump has 0 polygons
2026-09-01 00:04:27 -0400: Memory Usage (428312K) : recog_otp has 0 polygons
2026-09-01 00:04:27 -0400: Memory Usage (428576K) : recog_pdiode has 0 polygons
2026-09-01 00:04:27 -0400: Memory Usage (428576K) : recog_mom has 0 polygons
2026-09-01 00:04:27 -0400: Memory Usage (428576K) : recog_pcm has 0 polygons
2026-09-01 00:04:27 -0400: Memory Usage (428576K) : colopen_drw has 0 polygons
2026-09-01 00:04:27 -0400: Memory Usage (428576K) : graphmetal1_drw has 0 polygons
2026-09-01 00:04:27 -0400: Memory Usage (428840K) : graphmetal1_filler has 0 polygons
2026-09-01 00:04:27 -0400: Memory Usage (428840K) : graphmetal1_nofill has 0 polygons
2026-09-01 00:04:27 -0400: Memory Usage (428840K) : graphmetal1_slit has 0 polygons
2026-09-01 00:04:27 -0400: Memory Usage (428840K) : graphmetal1_OPC has 0 polygons
2026-09-01 00:04:27 -0400: Memory Usage (429104K) : graphmet1l_drw has 0 polygons
2026-09-01 00:04:27 -0400: Memory Usage (429104K) : graphmet1l_filler has 0 polygons
2026-09-01 00:04:27 -0400: Memory Usage (429104K) : graphmet1l_nofill has 0 polygons
2026-09-01 00:04:27 -0400: Memory Usage (429104K) : graphmet1l_slit has 0 polygons
2026-09-01 00:04:27 -0400: Memory Usage (429368K) : graphmet1l_OPC has 0 polygons
2026-09-01 00:04:27 -0400: Memory Usage (429368K) : extblock_drw has 12 polygons
2026-09-01 00:04:27 -0400: Memory Usage (429368K) : nldd_drw has 0 polygons
2026-09-01 00:04:27 -0400: Memory Usage (429368K) : pldd_drw has 0 polygons
2026-09-01 00:04:27 -0400: Memory Usage (429632K) : next_drw has 0 polygons
2026-09-01 00:04:27 -0400: Memory Usage (429632K) : pext_drw has 0 polygons
2026-09-01 00:04:27 -0400: Memory Usage (429632K) : nexthv_drw has 0 polygons
2026-09-01 00:04:27 -0400: Memory Usage (429632K) : pexthv_drw has 0 polygons
2026-09-01 00:04:27 -0400: Memory Usage (429896K) : graphgate_drw has 0 polygons
2026-09-01 00:04:27 -0400: Memory Usage (429896K) : sinwg_drw has 0 polygons
2026-09-01 00:04:27 -0400: Memory Usage (429896K) : sinwg_filler has 0 polygons
2026-09-01 00:04:27 -0400: Memory Usage (429896K) : sinwg_nofill has 0 polygons
2026-09-01 00:04:27 -0400: Memory Usage (430160K) : mempad_drw has 0 polygons
2026-09-01 00:04:27 -0400: Memory Usage (430160K) : topvia1_drw has 13 polygons
2026-09-01 00:04:27 -0400: Memory Usage (430160K) : topmetal1_drw has 10 polygons
2026-09-01 00:04:27 -0400: Memory Usage (430160K) : topmetal1_filler has 0 polygons
2026-09-01 00:04:27 -0400: Memory Usage (430424K) : topmetal1_slit has 0 polygons
2026-09-01 00:04:27 -0400: Memory Usage (430424K) : topmetal1 has 10 polygons
2026-09-01 00:04:27 -0400: Memory Usage (430424K) : topmetal1_pin has 3 polygons
2026-09-01 00:04:27 -0400: Memory Usage (430688K) : topmetal1_mask has 0 polygons
2026-09-01 00:04:27 -0400: Memory Usage (430688K) : topmetal1_nofill has 3 polygons
2026-09-01 00:04:27 -0400: Memory Usage (430688K) : topmetal1_text has 1 polygons
2026-09-01 00:04:27 -0400: Memory Usage (430688K) : topmetal1_noqrc has 0 polygons
2026-09-01 00:04:27 -0400: Memory Usage (430952K) : topmetal1_res has 0 polygons
2026-09-01 00:04:27 -0400: Memory Usage (430952K) : topmetal1_iprobe has 0 polygons
2026-09-01 00:04:27 -0400: Memory Usage (430952K) : topmetal1_diffprb has 0 polygons
2026-09-01 00:04:27 -0400: Memory Usage (430952K) : inldpwl_drw has 0 polygons
2026-09-01 00:04:27 -0400: Memory Usage (430952K) : polyres_drw has 12 polygons
2026-09-01 00:04:27 -0400: Memory Usage (431216K) : polyres_pin has 0 polygons
2026-09-01 00:04:27 -0400: Memory Usage (431216K) : vmim_drw has 12 polygons
2026-09-01 00:04:27 -0400: Memory Usage (431216K) : nbulaycut_drw has 0 polygons
2026-09-01 00:04:27 -0400: Memory Usage (431216K) : antmetal1_drw has 0 polygons
2026-09-01 00:04:27 -0400: Memory Usage (431480K) : topvia2_drw has 6 polygons
2026-09-01 00:04:27 -0400: Memory Usage (431480K) : topmetal2_drw has 2 polygons
2026-09-01 00:04:27 -0400: Memory Usage (431480K) : topmetal2_filler has 0 polygons
2026-09-01 00:04:27 -0400: Memory Usage (431480K) : topmetal2_slit has 0 polygons
2026-09-01 00:04:27 -0400: Memory Usage (431744K) : topmetal2 has 2 polygons
2026-09-01 00:04:27 -0400: Memory Usage (431744K) : topmetal2_pin has 0 polygons
2026-09-01 00:04:27 -0400: Memory Usage (431744K) : topmetal2_mask has 0 polygons
2026-09-01 00:04:27 -0400: Memory Usage (431744K) : topmetal2_nofill has 3 polygons
2026-09-01 00:04:27 -0400: Memory Usage (432008K) : topmetal2_text has 2 polygons
2026-09-01 00:04:27 -0400: Memory Usage (432008K) : topmetal2_noqrc has 0 polygons
2026-09-01 00:04:27 -0400: Memory Usage (432008K) : topmetal2_res has 0 polygons
2026-09-01 00:04:27 -0400: Memory Usage (432008K) : topmetal2_iprobe has 0 polygons
2026-09-01 00:04:27 -0400: Memory Usage (432272K) : topmetal2_diffprb has 0 polygons
2026-09-01 00:04:27 -0400: Memory Usage (432272K) : snsring_drw has 0 polygons
2026-09-01 00:04:27 -0400: Memory Usage (432272K) : sensor_drw has 0 polygons
2026-09-01 00:04:27 -0400: Memory Usage (432272K) : snsarms_drw has 0 polygons
2026-09-01 00:04:27 -0400: Memory Usage (432536K) : snscmosvia_drw has 0 polygons
2026-09-01 00:04:27 -0400: Memory Usage (432536K) : colwind_drw has 0 polygons
2026-09-01 00:04:27 -0400: Memory Usage (432536K) : flm_drw has 0 polygons
2026-09-01 00:04:27 -0400: Memory Usage (432536K) : hafniumox_drw has 0 polygons
2026-09-01 00:04:27 -0400: Memory Usage (432800K) : memvia_drw has 0 polygons
2026-09-01 00:04:27 -0400: Memory Usage (432800K) : thinfilmres_drw has 0 polygons
2026-09-01 00:04:27 -0400: Memory Usage (432800K) : rfmem_drw has 0 polygons
2026-09-01 00:04:27 -0400: Memory Usage (432800K) : norcx_drw has 0 polygons
2026-09-01 00:04:27 -0400: Memory Usage (433064K) : norcx_m2m3 has 0 polygons
2026-09-01 00:04:27 -0400: Memory Usage (433064K) : norcx_m2m4 has 0 polygons
2026-09-01 00:04:27 -0400: Memory Usage (433064K) : norcx_m2m5 has 0 polygons
2026-09-01 00:04:27 -0400: Memory Usage (433064K) : norcx_m2tm1 has 0 polygons
2026-09-01 00:04:27 -0400: Memory Usage (433328K) : norcx_m2tm2 has 0 polygons
2026-09-01 00:04:27 -0400: Memory Usage (433328K) : norcx_m3m4 has 0 polygons
2026-09-01 00:04:27 -0400: Memory Usage (433328K) : norcx_m3m5 has 0 polygons
2026-09-01 00:04:27 -0400: Memory Usage (433328K) : norcx_m3tm1 has 0 polygons
2026-09-01 00:04:27 -0400: Memory Usage (433592K) : norcx_m3tm2 has 0 polygons
2026-09-01 00:04:27 -0400: Memory Usage (433592K) : norcx_m4m5 has 0 polygons
2026-09-01 00:04:27 -0400: Memory Usage (433592K) : norcx_m4tm1 has 0 polygons
2026-09-01 00:04:27 -0400: Memory Usage (433592K) : norcx_m4tm2 has 0 polygons
2026-09-01 00:04:27 -0400: Memory Usage (433592K) : norcx_m5tm1 has 0 polygons
2026-09-01 00:04:27 -0400: Memory Usage (433592K) : norcx_m5tm2 has 0 polygons
2026-09-01 00:04:27 -0400: Memory Usage (433592K) : norcx_tm1tm2 has 0 polygons
2026-09-01 00:04:27 -0400: Memory Usage (433592K) : norcx_m1sub has 0 polygons
2026-09-01 00:04:27 -0400: Memory Usage (433592K) : norcx_m2sub has 0 polygons
2026-09-01 00:04:27 -0400: Memory Usage (433592K) : norcx_m3sub has 0 polygons
2026-09-01 00:04:27 -0400: Memory Usage (433592K) : norcx_m4sub has 0 polygons
2026-09-01 00:04:27 -0400: Memory Usage (433592K) : norcx_m5sub has 0 polygons
2026-09-01 00:04:27 -0400: Memory Usage (433592K) : norcx_tm1sub has 0 polygons
2026-09-01 00:04:27 -0400: Memory Usage (433592K) : norcx_tm2sub has 0 polygons
2026-09-01 00:04:27 -0400: Memory Usage (433592K) : snsbotvia_drw has 0 polygons
2026-09-01 00:04:27 -0400: Memory Usage (433592K) : snstopvia_drw has 0 polygons
2026-09-01 00:04:27 -0400: Memory Usage (433592K) : deepvia_drw has 0 polygons
2026-09-01 00:04:27 -0400: Memory Usage (433592K) : fgetch_drw has 0 polygons
2026-09-01 00:04:27 -0400: Memory Usage (433592K) : ctrgat_drw has 0 polygons
2026-09-01 00:04:27 -0400: Memory Usage (433592K) : fgimp_drw has 0 polygons
2026-09-01 00:04:27 -0400: Memory Usage (433592K) : emwihv_drw has 0 polygons
2026-09-01 00:04:27 -0400: Memory Usage (433592K) : lbe_drw has 0 polygons
2026-09-01 00:04:27 -0400: Memory Usage (433592K) : alcustop_drw has 0 polygons
2026-09-01 00:04:27 -0400: Memory Usage (433592K) : nometfiller_drw has 0 polygons
2026-09-01 00:04:27 -0400: Memory Usage (433592K) : prboundary_drw has 0 polygons
2026-09-01 00:04:27 -0400: Memory Usage (433592K) : exchange0_drw has 0 polygons
2026-09-01 00:04:27 -0400: Memory Usage (433592K) : exchange0_pin has 0 polygons
2026-09-01 00:04:27 -0400: Memory Usage (433592K) : exchange0_text has 0 polygons
2026-09-01 00:04:27 -0400: Memory Usage (433592K) : exchange1_drw has 0 polygons
2026-09-01 00:04:27 -0400: Memory Usage (433592K) : exchange1_pin has 0 polygons
2026-09-01 00:04:27 -0400: Memory Usage (433592K) : exchange1_text has 0 polygons
2026-09-01 00:04:27 -0400: Memory Usage (433592K) : exchange2_drw has 0 polygons
2026-09-01 00:04:27 -0400: Memory Usage (433592K) : exchange2_pin has 0 polygons
2026-09-01 00:04:27 -0400: Memory Usage (433592K) : exchange2_text has 0 polygons
2026-09-01 00:04:27 -0400: Memory Usage (433592K) : exchange3_drw has 0 polygons
2026-09-01 00:04:27 -0400: Memory Usage (433592K) : exchange3_pin has 0 polygons
2026-09-01 00:04:27 -0400: Memory Usage (433856K) : exchange3_text has 0 polygons
2026-09-01 00:04:27 -0400: Memory Usage (433856K) : exchange4_drw has 0 polygons
2026-09-01 00:04:27 -0400: Memory Usage (433856K) : exchange4_pin has 0 polygons
2026-09-01 00:04:27 -0400: Memory Usage (433856K) : exchange4_text has 0 polygons
2026-09-01 00:04:27 -0400: Memory Usage (433856K) : isonwell_drw has 0 polygons
2026-09-01 00:04:27 -0400: Memory Usage (433856K) : Total no. of polygons in the design is 2542
2026-09-01 00:04:27 -0400: Memory Usage (433856K) : Starting SG13G2 LVS runset
2026-09-01 00:04:27 -0400: Memory Usage (433856K) : Starting base layers derivations
2026-09-01 00:04:27 -0400: Memory Usage (433856K) : Starting general LVS derivations
2026-09-01 00:04:27 -0400: Memory Usage (439908K) : Starting MOSFET DERIVATIONS
2026-09-01 00:04:27 -0400: Memory Usage (442296K) : Starting NMOS DERIVATIONS
2026-09-01 00:04:27 -0400: Memory Usage (442560K) : Starting PMOS DERIVATIONS
2026-09-01 00:04:27 -0400: Memory Usage (442824K) : Starting RF-MOSFET DERIVATIONS
2026-09-01 00:04:27 -0400: Memory Usage (442824K) : Starting RF-NMOS DERIVATIONS
2026-09-01 00:04:27 -0400: Memory Usage (443088K) : Starting RF-PMOS DERIVATIONS
2026-09-01 00:04:27 -0400: Memory Usage (443352K) : Starting BJT DERIVATIONS
2026-09-01 00:04:27 -0400: Memory Usage (443352K) : Starting NPN-BJT DERIVATIONS
2026-09-01 00:04:27 -0400: Memory Usage (436460K) : Starting PNP-BJT DERIVATIONS
2026-09-01 00:04:27 -0400: Memory Usage (436460K) : Starting DIODE DERIVATIONS
2026-09-01 00:04:27 -0400: Memory Usage (436460K) : Starting RESISTOR DERIVATIONS
2026-09-01 00:04:27 -0400: Memory Usage (436652K) : Starting CAP DERIVATIONS
2026-09-01 00:04:27 -0400: Memory Usage (436652K) : Starting ESD DERIVATIONS
2026-09-01 00:04:27 -0400: Memory Usage (438472K) : Starting Inductor DERIVATIONS
2026-09-01 00:04:27 -0400: Memory Usage (442428K) : Starting Taps DERIVATIONS
2026-09-01 00:04:27 -0400: Memory Usage (443484K) : Starting SG13G2 LVS connectivity setup
2026-09-01 00:04:27 -0400: Memory Usage (443484K) : Starting SG13G2 LVS connectivity setup (Inter-layer)
2026-09-01 00:04:27 -0400: Memory Usage (443484K) : Starting SG13G2 LVS connectivity setup (Global)
2026-09-01 00:04:27 -0400: Memory Usage (443484K) : Starting LVS MOSFET CONNECTIONS
2026-09-01 00:04:27 -0400: Memory Usage (443484K) : Starting LVS RF-MOSFET CONNECTIONS
2026-09-01 00:04:27 -0400: Memory Usage (443484K) : Starting LVS BJT CONNECTIONS
2026-09-01 00:04:27 -0400: Memory Usage (443484K) : Starting LVS DIODE CONNECTIONS
2026-09-01 00:04:27 -0400: Memory Usage (443484K) : Starting RESISTOR CONNECTIONS
2026-09-01 00:04:27 -0400: Memory Usage (443484K) : Starting LVS CAP CONNECTIONS
2026-09-01 00:04:27 -0400: Memory Usage (443484K) : Starting ESD CONNECTIONS
2026-09-01 00:04:27 -0400: Memory Usage (443484K) : Starting Inductor CONNECTIONS
2026-09-01 00:04:27 -0400: Memory Usage (443484K) : Starting LVS Taps CONNECTIONS
2026-09-01 00:04:27 -0400: Memory Usage (443484K) : Starting SG13G2 LVS DEVICES EXTRACTION
2026-09-01 00:04:27 -0400: Memory Usage (443484K) : Starting MOSFET EXTRACTION
2026-09-01 00:04:27 -0400: Memory Usage (443484K) : Starting NMOS EXTRACTION
2026-09-01 00:04:27 -0400: Memory Usage (443484K) : Extraction of NMOS-LV transistor
2026-09-01 00:04:27 -0400: Memory Usage (443864K) : Extraction of NMOS-HV transistor
2026-09-01 00:04:27 -0400: Memory Usage (443864K) : Starting PMOS EXTRACTION
2026-09-01 00:04:27 -0400: Memory Usage (443864K) : Extraction of PMOS-LV transistor
2026-09-01 00:04:27 -0400: Memory Usage (443864K) : Extraction of PMOS-HV transistor
2026-09-01 00:04:27 -0400: Memory Usage (443864K) : Starting RF-MOSFET EXTRACTION
2026-09-01 00:04:27 -0400: Memory Usage (443864K) : Extraction of RF-NMOS-LV transistor
2026-09-01 00:04:27 -0400: Memory Usage (444128K) : Extraction of RF-NMOS-HV transistor
2026-09-01 00:04:27 -0400: Memory Usage (444128K) : Extraction of RF-PMOS-LV transistor
2026-09-01 00:04:27 -0400: Memory Usage (444128K) : Extraction of RF-PMOS-HV transistor
2026-09-01 00:04:27 -0400: Memory Usage (444128K) : Starting BJT EXTRACTION
2026-09-01 00:04:27 -0400: Memory Usage (444128K) : Starting NPN-BJT EXTRACTION
2026-09-01 00:04:27 -0400: Memory Usage (444128K) : Extraction of npn13G2 BJT transistor
2026-09-01 00:04:27 -0400: Memory Usage (444128K) : Extraction of npn13G2L BJT transistor
2026-09-01 00:04:27 -0400: Memory Usage (444512K) : Extraction of npn13G2V BJT transistor
2026-09-01 00:04:27 -0400: Memory Usage (444512K) : Starting PNP-BJT EXTRACTION
2026-09-01 00:04:27 -0400: Memory Usage (444512K) : Extracting pnpMPA BJT
2026-09-01 00:04:27 -0400: Memory Usage (444776K) : Starting DIODE EXTRACTION
2026-09-01 00:04:27 -0400: Memory Usage (444776K) : Extracting dantenna diode
2026-09-01 00:04:27 -0400: Memory Usage (444776K) : Extracting dpantenna diode
2026-09-01 00:04:27 -0400: Memory Usage (444776K) : Extracting schottky_nbl1 diode
2026-09-01 00:04:27 -0400: Memory Usage (444776K) : Starting RESISTOR EXTRACTION
2026-09-01 00:04:27 -0400: Memory Usage (444776K) : Extracting rsil resistor
2026-09-01 00:04:27 -0400: Memory Usage (445168K) : Extracting rppd resistor
2026-09-01 00:04:27 -0400: Memory Usage (445432K) : Extracting rhigh resistor
2026-09-01 00:04:27 -0400: Memory Usage (445432K) : Extracting res_metal1 resistor
2026-09-01 00:04:27 -0400: Memory Usage (445696K) : Extracting res_metal2 resistor
2026-09-01 00:04:27 -0400: Memory Usage (445696K) : Extracting res_metal3 resistor
2026-09-01 00:04:27 -0400: Memory Usage (445696K) : Extracting res_metal4 resistor
2026-09-01 00:04:27 -0400: Memory Usage (445696K) : Extracting res_metal5 resistor
2026-09-01 00:04:27 -0400: Memory Usage (446020K) : Extracting res_topmetal1 resistor
2026-09-01 00:04:27 -0400: Memory Usage (446020K) : Extracting res_topmetal2 resistor
2026-09-01 00:04:27 -0400: Memory Usage (446020K) : Starting CAP EXTRACTION
2026-09-01 00:04:27 -0400: Memory Usage (446020K) : Extracting cap_cmim device
2026-09-01 00:04:27 -0400: Memory Usage (446020K) : Extracting rfcmim device
2026-09-01 00:04:27 -0400: Memory Usage (446284K) : Extracting sg13_hv_svaricap varactor
2026-09-01 00:04:27 -0400: Memory Usage (446284K) : Starting ESD EXTRACTION
2026-09-01 00:04:27 -0400: Memory Usage (446284K) : Extracting diodevdd_2kv ESD device
2026-09-01 00:04:27 -0400: Memory Usage (446284K) : Extracting diodevdd_4kv ESD device
2026-09-01 00:04:27 -0400: Memory Usage (446548K) : Extracting diodevss_2kv ESD device
2026-09-01 00:04:27 -0400: Memory Usage (446812K) : Extracting diodevss_4kv ESD device
2026-09-01 00:04:27 -0400: Memory Usage (446812K) : Extracting idiodevdd_2kv ESD device
2026-09-01 00:04:27 -0400: Memory Usage (447076K) : Extracting idiodevdd_4kv ESD device
2026-09-01 00:04:27 -0400: Memory Usage (447340K) : Extracting idiodevss_2kv ESD device
2026-09-01 00:04:27 -0400: Memory Usage (447340K) : Extracting idiodevss_4kv ESD device
2026-09-01 00:04:27 -0400: Memory Usage (447604K) : Extracting nmoscl_2 ESD device
2026-09-01 00:04:27 -0400: Memory Usage (447604K) : Extracting nmoscl_4 ESD device
2026-09-01 00:04:27 -0400: Memory Usage (447868K) : Starting Inductor EXTRACTION
2026-09-01 00:04:27 -0400: Memory Usage (447868K) : Extracting Inductor2 device
2026-09-01 00:04:27 -0400: Memory Usage (447868K) : Extracting Inductor3 device
2026-09-01 00:04:27 -0400: Memory Usage (447868K) : Starting Taps EXTRACTION
2026-09-01 00:04:27 -0400: Memory Usage (447868K) : Extracting ntap1 device
2026-09-01 00:04:27 -0400: Memory Usage (448132K) : Extracting ptap1 device
2026-09-01 00:04:27 -0400: Memory Usage (448132K) : Starting SG13G2 LVS Options Preparations
2026-09-01 00:04:27 -0400: Memory Usage (448132K) : Starting SG13G2 LVS Alignment
2026-09-01 00:04:27 -0400: Memory Usage (448132K) : Starting SG13G2 LVS Simplification
2026-09-01 00:04:27 -0400: Memory Usage (448132K) : Starting SG13G2 LVS Comparison with flag_missing_ports
2026-09-01 00:04:27 -0400: Memory Usage (448132K) : ==========================================
2026-09-01 00:04:27 -0400: Memory Usage (448132K) : INFO : Congratulations! Netlists match.
2026-09-01 00:04:27 -0400: Memory Usage (448132K) : ==========================================
2026-09-01 00:04:27 -0400: Memory Usage (448132K) : LVS Total Run time 0.959930 seconds
