# Logfile created on 2026-09-01 00:03:38 -0400 by logger.rb/61378
2026-09-01 00:03:38 -0400: Memory Usage (413884K) : Starting running SG13G2 Klayout LVS runset on /home/noorizad/spicexplorer-workspace/external/pam4-wt/paper-record/report/work/d/dut_pam4.gds
2026-09-01 00:03:38 -0400: Memory Usage (413884K) : Ruby Version for klayout: 2.5.9
2026-09-01 00:03:38 -0400: Memory Usage (413884K) : Loading database to memory is complete.
2026-09-01 00:03:38 -0400: Memory Usage (413884K) : SG13G2 Klayout LVS runset output at: /home/noorizad/spicexplorer-workspace/external/pam4-wt/paper-record/report/work/d/signoff/lvs/dut_pam4.lvsdb
2026-09-01 00:03:38 -0400: Memory Usage (413884K) : Evaluate switches.
2026-09-01 00:03:38 -0400: Memory Usage (413884K) : Extracted netlist with net names: true
2026-09-01 00:03:38 -0400: Memory Usage (413884K) : Extracted netlist with comments in details: false
2026-09-01 00:03:38 -0400: Memory Usage (413884K) : Selected NET_ONLY option: false
2026-09-01 00:03:38 -0400: Memory Usage (413884K) : Selected ALLOW_UNMATCHED_PORTS option: false
2026-09-01 00:03:38 -0400: Memory Usage (413884K) : Selected TOP_LVL_PINS option: false
2026-09-01 00:03:38 -0400: Memory Usage (413884K) : Selected COMBINE DEVICES option: false
2026-09-01 00:03:38 -0400: Memory Usage (413884K) : Selected PURGE option: false
2026-09-01 00:03:38 -0400: Memory Usage (413884K) : Selected PURGE_NETS option: false
2026-09-01 00:03:38 -0400: Memory Usage (413884K) : Selected SIMPLIFY option: true
2026-09-01 00:03:38 -0400: Memory Usage (413884K) : Selected SERIES_RES option: true
2026-09-01 00:03:38 -0400: Memory Usage (413884K) : Selected PARALLEL_RES option: true
2026-09-01 00:03:38 -0400: Memory Usage (413884K) : Verbose mode: false
2026-09-01 00:03:38 -0400: Memory Usage (413884K) : deep  mode is enabled.
2026-09-01 00:03:38 -0400: Memory Usage (413884K) : Netlist file: /home/noorizad/spicexplorer-workspace/external/pam4-wt/paper-record/report/work/d/dut_pam4_lvs.spice
2026-09-01 00:03:38 -0400: Memory Usage (413884K) : LVS extracted netlist at: /home/noorizad/spicexplorer-workspace/external/pam4-wt/paper-record/report/work/d/signoff/lvs/dut_pam4_extracted.cir
2026-09-01 00:03:38 -0400: Memory Usage (413884K) : Read in polygons from layers.
2026-09-01 00:03:38 -0400: Memory Usage (413884K) : activ_drw has 68 polygons
2026-09-01 00:03:38 -0400: Memory Usage (413884K) : activ_filler has 0 polygons
2026-09-01 00:03:38 -0400: Memory Usage (413884K) : activ has 68 polygons
2026-09-01 00:03:38 -0400: Memory Usage (413884K) : activ_pin has 0 polygons
2026-09-01 00:03:38 -0400: Memory Usage (413884K) : activ_mask has 12 polygons
2026-09-01 00:03:38 -0400: Memory Usage (413884K) : activ_nofill has 0 polygons
2026-09-01 00:03:38 -0400: Memory Usage (413884K) : activ_OPC has 0 polygons
2026-09-01 00:03:38 -0400: Memory Usage (413884K) : activ_iOPC has 0 polygons
2026-09-01 00:03:38 -0400: Memory Usage (413884K) : activ_noqrc has 0 polygons
2026-09-01 00:03:38 -0400: Memory Usage (413884K) : biwind_drw has 0 polygons
2026-09-01 00:03:38 -0400: Memory Usage (413884K) : biwind_OPC has 0 polygons
2026-09-01 00:03:38 -0400: Memory Usage (413884K) : gatpoly_drw has 24 polygons
2026-09-01 00:03:38 -0400: Memory Usage (413884K) : gatpoly_filler has 0 polygons
2026-09-01 00:03:38 -0400: Memory Usage (413884K) : gatpoly has 24 polygons
2026-09-01 00:03:38 -0400: Memory Usage (413884K) : gatpoly_pin has 0 polygons
2026-09-01 00:03:38 -0400: Memory Usage (416912K) : gatpoly_nofill has 0 polygons
2026-09-01 00:03:38 -0400: Memory Usage (416912K) : gatpoly_OPC has 0 polygons
2026-09-01 00:03:38 -0400: Memory Usage (416912K) : gatpoly_iOPC has 0 polygons
2026-09-01 00:03:38 -0400: Memory Usage (416912K) : gatpoly_noqrc has 0 polygons
2026-09-01 00:03:38 -0400: Memory Usage (417176K) : cont_drw has 912 polygons
2026-09-01 00:03:38 -0400: Memory Usage (417176K) : cont_OPC has 0 polygons
2026-09-01 00:03:38 -0400: Memory Usage (417176K) : nsd_drw has 0 polygons
2026-09-01 00:03:38 -0400: Memory Usage (417176K) : nsd_block has 24 polygons
2026-09-01 00:03:38 -0400: Memory Usage (417560K) : metal1_drw has 96 polygons
2026-09-01 00:03:38 -0400: Memory Usage (417560K) : metal1_filler has 0 polygons
2026-09-01 00:03:38 -0400: Memory Usage (417560K) : metal1_slit has 0 polygons
2026-09-01 00:03:38 -0400: Memory Usage (417560K) : metal1 has 96 polygons
2026-09-01 00:03:38 -0400: Memory Usage (417560K) : metal1_pin has 48 polygons
2026-09-01 00:03:38 -0400: Memory Usage (418064K) : metal1_mask has 0 polygons
2026-09-01 00:03:38 -0400: Memory Usage (418064K) : metal1_nofill has 0 polygons
2026-09-01 00:03:38 -0400: Memory Usage (418064K) : metal1_text has 6 polygons
2026-09-01 00:03:38 -0400: Memory Usage (418064K) : metal1_OPC has 0 polygons
2026-09-01 00:03:38 -0400: Memory Usage (418064K) : metal1_noqrc has 0 polygons
2026-09-01 00:03:38 -0400: Memory Usage (418064K) : metal1_res has 0 polygons
2026-09-01 00:03:38 -0400: Memory Usage (418064K) : metal1_iprobe has 0 polygons
2026-09-01 00:03:38 -0400: Memory Usage (418064K) : metal1_diffprb has 0 polygons
2026-09-01 00:03:38 -0400: Memory Usage (418508K) : passiv_drw has 0 polygons
2026-09-01 00:03:38 -0400: Memory Usage (418508K) : passiv_pin has 0 polygons
2026-09-01 00:03:38 -0400: Memory Usage (418508K) : passiv_sbump has 0 polygons
2026-09-01 00:03:38 -0400: Memory Usage (418772K) : passiv_pillar has 0 polygons
2026-09-01 00:03:38 -0400: Memory Usage (418772K) : passiv_pdl has 0 polygons
2026-09-01 00:03:38 -0400: Memory Usage (418772K) : metal2_drw has 34 polygons
2026-09-01 00:03:38 -0400: Memory Usage (418772K) : metal2_filler has 0 polygons
2026-09-01 00:03:38 -0400: Memory Usage (419036K) : metal2_slit has 0 polygons
2026-09-01 00:03:38 -0400: Memory Usage (419036K) : metal2 has 34 polygons
2026-09-01 00:03:38 -0400: Memory Usage (419036K) : metal2_pin has 12 polygons
2026-09-01 00:03:38 -0400: Memory Usage (419300K) : metal2_mask has 0 polygons
2026-09-01 00:03:38 -0400: Memory Usage (419300K) : metal2_nofill has 0 polygons
2026-09-01 00:03:38 -0400: Memory Usage (419300K) : metal2_text has 0 polygons
2026-09-01 00:03:38 -0400: Memory Usage (419300K) : metal2_OPC has 0 polygons
2026-09-01 00:03:38 -0400: Memory Usage (419564K) : metal2_noqrc has 0 polygons
2026-09-01 00:03:38 -0400: Memory Usage (419564K) : metal2_res has 0 polygons
2026-09-01 00:03:38 -0400: Memory Usage (419564K) : metal2_iprobe has 0 polygons
2026-09-01 00:03:38 -0400: Memory Usage (419564K) : metal2_diffprb has 0 polygons
2026-09-01 00:03:38 -0400: Memory Usage (419828K) : baspoly_drw has 0 polygons
2026-09-01 00:03:38 -0400: Memory Usage (419828K) : baspoly_pin has 0 polygons
2026-09-01 00:03:38 -0400: Memory Usage (419828K) : psd_drw has 20 polygons
2026-09-01 00:03:38 -0400: Memory Usage (419828K) : nldb_drw has 0 polygons
2026-09-01 00:03:38 -0400: Memory Usage (420092K) : digibnd_drw has 0 polygons
2026-09-01 00:03:38 -0400: Memory Usage (420092K) : via1_drw has 440 polygons
2026-09-01 00:03:38 -0400: Memory Usage (420092K) : backmetal1_drw has 0 polygons
2026-09-01 00:03:38 -0400: Memory Usage (420092K) : backmetal1_pin has 0 polygons
2026-09-01 00:03:38 -0400: Memory Usage (420416K) : backmetal1_mask has 0 polygons
2026-09-01 00:03:38 -0400: Memory Usage (420416K) : backmetal1_filler has 0 polygons
2026-09-01 00:03:38 -0400: Memory Usage (420416K) : backmetal1_nofill has 0 polygons
2026-09-01 00:03:38 -0400: Memory Usage (420416K) : backmetal1_slit has 0 polygons
2026-09-01 00:03:38 -0400: Memory Usage (420416K) : backmetal1_text has 0 polygons
2026-09-01 00:03:38 -0400: Memory Usage (420416K) : backmetal1_OPC has 0 polygons
2026-09-01 00:03:38 -0400: Memory Usage (420416K) : backmetal1_noqrc has 0 polygons
2026-09-01 00:03:38 -0400: Memory Usage (420680K) : backmetal1_res has 0 polygons
2026-09-01 00:03:38 -0400: Memory Usage (420680K) : backmetal1_iprobe has 0 polygons
2026-09-01 00:03:38 -0400: Memory Usage (420680K) : backmetal1_diffprb has 0 polygons
2026-09-01 00:03:38 -0400: Memory Usage (420680K) : backpassiv_drw has 0 polygons
2026-09-01 00:03:38 -0400: Memory Usage (420944K) : res_drw has 12 polygons
2026-09-01 00:03:38 -0400: Memory Usage (420944K) : sram_drw has 0 polygons
2026-09-01 00:03:38 -0400: Memory Usage (420944K) : trans_drw has 12 polygons
2026-09-01 00:03:38 -0400: Memory Usage (420944K) : ind_drw has 0 polygons
2026-09-01 00:03:38 -0400: Memory Usage (421208K) : ind_pin has 0 polygons
2026-09-01 00:03:38 -0400: Memory Usage (421208K) : ind_text has 0 polygons
2026-09-01 00:03:38 -0400: Memory Usage (421208K) : salblock_drw has 0 polygons
2026-09-01 00:03:38 -0400: Memory Usage (421208K) : via2_drw has 184 polygons
2026-09-01 00:03:38 -0400: Memory Usage (421208K) : metal3_drw has 26 polygons
2026-09-01 00:03:38 -0400: Memory Usage (421472K) : metal3_filler has 0 polygons
2026-09-01 00:03:38 -0400: Memory Usage (421472K) : metal3_slit has 0 polygons
2026-09-01 00:03:38 -0400: Memory Usage (421472K) : metal3 has 26 polygons
2026-09-01 00:03:38 -0400: Memory Usage (421736K) : metal3_pin has 0 polygons
2026-09-01 00:03:38 -0400: Memory Usage (421736K) : metal3_mask has 0 polygons
2026-09-01 00:03:38 -0400: Memory Usage (421736K) : metal3_nofill has 0 polygons
2026-09-01 00:03:38 -0400: Memory Usage (421736K) : metal3_text has 0 polygons
2026-09-01 00:03:38 -0400: Memory Usage (422000K) : metal3_OPC has 0 polygons
2026-09-01 00:03:38 -0400: Memory Usage (422000K) : metal3_noqrc has 0 polygons
2026-09-01 00:03:38 -0400: Memory Usage (422000K) : metal3_res has 0 polygons
2026-09-01 00:03:38 -0400: Memory Usage (422000K) : metal3_iprobe has 0 polygons
2026-09-01 00:03:38 -0400: Memory Usage (422264K) : metal3_diffprb has 0 polygons
2026-09-01 00:03:38 -0400: Memory Usage (422264K) : nwell_drw has 0 polygons
2026-09-01 00:03:38 -0400: Memory Usage (422264K) : nwell_pin has 0 polygons
2026-09-01 00:03:38 -0400: Memory Usage (422264K) : nbulay_drw has 0 polygons
2026-09-01 00:03:38 -0400: Memory Usage (422528K) : nbulay_pin has 0 polygons
2026-09-01 00:03:38 -0400: Memory Usage (422528K) : nbulay_block has 0 polygons
2026-09-01 00:03:38 -0400: Memory Usage (422528K) : emwind_drw has 36 polygons
2026-09-01 00:03:38 -0400: Memory Usage (422528K) : emwind_OPC has 0 polygons
2026-09-01 00:03:38 -0400: Memory Usage (422792K) : deepco_drw has 0 polygons
2026-09-01 00:03:38 -0400: Memory Usage (422792K) : mim_drw has 3 polygons
2026-09-01 00:03:38 -0400: Memory Usage (422792K) : edgeseal_drw has 0 polygons
2026-09-01 00:03:38 -0400: Memory Usage (422792K) : substrate_drw has 0 polygons
2026-09-01 00:03:38 -0400: Memory Usage (423056K) : substrate_text has 0 polygons
2026-09-01 00:03:38 -0400: Memory Usage (423056K) : dfpad_drw has 0 polygons
2026-09-01 00:03:38 -0400: Memory Usage (423056K) : dfpad_pillar has 0 polygons
2026-09-01 00:03:38 -0400: Memory Usage (423056K) : dfpad_sbump has 0 polygons
2026-09-01 00:03:38 -0400: Memory Usage (423320K) : thickgateox_drw has 0 polygons
2026-09-01 00:03:38 -0400: Memory Usage (423320K) : pldb_drw has 0 polygons
2026-09-01 00:03:38 -0400: Memory Usage (423320K) : pwell_drw has 0 polygons
2026-09-01 00:03:38 -0400: Memory Usage (423320K) : pwell_pin has 0 polygons
2026-09-01 00:03:38 -0400: Memory Usage (423584K) : pwell_block has 0 polygons
2026-09-01 00:03:38 -0400: Memory Usage (423584K) : ic_drw has 0 polygons
2026-09-01 00:03:38 -0400: Memory Usage (423584K) : via3_drw has 184 polygons
2026-09-01 00:03:38 -0400: Memory Usage (423584K) : metal4_drw has 24 polygons
2026-09-01 00:03:38 -0400: Memory Usage (423848K) : metal4_filler has 0 polygons
2026-09-01 00:03:38 -0400: Memory Usage (423848K) : metal4_slit has 0 polygons
2026-09-01 00:03:38 -0400: Memory Usage (423848K) : metal4 has 24 polygons
2026-09-01 00:03:38 -0400: Memory Usage (424112K) : metal4_pin has 0 polygons
2026-09-01 00:03:38 -0400: Memory Usage (424112K) : metal4_mask has 0 polygons
2026-09-01 00:03:38 -0400: Memory Usage (424112K) : metal4_nofill has 3 polygons
2026-09-01 00:03:38 -0400: Memory Usage (424112K) : metal4_text has 4 polygons
2026-09-01 00:03:38 -0400: Memory Usage (424112K) : metal4_OPC has 0 polygons
2026-09-01 00:03:38 -0400: Memory Usage (424376K) : metal4_noqrc has 0 polygons
2026-09-01 00:03:38 -0400: Memory Usage (424376K) : metal4_res has 0 polygons
2026-09-01 00:03:38 -0400: Memory Usage (424376K) : metal4_iprobe has 0 polygons
2026-09-01 00:03:38 -0400: Memory Usage (424640K) : metal4_diffprb has 0 polygons
2026-09-01 00:03:38 -0400: Memory Usage (424640K) : heattrans_drw has 0 polygons
2026-09-01 00:03:38 -0400: Memory Usage (424640K) : heatres_drw has 12 polygons
2026-09-01 00:03:38 -0400: Memory Usage (424640K) : fbe_drw has 0 polygons
2026-09-01 00:03:38 -0400: Memory Usage (424904K) : empoly_drw has 0 polygons
2026-09-01 00:03:38 -0400: Memory Usage (424904K) : digisub_drw has 0 polygons
2026-09-01 00:03:38 -0400: Memory Usage (424904K) : text_drw has 72 polygons
2026-09-01 00:03:38 -0400: Memory Usage (424904K) : via4_drw has 144 polygons
2026-09-01 00:03:38 -0400: Memory Usage (425168K) : metal5_drw has 16 polygons
2026-09-01 00:03:38 -0400: Memory Usage (425168K) : metal5_filler has 0 polygons
2026-09-01 00:03:38 -0400: Memory Usage (425168K) : metal5_slit has 0 polygons
2026-09-01 00:03:38 -0400: Memory Usage (425432K) : metal5 has 16 polygons
2026-09-01 00:03:38 -0400: Memory Usage (425432K) : metal5_pin has 3 polygons
2026-09-01 00:03:38 -0400: Memory Usage (425432K) : metal5_mask has 0 polygons
2026-09-01 00:03:38 -0400: Memory Usage (425432K) : metal5_nofill has 3 polygons
2026-09-01 00:03:38 -0400: Memory Usage (425696K) : metal5_text has 0 polygons
2026-09-01 00:03:38 -0400: Memory Usage (425696K) : metal5_OPC has 0 polygons
2026-09-01 00:03:38 -0400: Memory Usage (425696K) : metal5_noqrc has 0 polygons
2026-09-01 00:03:38 -0400: Memory Usage (425696K) : metal5_res has 0 polygons
2026-09-01 00:03:38 -0400: Memory Usage (425960K) : metal5_iprobe has 0 polygons
2026-09-01 00:03:38 -0400: Memory Usage (425960K) : metal5_diffprb has 0 polygons
2026-09-01 00:03:38 -0400: Memory Usage (425960K) : radhard_drw has 0 polygons
2026-09-01 00:03:38 -0400: Memory Usage (425960K) : memcap_drw has 3 polygons
2026-09-01 00:03:38 -0400: Memory Usage (426224K) : varicap_drw has 0 polygons
2026-09-01 00:03:38 -0400: Memory Usage (426224K) : intbondvia_drw has 0 polygons
2026-09-01 00:03:38 -0400: Memory Usage (426224K) : intbondmet_drw has 0 polygons
2026-09-01 00:03:38 -0400: Memory Usage (426224K) : devbondvia_drw has 0 polygons
2026-09-01 00:03:38 -0400: Memory Usage (426488K) : devbondmet_drw has 0 polygons
2026-09-01 00:03:38 -0400: Memory Usage (426488K) : devtrench_drw has 0 polygons
2026-09-01 00:03:38 -0400: Memory Usage (426488K) : redist_drw has 0 polygons
2026-09-01 00:03:38 -0400: Memory Usage (426752K) : graphbot_drw has 0 polygons
2026-09-01 00:03:38 -0400: Memory Usage (426752K) : graphtop_drw has 0 polygons
2026-09-01 00:03:38 -0400: Memory Usage (426752K) : antvia1_drw has 0 polygons
2026-09-01 00:03:38 -0400: Memory Usage (426752K) : antmetal2_drw has 0 polygons
2026-09-01 00:03:38 -0400: Memory Usage (426752K) : graphcont_drw has 0 polygons
2026-09-01 00:03:38 -0400: Memory Usage (426752K) : siwg_drw has 0 polygons
2026-09-01 00:03:38 -0400: Memory Usage (427016K) : siwg_filler has 0 polygons
2026-09-01 00:03:38 -0400: Memory Usage (427016K) : siwg_nofill has 0 polygons
2026-09-01 00:03:38 -0400: Memory Usage (427016K) : sigrating_drw has 0 polygons
2026-09-01 00:03:38 -0400: Memory Usage (427016K) : singrating_drw has 0 polygons
2026-09-01 00:03:38 -0400: Memory Usage (427280K) : graphpas_drw has 0 polygons
2026-09-01 00:03:38 -0400: Memory Usage (427280K) : emwind3_drw has 0 polygons
2026-09-01 00:03:38 -0400: Memory Usage (427280K) : emwihv3_drw has 0 polygons
2026-09-01 00:03:38 -0400: Memory Usage (427280K) : redbulay_drw has 0 polygons
2026-09-01 00:03:38 -0400: Memory Usage (427544K) : smos_drw has 0 polygons
2026-09-01 00:03:38 -0400: Memory Usage (427544K) : graphpad_drw has 0 polygons
2026-09-01 00:03:38 -0400: Memory Usage (427544K) : polimide_drw has 0 polygons
2026-09-01 00:03:38 -0400: Memory Usage (427544K) : polimide_pin has 0 polygons
2026-09-01 00:03:38 -0400: Memory Usage (427808K) : recog_drw has 0 polygons
2026-09-01 00:03:38 -0400: Memory Usage (427808K) : recog_pin has 0 polygons
2026-09-01 00:03:38 -0400: Memory Usage (427808K) : recog_esd has 0 polygons
2026-09-01 00:03:38 -0400: Memory Usage (427808K) : recog_diode has 0 polygons
2026-09-01 00:03:38 -0400: Memory Usage (428072K) : recog_tsv has 0 polygons
2026-09-01 00:03:38 -0400: Memory Usage (428072K) : recog_iprobe has 0 polygons
2026-09-01 00:03:38 -0400: Memory Usage (428072K) : recog_diffprb has 0 polygons
2026-09-01 00:03:38 -0400: Memory Usage (428072K) : recog_pillar has 0 polygons
2026-09-01 00:03:38 -0400: Memory Usage (428336K) : recog_sbump has 0 polygons
2026-09-01 00:03:38 -0400: Memory Usage (428336K) : recog_otp has 0 polygons
2026-09-01 00:03:38 -0400: Memory Usage (428336K) : recog_pdiode has 0 polygons
2026-09-01 00:03:38 -0400: Memory Usage (428336K) : recog_mom has 0 polygons
2026-09-01 00:03:38 -0400: Memory Usage (428600K) : recog_pcm has 0 polygons
2026-09-01 00:03:38 -0400: Memory Usage (428600K) : colopen_drw has 0 polygons
2026-09-01 00:03:38 -0400: Memory Usage (428600K) : graphmetal1_drw has 0 polygons
2026-09-01 00:03:38 -0400: Memory Usage (428600K) : graphmetal1_filler has 0 polygons
2026-09-01 00:03:38 -0400: Memory Usage (428600K) : graphmetal1_nofill has 0 polygons
2026-09-01 00:03:38 -0400: Memory Usage (428864K) : graphmetal1_slit has 0 polygons
2026-09-01 00:03:38 -0400: Memory Usage (428864K) : graphmetal1_OPC has 0 polygons
2026-09-01 00:03:38 -0400: Memory Usage (428864K) : graphmet1l_drw has 0 polygons
2026-09-01 00:03:38 -0400: Memory Usage (429128K) : graphmet1l_filler has 0 polygons
2026-09-01 00:03:38 -0400: Memory Usage (429128K) : graphmet1l_nofill has 0 polygons
2026-09-01 00:03:38 -0400: Memory Usage (429128K) : graphmet1l_slit has 0 polygons
2026-09-01 00:03:38 -0400: Memory Usage (429128K) : graphmet1l_OPC has 0 polygons
2026-09-01 00:03:38 -0400: Memory Usage (429392K) : extblock_drw has 12 polygons
2026-09-01 00:03:38 -0400: Memory Usage (429392K) : nldd_drw has 0 polygons
2026-09-01 00:03:38 -0400: Memory Usage (429392K) : pldd_drw has 0 polygons
2026-09-01 00:03:38 -0400: Memory Usage (429392K) : next_drw has 0 polygons
2026-09-01 00:03:38 -0400: Memory Usage (429656K) : pext_drw has 0 polygons
2026-09-01 00:03:38 -0400: Memory Usage (429656K) : nexthv_drw has 0 polygons
2026-09-01 00:03:38 -0400: Memory Usage (429656K) : pexthv_drw has 0 polygons
2026-09-01 00:03:38 -0400: Memory Usage (429656K) : graphgate_drw has 0 polygons
2026-09-01 00:03:38 -0400: Memory Usage (429920K) : sinwg_drw has 0 polygons
2026-09-01 00:03:38 -0400: Memory Usage (429920K) : sinwg_filler has 0 polygons
2026-09-01 00:03:38 -0400: Memory Usage (429920K) : sinwg_nofill has 0 polygons
2026-09-01 00:03:38 -0400: Memory Usage (429920K) : mempad_drw has 0 polygons
2026-09-01 00:03:38 -0400: Memory Usage (430184K) : topvia1_drw has 13 polygons
2026-09-01 00:03:38 -0400: Memory Usage (430184K) : topmetal1_drw has 10 polygons
2026-09-01 00:03:38 -0400: Memory Usage (430184K) : topmetal1_filler has 0 polygons
2026-09-01 00:03:38 -0400: Memory Usage (430184K) : topmetal1_slit has 0 polygons
2026-09-01 00:03:38 -0400: Memory Usage (430448K) : topmetal1 has 10 polygons
2026-09-01 00:03:38 -0400: Memory Usage (430448K) : topmetal1_pin has 3 polygons
2026-09-01 00:03:38 -0400: Memory Usage (430448K) : topmetal1_mask has 0 polygons
2026-09-01 00:03:38 -0400: Memory Usage (430712K) : topmetal1_nofill has 3 polygons
2026-09-01 00:03:38 -0400: Memory Usage (430712K) : topmetal1_text has 1 polygons
2026-09-01 00:03:38 -0400: Memory Usage (430712K) : topmetal1_noqrc has 0 polygons
2026-09-01 00:03:38 -0400: Memory Usage (430712K) : topmetal1_res has 0 polygons
2026-09-01 00:03:38 -0400: Memory Usage (430976K) : topmetal1_iprobe has 0 polygons
2026-09-01 00:03:38 -0400: Memory Usage (430976K) : topmetal1_diffprb has 0 polygons
2026-09-01 00:03:38 -0400: Memory Usage (430976K) : inldpwl_drw has 0 polygons
2026-09-01 00:03:38 -0400: Memory Usage (430976K) : polyres_drw has 12 polygons
2026-09-01 00:03:38 -0400: Memory Usage (430976K) : polyres_pin has 0 polygons
2026-09-01 00:03:38 -0400: Memory Usage (431240K) : vmim_drw has 12 polygons
2026-09-01 00:03:38 -0400: Memory Usage (431240K) : nbulaycut_drw has 0 polygons
2026-09-01 00:03:38 -0400: Memory Usage (431240K) : antmetal1_drw has 0 polygons
2026-09-01 00:03:38 -0400: Memory Usage (431240K) : topvia2_drw has 6 polygons
2026-09-01 00:03:38 -0400: Memory Usage (431504K) : topmetal2_drw has 2 polygons
2026-09-01 00:03:38 -0400: Memory Usage (431504K) : topmetal2_filler has 0 polygons
2026-09-01 00:03:38 -0400: Memory Usage (431504K) : topmetal2_slit has 0 polygons
2026-09-01 00:03:38 -0400: Memory Usage (431504K) : topmetal2 has 2 polygons
2026-09-01 00:03:38 -0400: Memory Usage (431768K) : topmetal2_pin has 0 polygons
2026-09-01 00:03:38 -0400: Memory Usage (431768K) : topmetal2_mask has 0 polygons
2026-09-01 00:03:38 -0400: Memory Usage (431768K) : topmetal2_nofill has 3 polygons
2026-09-01 00:03:38 -0400: Memory Usage (431768K) : topmetal2_text has 2 polygons
2026-09-01 00:03:38 -0400: Memory Usage (431768K) : topmetal2_noqrc has 0 polygons
2026-09-01 00:03:38 -0400: Memory Usage (432032K) : topmetal2_res has 0 polygons
2026-09-01 00:03:38 -0400: Memory Usage (432032K) : topmetal2_iprobe has 0 polygons
2026-09-01 00:03:38 -0400: Memory Usage (432032K) : topmetal2_diffprb has 0 polygons
2026-09-01 00:03:38 -0400: Memory Usage (432032K) : snsring_drw has 0 polygons
2026-09-01 00:03:38 -0400: Memory Usage (432296K) : sensor_drw has 0 polygons
2026-09-01 00:03:38 -0400: Memory Usage (432296K) : snsarms_drw has 0 polygons
2026-09-01 00:03:38 -0400: Memory Usage (432296K) : snscmosvia_drw has 0 polygons
2026-09-01 00:03:38 -0400: Memory Usage (432296K) : colwind_drw has 0 polygons
2026-09-01 00:03:38 -0400: Memory Usage (432560K) : flm_drw has 0 polygons
2026-09-01 00:03:38 -0400: Memory Usage (432560K) : hafniumox_drw has 0 polygons
2026-09-01 00:03:38 -0400: Memory Usage (432560K) : memvia_drw has 0 polygons
2026-09-01 00:03:38 -0400: Memory Usage (432560K) : thinfilmres_drw has 0 polygons
2026-09-01 00:03:38 -0400: Memory Usage (432824K) : rfmem_drw has 0 polygons
2026-09-01 00:03:38 -0400: Memory Usage (432824K) : norcx_drw has 0 polygons
2026-09-01 00:03:38 -0400: Memory Usage (432824K) : norcx_m2m3 has 0 polygons
2026-09-01 00:03:38 -0400: Memory Usage (432824K) : norcx_m2m4 has 0 polygons
2026-09-01 00:03:38 -0400: Memory Usage (433088K) : norcx_m2m5 has 0 polygons
2026-09-01 00:03:38 -0400: Memory Usage (433088K) : norcx_m2tm1 has 0 polygons
2026-09-01 00:03:38 -0400: Memory Usage (433088K) : norcx_m2tm2 has 0 polygons
2026-09-01 00:03:38 -0400: Memory Usage (433088K) : norcx_m3m4 has 0 polygons
2026-09-01 00:03:38 -0400: Memory Usage (433352K) : norcx_m3m5 has 0 polygons
2026-09-01 00:03:38 -0400: Memory Usage (433352K) : norcx_m3tm1 has 0 polygons
2026-09-01 00:03:38 -0400: Memory Usage (433352K) : norcx_m3tm2 has 0 polygons
2026-09-01 00:03:38 -0400: Memory Usage (433352K) : norcx_m4m5 has 0 polygons
2026-09-01 00:03:38 -0400: Memory Usage (433616K) : norcx_m4tm1 has 0 polygons
2026-09-01 00:03:38 -0400: Memory Usage (433616K) : norcx_m4tm2 has 0 polygons
2026-09-01 00:03:38 -0400: Memory Usage (433616K) : norcx_m5tm1 has 0 polygons
2026-09-01 00:03:38 -0400: Memory Usage (433616K) : norcx_m5tm2 has 0 polygons
2026-09-01 00:03:38 -0400: Memory Usage (433616K) : norcx_tm1tm2 has 0 polygons
2026-09-01 00:03:38 -0400: Memory Usage (433616K) : norcx_m1sub has 0 polygons
2026-09-01 00:03:38 -0400: Memory Usage (433616K) : norcx_m2sub has 0 polygons
2026-09-01 00:03:38 -0400: Memory Usage (433616K) : norcx_m3sub has 0 polygons
2026-09-01 00:03:38 -0400: Memory Usage (433616K) : norcx_m4sub has 0 polygons
2026-09-01 00:03:38 -0400: Memory Usage (433616K) : norcx_m5sub has 0 polygons
2026-09-01 00:03:38 -0400: Memory Usage (433616K) : norcx_tm1sub has 0 polygons
2026-09-01 00:03:38 -0400: Memory Usage (433616K) : norcx_tm2sub has 0 polygons
2026-09-01 00:03:38 -0400: Memory Usage (433616K) : snsbotvia_drw has 0 polygons
2026-09-01 00:03:38 -0400: Memory Usage (433616K) : snstopvia_drw has 0 polygons
2026-09-01 00:03:38 -0400: Memory Usage (433616K) : deepvia_drw has 0 polygons
2026-09-01 00:03:38 -0400: Memory Usage (433616K) : fgetch_drw has 0 polygons
2026-09-01 00:03:38 -0400: Memory Usage (433616K) : ctrgat_drw has 0 polygons
2026-09-01 00:03:38 -0400: Memory Usage (433616K) : fgimp_drw has 0 polygons
2026-09-01 00:03:38 -0400: Memory Usage (433616K) : emwihv_drw has 0 polygons
2026-09-01 00:03:38 -0400: Memory Usage (433616K) : lbe_drw has 0 polygons
2026-09-01 00:03:38 -0400: Memory Usage (433616K) : alcustop_drw has 0 polygons
2026-09-01 00:03:38 -0400: Memory Usage (433616K) : nometfiller_drw has 0 polygons
2026-09-01 00:03:38 -0400: Memory Usage (433616K) : prboundary_drw has 0 polygons
2026-09-01 00:03:38 -0400: Memory Usage (433616K) : exchange0_drw has 0 polygons
2026-09-01 00:03:38 -0400: Memory Usage (433616K) : exchange0_pin has 0 polygons
2026-09-01 00:03:38 -0400: Memory Usage (433616K) : exchange0_text has 0 polygons
2026-09-01 00:03:38 -0400: Memory Usage (433616K) : exchange1_drw has 0 polygons
2026-09-01 00:03:38 -0400: Memory Usage (433616K) : exchange1_pin has 0 polygons
2026-09-01 00:03:38 -0400: Memory Usage (433616K) : exchange1_text has 0 polygons
2026-09-01 00:03:38 -0400: Memory Usage (433616K) : exchange2_drw has 0 polygons
2026-09-01 00:03:38 -0400: Memory Usage (433616K) : exchange2_pin has 0 polygons
2026-09-01 00:03:38 -0400: Memory Usage (433616K) : exchange2_text has 0 polygons
2026-09-01 00:03:38 -0400: Memory Usage (433616K) : exchange3_drw has 0 polygons
2026-09-01 00:03:38 -0400: Memory Usage (433616K) : exchange3_pin has 0 polygons
2026-09-01 00:03:38 -0400: Memory Usage (433616K) : exchange3_text has 0 polygons
2026-09-01 00:03:38 -0400: Memory Usage (433880K) : exchange4_drw has 0 polygons
2026-09-01 00:03:38 -0400: Memory Usage (433880K) : exchange4_pin has 0 polygons
2026-09-01 00:03:38 -0400: Memory Usage (433880K) : exchange4_text has 0 polygons
2026-09-01 00:03:38 -0400: Memory Usage (433880K) : isonwell_drw has 0 polygons
2026-09-01 00:03:38 -0400: Memory Usage (433880K) : Total no. of polygons in the design is 2516
2026-09-01 00:03:38 -0400: Memory Usage (433880K) : Starting SG13G2 LVS runset
2026-09-01 00:03:38 -0400: Memory Usage (433880K) : Starting base layers derivations
2026-09-01 00:03:38 -0400: Memory Usage (433880K) : Starting general LVS derivations
2026-09-01 00:03:38 -0400: Memory Usage (440036K) : Starting MOSFET DERIVATIONS
2026-09-01 00:03:38 -0400: Memory Usage (442416K) : Starting NMOS DERIVATIONS
2026-09-01 00:03:38 -0400: Memory Usage (442680K) : Starting PMOS DERIVATIONS
2026-09-01 00:03:38 -0400: Memory Usage (442944K) : Starting RF-MOSFET DERIVATIONS
2026-09-01 00:03:38 -0400: Memory Usage (442944K) : Starting RF-NMOS DERIVATIONS
2026-09-01 00:03:38 -0400: Memory Usage (443208K) : Starting RF-PMOS DERIVATIONS
2026-09-01 00:03:38 -0400: Memory Usage (443208K) : Starting BJT DERIVATIONS
2026-09-01 00:03:38 -0400: Memory Usage (443208K) : Starting NPN-BJT DERIVATIONS
2026-09-01 00:03:38 -0400: Memory Usage (436584K) : Starting PNP-BJT DERIVATIONS
2026-09-01 00:03:38 -0400: Memory Usage (436584K) : Starting DIODE DERIVATIONS
2026-09-01 00:03:38 -0400: Memory Usage (436584K) : Starting RESISTOR DERIVATIONS
2026-09-01 00:03:38 -0400: Memory Usage (436648K) : Starting CAP DERIVATIONS
2026-09-01 00:03:39 -0400: Memory Usage (436648K) : Starting ESD DERIVATIONS
2026-09-01 00:03:39 -0400: Memory Usage (438528K) : Starting Inductor DERIVATIONS
2026-09-01 00:03:39 -0400: Memory Usage (442484K) : Starting Taps DERIVATIONS
2026-09-01 00:03:39 -0400: Memory Usage (443540K) : Starting SG13G2 LVS connectivity setup
2026-09-01 00:03:39 -0400: Memory Usage (443540K) : Starting SG13G2 LVS connectivity setup (Inter-layer)
2026-09-01 00:03:39 -0400: Memory Usage (443540K) : Starting SG13G2 LVS connectivity setup (Global)
2026-09-01 00:03:39 -0400: Memory Usage (443540K) : Starting LVS MOSFET CONNECTIONS
2026-09-01 00:03:39 -0400: Memory Usage (443540K) : Starting LVS RF-MOSFET CONNECTIONS
2026-09-01 00:03:39 -0400: Memory Usage (443540K) : Starting LVS BJT CONNECTIONS
2026-09-01 00:03:39 -0400: Memory Usage (443540K) : Starting LVS DIODE CONNECTIONS
2026-09-01 00:03:39 -0400: Memory Usage (443540K) : Starting RESISTOR CONNECTIONS
2026-09-01 00:03:39 -0400: Memory Usage (443540K) : Starting LVS CAP CONNECTIONS
2026-09-01 00:03:39 -0400: Memory Usage (443540K) : Starting ESD CONNECTIONS
2026-09-01 00:03:39 -0400: Memory Usage (443540K) : Starting Inductor CONNECTIONS
2026-09-01 00:03:39 -0400: Memory Usage (443540K) : Starting LVS Taps CONNECTIONS
2026-09-01 00:03:39 -0400: Memory Usage (443540K) : Starting SG13G2 LVS DEVICES EXTRACTION
2026-09-01 00:03:39 -0400: Memory Usage (443540K) : Starting MOSFET EXTRACTION
2026-09-01 00:03:39 -0400: Memory Usage (443540K) : Starting NMOS EXTRACTION
2026-09-01 00:03:39 -0400: Memory Usage (443540K) : Extraction of NMOS-LV transistor
2026-09-01 00:03:39 -0400: Memory Usage (443920K) : Extraction of NMOS-HV transistor
2026-09-01 00:03:39 -0400: Memory Usage (443920K) : Starting PMOS EXTRACTION
2026-09-01 00:03:39 -0400: Memory Usage (443920K) : Extraction of PMOS-LV transistor
2026-09-01 00:03:39 -0400: Memory Usage (443920K) : Extraction of PMOS-HV transistor
2026-09-01 00:03:39 -0400: Memory Usage (443920K) : Starting RF-MOSFET EXTRACTION
2026-09-01 00:03:39 -0400: Memory Usage (443920K) : Extraction of RF-NMOS-LV transistor
2026-09-01 00:03:39 -0400: Memory Usage (444184K) : Extraction of RF-NMOS-HV transistor
2026-09-01 00:03:39 -0400: Memory Usage (444184K) : Extraction of RF-PMOS-LV transistor
2026-09-01 00:03:39 -0400: Memory Usage (444184K) : Extraction of RF-PMOS-HV transistor
2026-09-01 00:03:39 -0400: Memory Usage (444184K) : Starting BJT EXTRACTION
2026-09-01 00:03:39 -0400: Memory Usage (444184K) : Starting NPN-BJT EXTRACTION
2026-09-01 00:03:39 -0400: Memory Usage (444184K) : Extraction of npn13G2 BJT transistor
2026-09-01 00:03:39 -0400: Memory Usage (444184K) : Extraction of npn13G2L BJT transistor
2026-09-01 00:03:39 -0400: Memory Usage (444568K) : Extraction of npn13G2V BJT transistor
2026-09-01 00:03:39 -0400: Memory Usage (444568K) : Starting PNP-BJT EXTRACTION
2026-09-01 00:03:39 -0400: Memory Usage (444568K) : Extracting pnpMPA BJT
2026-09-01 00:03:39 -0400: Memory Usage (444832K) : Starting DIODE EXTRACTION
2026-09-01 00:03:39 -0400: Memory Usage (444832K) : Extracting dantenna diode
2026-09-01 00:03:39 -0400: Memory Usage (444832K) : Extracting dpantenna diode
2026-09-01 00:03:39 -0400: Memory Usage (444832K) : Extracting schottky_nbl1 diode
2026-09-01 00:03:39 -0400: Memory Usage (444832K) : Starting RESISTOR EXTRACTION
2026-09-01 00:03:39 -0400: Memory Usage (444832K) : Extracting rsil resistor
2026-09-01 00:03:39 -0400: Memory Usage (445228K) : Extracting rppd resistor
2026-09-01 00:03:39 -0400: Memory Usage (445492K) : Extracting rhigh resistor
2026-09-01 00:03:39 -0400: Memory Usage (445492K) : Extracting res_metal1 resistor
2026-09-01 00:03:39 -0400: Memory Usage (445756K) : Extracting res_metal2 resistor
2026-09-01 00:03:39 -0400: Memory Usage (445756K) : Extracting res_metal3 resistor
2026-09-01 00:03:39 -0400: Memory Usage (445756K) : Extracting res_metal4 resistor
2026-09-01 00:03:39 -0400: Memory Usage (445756K) : Extracting res_metal5 resistor
2026-09-01 00:03:39 -0400: Memory Usage (446080K) : Extracting res_topmetal1 resistor
2026-09-01 00:03:39 -0400: Memory Usage (446080K) : Extracting res_topmetal2 resistor
2026-09-01 00:03:39 -0400: Memory Usage (446080K) : Starting CAP EXTRACTION
2026-09-01 00:03:39 -0400: Memory Usage (446080K) : Extracting cap_cmim device
2026-09-01 00:03:39 -0400: Memory Usage (446080K) : Extracting rfcmim device
2026-09-01 00:03:39 -0400: Memory Usage (446344K) : Extracting sg13_hv_svaricap varactor
2026-09-01 00:03:39 -0400: Memory Usage (446344K) : Starting ESD EXTRACTION
2026-09-01 00:03:39 -0400: Memory Usage (446344K) : Extracting diodevdd_2kv ESD device
2026-09-01 00:03:39 -0400: Memory Usage (446608K) : Extracting diodevdd_4kv ESD device
2026-09-01 00:03:39 -0400: Memory Usage (446608K) : Extracting diodevss_2kv ESD device
2026-09-01 00:03:39 -0400: Memory Usage (446872K) : Extracting diodevss_4kv ESD device
2026-09-01 00:03:39 -0400: Memory Usage (446872K) : Extracting idiodevdd_2kv ESD device
2026-09-01 00:03:39 -0400: Memory Usage (447136K) : Extracting idiodevdd_4kv ESD device
2026-09-01 00:03:39 -0400: Memory Usage (447400K) : Extracting idiodevss_2kv ESD device
2026-09-01 00:03:39 -0400: Memory Usage (447400K) : Extracting idiodevss_4kv ESD device
2026-09-01 00:03:39 -0400: Memory Usage (447664K) : Extracting nmoscl_2 ESD device
2026-09-01 00:03:39 -0400: Memory Usage (447664K) : Extracting nmoscl_4 ESD device
2026-09-01 00:03:39 -0400: Memory Usage (447928K) : Starting Inductor EXTRACTION
2026-09-01 00:03:39 -0400: Memory Usage (447928K) : Extracting Inductor2 device
2026-09-01 00:03:39 -0400: Memory Usage (447928K) : Extracting Inductor3 device
2026-09-01 00:03:39 -0400: Memory Usage (447928K) : Starting Taps EXTRACTION
2026-09-01 00:03:39 -0400: Memory Usage (447928K) : Extracting ntap1 device
2026-09-01 00:03:39 -0400: Memory Usage (448192K) : Extracting ptap1 device
2026-09-01 00:03:39 -0400: Memory Usage (448192K) : Starting SG13G2 LVS Options Preparations
2026-09-01 00:03:39 -0400: Memory Usage (448192K) : Starting SG13G2 LVS Alignment
2026-09-01 00:03:39 -0400: Memory Usage (448192K) : Starting SG13G2 LVS Simplification
2026-09-01 00:03:39 -0400: Memory Usage (448192K) : Starting SG13G2 LVS Comparison with flag_missing_ports
2026-09-01 00:03:39 -0400: Memory Usage (448192K) : ==========================================
2026-09-01 00:03:39 -0400: Memory Usage (448192K) : INFO : Congratulations! Netlists match.
2026-09-01 00:03:39 -0400: Memory Usage (448192K) : ==========================================
2026-09-01 00:03:39 -0400: Memory Usage (448192K) : LVS Total Run time 0.959241 seconds
