# Logfile created on 2026-09-01 00:03:24 -0400 by logger.rb/61378
2026-09-01 00:03:24 -0400: Memory Usage (413984K) : Starting running IHP-SG13G2 Klayout DRC runset on /home/noorizad/spicexplorer-workspace/external/pam4-wt/paper-record/report/work/d/dut_pam4.gds
2026-09-01 00:03:24 -0400: Memory Usage (413984K) : Ruby Version for klayout: 2.5.9
2026-09-01 00:03:24 -0400: Memory Usage (413984K) : Loading database to memory is complete.
2026-09-01 00:03:24 -0400: Memory Usage (413984K) : IHP-SG13G2 Klayout DRC runset output at: /home/noorizad/spicexplorer-workspace/external/pam4-wt/paper-record/report/work/d/signoff/drc/dut_pam4_pam4drv_pam4_lay_main.lyrdb
2026-09-01 00:03:24 -0400: Memory Usage (413984K) : Evaluate switches.
2026-09-01 00:03:24 -0400: Memory Usage (413984K) : table_name selected  main
2026-09-01 00:03:24 -0400: Memory Usage (413984K) : Klayout will use 128 thread(s)
2026-09-01 00:03:24 -0400: Memory Usage (413984K) : deep mode is enabled for main table.
2026-09-01 00:03:24 -0400: Memory Usage (413984K) : FEOL enabled: true
2026-09-01 00:03:24 -0400: Memory Usage (413984K) : BEOL enabled: true
2026-09-01 00:03:24 -0400: Memory Usage (413984K) : OffGrid enabled: true
2026-09-01 00:03:24 -0400: Memory Usage (413984K) : PreCheck DRC enabled: false
2026-09-01 00:03:24 -0400: Memory Usage (413984K) : CONNECTIVITY_RULES enabled: true for table main
2026-09-01 00:03:24 -0400: Memory Usage (413984K) : Read in polygons from layers.
2026-09-01 00:03:24 -0400: Memory Usage (413984K) : activ_drw has 68 polygons
2026-09-01 00:03:24 -0400: Memory Usage (413984K) : activ_pin has 0 polygons
2026-09-01 00:03:24 -0400: Memory Usage (413984K) : activ_mask has 12 polygons
2026-09-01 00:03:24 -0400: Memory Usage (413984K) : activ_filler has 0 polygons
2026-09-01 00:03:24 -0400: Memory Usage (413984K) : activ_nofill has 0 polygons
2026-09-01 00:03:24 -0400: Memory Usage (413984K) : activ_opc has 0 polygons
2026-09-01 00:03:24 -0400: Memory Usage (413984K) : activ_iopc has 0 polygons
2026-09-01 00:03:24 -0400: Memory Usage (413984K) : activ_noqrc has 0 polygons
2026-09-01 00:03:24 -0400: Memory Usage (413984K) : biwind_drw has 0 polygons
2026-09-01 00:03:24 -0400: Memory Usage (413984K) : biwind_opc has 0 polygons
2026-09-01 00:03:24 -0400: Memory Usage (413984K) : pemwind_drw has 0 polygons
2026-09-01 00:03:24 -0400: Memory Usage (413984K) : gatpoly_drw has 24 polygons
2026-09-01 00:03:24 -0400: Memory Usage (413984K) : gatpoly_pin has 0 polygons
2026-09-01 00:03:24 -0400: Memory Usage (413984K) : gatpoly_filler has 0 polygons
2026-09-01 00:03:24 -0400: Memory Usage (413984K) : gatpoly_nofill has 0 polygons
2026-09-01 00:03:24 -0400: Memory Usage (413984K) : gatpoly_opc has 0 polygons
2026-09-01 00:03:24 -0400: Memory Usage (413984K) : gatpoly_iopc has 0 polygons
2026-09-01 00:03:24 -0400: Memory Usage (413984K) : gatpoly_noqrc has 0 polygons
2026-09-01 00:03:24 -0400: Memory Usage (413984K) : cont_drw has 912 polygons
2026-09-01 00:03:24 -0400: Memory Usage (413984K) : cont_opc has 0 polygons
2026-09-01 00:03:24 -0400: Memory Usage (413984K) : nsd_drw has 0 polygons
2026-09-01 00:03:24 -0400: Memory Usage (413984K) : nsd_block has 24 polygons
2026-09-01 00:03:24 -0400: Memory Usage (413984K) : metal1_drw has 96 polygons
2026-09-01 00:03:24 -0400: Memory Usage (413984K) : metal1_pin has 48 polygons
2026-09-01 00:03:24 -0400: Memory Usage (416128K) : metal1_mask has 0 polygons
2026-09-01 00:03:24 -0400: Memory Usage (416128K) : metal1_filler has 0 polygons
2026-09-01 00:03:24 -0400: Memory Usage (416128K) : metal1_nofill has 0 polygons
2026-09-01 00:03:24 -0400: Memory Usage (416128K) : metal1_slit has 0 polygons
2026-09-01 00:03:24 -0400: Memory Usage (416128K) : metal1_text has 6 polygons
2026-09-01 00:03:24 -0400: Memory Usage (416128K) : metal1_opc has 0 polygons
2026-09-01 00:03:24 -0400: Memory Usage (416572K) : metal1_noqrc has 0 polygons
2026-09-01 00:03:24 -0400: Memory Usage (416572K) : metal1_res has 0 polygons
2026-09-01 00:03:24 -0400: Memory Usage (416572K) : metal1_iprobe has 0 polygons
2026-09-01 00:03:24 -0400: Memory Usage (416572K) : metal1_diffprb has 0 polygons
2026-09-01 00:03:24 -0400: Memory Usage (416572K) : passiv_drw has 0 polygons
2026-09-01 00:03:24 -0400: Memory Usage (416572K) : passiv_pin has 0 polygons
2026-09-01 00:03:24 -0400: Memory Usage (416836K) : passiv_sbump has 0 polygons
2026-09-01 00:03:24 -0400: Memory Usage (416836K) : passiv_pillar has 0 polygons
2026-09-01 00:03:24 -0400: Memory Usage (416836K) : passiv_pdl has 0 polygons
2026-09-01 00:03:24 -0400: Memory Usage (416836K) : metal2_drw has 34 polygons
2026-09-01 00:03:24 -0400: Memory Usage (416836K) : metal2_pin has 12 polygons
2026-09-01 00:03:24 -0400: Memory Usage (416836K) : metal2_mask has 0 polygons
2026-09-01 00:03:24 -0400: Memory Usage (416836K) : metal2_filler has 0 polygons
2026-09-01 00:03:24 -0400: Memory Usage (416836K) : metal2_nofill has 0 polygons
2026-09-01 00:03:24 -0400: Memory Usage (416836K) : metal2_slit has 0 polygons
2026-09-01 00:03:24 -0400: Memory Usage (416836K) : metal2_text has 0 polygons
2026-09-01 00:03:24 -0400: Memory Usage (416836K) : metal2_opc has 0 polygons
2026-09-01 00:03:24 -0400: Memory Usage (416836K) : metal2_noqrc has 0 polygons
2026-09-01 00:03:24 -0400: Memory Usage (416836K) : metal2_res has 0 polygons
2026-09-01 00:03:24 -0400: Memory Usage (416836K) : metal2_iprobe has 0 polygons
2026-09-01 00:03:24 -0400: Memory Usage (417100K) : metal2_diffprb has 0 polygons
2026-09-01 00:03:24 -0400: Memory Usage (417100K) : baspoly_drw has 0 polygons
2026-09-01 00:03:24 -0400: Memory Usage (417100K) : baspoly_pin has 0 polygons
2026-09-01 00:03:24 -0400: Memory Usage (417100K) : psd_drw has 20 polygons
2026-09-01 00:03:24 -0400: Memory Usage (417100K) : nldb_drw has 0 polygons
2026-09-01 00:03:24 -0400: Memory Usage (417100K) : digibnd_drw has 0 polygons
2026-09-01 00:03:24 -0400: Memory Usage (417364K) : via1_drw has 440 polygons
2026-09-01 00:03:24 -0400: Memory Usage (417364K) : backmetal1_drw has 0 polygons
2026-09-01 00:03:24 -0400: Memory Usage (417364K) : backmetal1_pin has 0 polygons
2026-09-01 00:03:24 -0400: Memory Usage (417364K) : backmetal1_mask has 0 polygons
2026-09-01 00:03:24 -0400: Memory Usage (417364K) : backmetal1_filler has 0 polygons
2026-09-01 00:03:24 -0400: Memory Usage (417364K) : backmetal1_nofill has 0 polygons
2026-09-01 00:03:24 -0400: Memory Usage (417688K) : backmetal1_slit has 0 polygons
2026-09-01 00:03:24 -0400: Memory Usage (417688K) : backmetal1_text has 0 polygons
2026-09-01 00:03:24 -0400: Memory Usage (417688K) : backmetal1_opc has 0 polygons
2026-09-01 00:03:24 -0400: Memory Usage (417688K) : backmetal1_noqrc has 0 polygons
2026-09-01 00:03:24 -0400: Memory Usage (417688K) : backmetal1_res has 0 polygons
2026-09-01 00:03:24 -0400: Memory Usage (417688K) : backmetal1_iprobe has 0 polygons
2026-09-01 00:03:24 -0400: Memory Usage (417952K) : backmetal1_diffprb has 0 polygons
2026-09-01 00:03:24 -0400: Memory Usage (417952K) : backpassiv_drw has 0 polygons
2026-09-01 00:03:24 -0400: Memory Usage (417952K) : res_drw has 12 polygons
2026-09-01 00:03:24 -0400: Memory Usage (417952K) : sram_drw has 0 polygons
2026-09-01 00:03:24 -0400: Memory Usage (417952K) : trans_drw has 12 polygons
2026-09-01 00:03:24 -0400: Memory Usage (417952K) : ind_drw has 0 polygons
2026-09-01 00:03:24 -0400: Memory Usage (418216K) : ind_pin has 0 polygons
2026-09-01 00:03:24 -0400: Memory Usage (418216K) : ind_text has 0 polygons
2026-09-01 00:03:24 -0400: Memory Usage (418216K) : salblock_drw has 0 polygons
2026-09-01 00:03:24 -0400: Memory Usage (418216K) : via2_drw has 184 polygons
2026-09-01 00:03:24 -0400: Memory Usage (418216K) : metal3_drw has 26 polygons
2026-09-01 00:03:24 -0400: Memory Usage (418480K) : metal3_pin has 0 polygons
2026-09-01 00:03:24 -0400: Memory Usage (418480K) : metal3_mask has 0 polygons
2026-09-01 00:03:24 -0400: Memory Usage (418480K) : metal3_filler has 0 polygons
2026-09-01 00:03:24 -0400: Memory Usage (418480K) : metal3_nofill has 0 polygons
2026-09-01 00:03:24 -0400: Memory Usage (418480K) : metal3_slit has 0 polygons
2026-09-01 00:03:24 -0400: Memory Usage (418480K) : metal3_text has 0 polygons
2026-09-01 00:03:24 -0400: Memory Usage (418480K) : metal3_opc has 0 polygons
2026-09-01 00:03:24 -0400: Memory Usage (418480K) : metal3_noqrc has 0 polygons
2026-09-01 00:03:24 -0400: Memory Usage (418480K) : metal3_res has 0 polygons
2026-09-01 00:03:24 -0400: Memory Usage (418480K) : metal3_iprobe has 0 polygons
2026-09-01 00:03:24 -0400: Memory Usage (418744K) : metal3_diffprb has 0 polygons
2026-09-01 00:03:24 -0400: Memory Usage (418744K) : nwell_drw has 0 polygons
2026-09-01 00:03:24 -0400: Memory Usage (418744K) : nwell_pin has 0 polygons
2026-09-01 00:03:24 -0400: Memory Usage (418744K) : nbulay_drw has 0 polygons
2026-09-01 00:03:24 -0400: Memory Usage (418744K) : nbulay_pin has 0 polygons
2026-09-01 00:03:24 -0400: Memory Usage (418744K) : nbulay_block has 0 polygons
2026-09-01 00:03:24 -0400: Memory Usage (418744K) : emwind_drw has 36 polygons
2026-09-01 00:03:24 -0400: Memory Usage (419008K) : emwind_opc has 0 polygons
2026-09-01 00:03:24 -0400: Memory Usage (419008K) : deepco_drw has 0 polygons
2026-09-01 00:03:24 -0400: Memory Usage (419008K) : deepco_drw has 0 polygons
2026-09-01 00:03:24 -0400: Memory Usage (419008K) : mim_drw has 3 polygons
2026-09-01 00:03:24 -0400: Memory Usage (419008K) : edgeseal_drw has 0 polygons
2026-09-01 00:03:24 -0400: Memory Usage (419008K) : edgeseal_bound has 0 polygons
2026-09-01 00:03:24 -0400: Memory Usage (419272K) : substrate_drw has 0 polygons
2026-09-01 00:03:24 -0400: Memory Usage (419272K) : substrate_text has 0 polygons
2026-09-01 00:03:24 -0400: Memory Usage (419272K) : dfpad_drw has 0 polygons
2026-09-01 00:03:24 -0400: Memory Usage (419272K) : dfpad_pillar has 0 polygons
2026-09-01 00:03:24 -0400: Memory Usage (419272K) : dfpad_sbump has 0 polygons
2026-09-01 00:03:24 -0400: Memory Usage (419272K) : thickgateox_drw has 0 polygons
2026-09-01 00:03:24 -0400: Memory Usage (419536K) : pldb_drw has 0 polygons
2026-09-01 00:03:24 -0400: Memory Usage (419536K) : pwell_drw has 0 polygons
2026-09-01 00:03:24 -0400: Memory Usage (419536K) : pwell_pin has 0 polygons
2026-09-01 00:03:24 -0400: Memory Usage (419536K) : pwell_block has 0 polygons
2026-09-01 00:03:24 -0400: Memory Usage (419536K) : ic_drw has 0 polygons
2026-09-01 00:03:24 -0400: Memory Usage (419536K) : via3_drw has 184 polygons
2026-09-01 00:03:24 -0400: Memory Usage (419800K) : metal4_drw has 24 polygons
2026-09-01 00:03:24 -0400: Memory Usage (419800K) : metal4_pin has 0 polygons
2026-09-01 00:03:24 -0400: Memory Usage (419800K) : metal4_mask has 0 polygons
2026-09-01 00:03:24 -0400: Memory Usage (419800K) : metal4_filler has 0 polygons
2026-09-01 00:03:24 -0400: Memory Usage (419800K) : metal4_nofill has 3 polygons
2026-09-01 00:03:24 -0400: Memory Usage (419800K) : metal4_slit has 0 polygons
2026-09-01 00:03:24 -0400: Memory Usage (420064K) : metal4_text has 4 polygons
2026-09-01 00:03:24 -0400: Memory Usage (420064K) : metal4_opc has 0 polygons
2026-09-01 00:03:24 -0400: Memory Usage (420064K) : metal4_noqrc has 0 polygons
2026-09-01 00:03:24 -0400: Memory Usage (420064K) : metal4_res has 0 polygons
2026-09-01 00:03:24 -0400: Memory Usage (420064K) : metal4_iprobe has 0 polygons
2026-09-01 00:03:24 -0400: Memory Usage (420064K) : metal4_diffprb has 0 polygons
2026-09-01 00:03:24 -0400: Memory Usage (420328K) : heattrans_drw has 0 polygons
2026-09-01 00:03:24 -0400: Memory Usage (420328K) : heatres_drw has 12 polygons
2026-09-01 00:03:24 -0400: Memory Usage (420328K) : pempoly_drw has 0 polygons
2026-09-01 00:03:24 -0400: Memory Usage (420328K) : fbe_drw has 0 polygons
2026-09-01 00:03:24 -0400: Memory Usage (420328K) : empoly_drw has 0 polygons
2026-09-01 00:03:24 -0400: Memory Usage (420592K) : ldmos_drw has 0 polygons
2026-09-01 00:03:24 -0400: Memory Usage (420592K) : pbiwind_drw has 0 polygons
2026-09-01 00:03:24 -0400: Memory Usage (420592K) : digisub_drw has 0 polygons
2026-09-01 00:03:24 -0400: Memory Usage (420592K) : nodrc_drw has 0 polygons
2026-09-01 00:03:24 -0400: Memory Usage (420592K) : text_drw has 72 polygons
2026-09-01 00:03:24 -0400: Memory Usage (420592K) : via4_drw has 144 polygons
2026-09-01 00:03:24 -0400: Memory Usage (420856K) : metal5_drw has 16 polygons
2026-09-01 00:03:24 -0400: Memory Usage (420856K) : metal5_pin has 3 polygons
2026-09-01 00:03:24 -0400: Memory Usage (420856K) : metal5_mask has 0 polygons
2026-09-01 00:03:24 -0400: Memory Usage (420856K) : metal5_filler has 0 polygons
2026-09-01 00:03:24 -0400: Memory Usage (420856K) : metal5_nofill has 3 polygons
2026-09-01 00:03:24 -0400: Memory Usage (420856K) : metal5_slit has 0 polygons
2026-09-01 00:03:24 -0400: Memory Usage (421120K) : metal5_text has 0 polygons
2026-09-01 00:03:24 -0400: Memory Usage (421120K) : metal5_opc has 0 polygons
2026-09-01 00:03:24 -0400: Memory Usage (421120K) : metal5_noqrc has 0 polygons
2026-09-01 00:03:24 -0400: Memory Usage (421120K) : metal5_res has 0 polygons
2026-09-01 00:03:24 -0400: Memory Usage (421120K) : metal5_iprobe has 0 polygons
2026-09-01 00:03:24 -0400: Memory Usage (421120K) : metal5_diffprb has 0 polygons
2026-09-01 00:03:24 -0400: Memory Usage (421384K) : radhard_drw has 0 polygons
2026-09-01 00:03:24 -0400: Memory Usage (421384K) : memcap_drw has 3 polygons
2026-09-01 00:03:24 -0400: Memory Usage (421384K) : varicap_drw has 0 polygons
2026-09-01 00:03:24 -0400: Memory Usage (421384K) : flash_drw has 0 polygons
2026-09-01 00:03:24 -0400: Memory Usage (421384K) : intbondvia_drw has 0 polygons
2026-09-01 00:03:24 -0400: Memory Usage (421648K) : intbondmet_drw has 0 polygons
2026-09-01 00:03:24 -0400: Memory Usage (421648K) : devbondvia_drw has 0 polygons
2026-09-01 00:03:24 -0400: Memory Usage (421648K) : devbondmet_drw has 0 polygons
2026-09-01 00:03:24 -0400: Memory Usage (421648K) : devtrench_drw has 0 polygons
2026-09-01 00:03:24 -0400: Memory Usage (421648K) : redist_drw has 0 polygons
2026-09-01 00:03:24 -0400: Memory Usage (421648K) : graphbot_drw has 0 polygons
2026-09-01 00:03:24 -0400: Memory Usage (421912K) : graphtop_drw has 0 polygons
2026-09-01 00:03:24 -0400: Memory Usage (421912K) : antvia1_drw has 0 polygons
2026-09-01 00:03:24 -0400: Memory Usage (421912K) : antmetal2_drw has 0 polygons
2026-09-01 00:03:24 -0400: Memory Usage (421912K) : graphcont_drw has 0 polygons
2026-09-01 00:03:24 -0400: Memory Usage (421912K) : siwg_drw has 0 polygons
2026-09-01 00:03:24 -0400: Memory Usage (422176K) : siwg_filler has 0 polygons
2026-09-01 00:03:24 -0400: Memory Usage (422176K) : siwg_nofill has 0 polygons
2026-09-01 00:03:24 -0400: Memory Usage (422176K) : sigrating_drw has 0 polygons
2026-09-01 00:03:24 -0400: Memory Usage (422176K) : singrating_drw has 0 polygons
2026-09-01 00:03:24 -0400: Memory Usage (422176K) : graphpas_drw has 0 polygons
2026-09-01 00:03:24 -0400: Memory Usage (422176K) : emwind3_drw has 0 polygons
2026-09-01 00:03:24 -0400: Memory Usage (422440K) : emwihv3_drw has 0 polygons
2026-09-01 00:03:24 -0400: Memory Usage (422440K) : redbulay_drw has 0 polygons
2026-09-01 00:03:24 -0400: Memory Usage (422440K) : smos_drw has 0 polygons
2026-09-01 00:03:24 -0400: Memory Usage (422440K) : graphpad_drw has 0 polygons
2026-09-01 00:03:24 -0400: Memory Usage (422440K) : polimide_drw has 0 polygons
2026-09-01 00:03:24 -0400: Memory Usage (422704K) : polimide_pin has 0 polygons
2026-09-01 00:03:24 -0400: Memory Usage (422704K) : recog_drw has 0 polygons
2026-09-01 00:03:24 -0400: Memory Usage (422704K) : recog_pin has 0 polygons
2026-09-01 00:03:24 -0400: Memory Usage (422704K) : recog_esd has 0 polygons
2026-09-01 00:03:24 -0400: Memory Usage (422704K) : recog_diode has 0 polygons
2026-09-01 00:03:24 -0400: Memory Usage (422704K) : recog_tsv has 0 polygons
2026-09-01 00:03:24 -0400: Memory Usage (422968K) : recog_iprobe has 0 polygons
2026-09-01 00:03:24 -0400: Memory Usage (422968K) : recog_diffprb has 0 polygons
2026-09-01 00:03:24 -0400: Memory Usage (422968K) : recog_pillar has 0 polygons
2026-09-01 00:03:24 -0400: Memory Usage (422968K) : recog_sbump has 0 polygons
2026-09-01 00:03:24 -0400: Memory Usage (422968K) : recog_otp has 0 polygons
2026-09-01 00:03:24 -0400: Memory Usage (422968K) : recog_pdiode has 0 polygons
2026-09-01 00:03:24 -0400: Memory Usage (422968K) : recog_mom has 0 polygons
2026-09-01 00:03:24 -0400: Memory Usage (423232K) : recog_pcm has 0 polygons
2026-09-01 00:03:24 -0400: Memory Usage (423232K) : colopen_drw has 0 polygons
2026-09-01 00:03:24 -0400: Memory Usage (423232K) : graphmetal1_drw has 0 polygons
2026-09-01 00:03:24 -0400: Memory Usage (423232K) : graphmetal1_filler has 0 polygons
2026-09-01 00:03:24 -0400: Memory Usage (423232K) : graphmetal1_nofill has 0 polygons
2026-09-01 00:03:24 -0400: Memory Usage (423232K) : graphmetal1_slit has 0 polygons
2026-09-01 00:03:24 -0400: Memory Usage (423232K) : graphmetal1_opc has 0 polygons
2026-09-01 00:03:24 -0400: Memory Usage (423496K) : graphmet1l_drw has 0 polygons
2026-09-01 00:03:24 -0400: Memory Usage (423496K) : graphmet1l_filler has 0 polygons
2026-09-01 00:03:24 -0400: Memory Usage (423496K) : graphmet1l_nofill has 0 polygons
2026-09-01 00:03:24 -0400: Memory Usage (423496K) : graphmet1l_slit has 0 polygons
2026-09-01 00:03:24 -0400: Memory Usage (423496K) : graphmet1l_opc has 0 polygons
2026-09-01 00:03:24 -0400: Memory Usage (423496K) : extblock_drw has 12 polygons
2026-09-01 00:03:24 -0400: Memory Usage (423760K) : nldd_drw has 0 polygons
2026-09-01 00:03:24 -0400: Memory Usage (423760K) : pldd_drw has 0 polygons
2026-09-01 00:03:24 -0400: Memory Usage (423760K) : next_drw has 0 polygons
2026-09-01 00:03:24 -0400: Memory Usage (423760K) : pext_drw has 0 polygons
2026-09-01 00:03:24 -0400: Memory Usage (423760K) : nexthv_drw has 0 polygons
2026-09-01 00:03:24 -0400: Memory Usage (424024K) : pexthv_drw has 0 polygons
2026-09-01 00:03:24 -0400: Memory Usage (424024K) : graphgate_drw has 0 polygons
2026-09-01 00:03:24 -0400: Memory Usage (424024K) : sinwg_drw has 0 polygons
2026-09-01 00:03:24 -0400: Memory Usage (424024K) : sinwg_filler has 0 polygons
2026-09-01 00:03:24 -0400: Memory Usage (424024K) : sinwg_nofill has 0 polygons
2026-09-01 00:03:24 -0400: Memory Usage (424024K) : mempad_drw has 0 polygons
2026-09-01 00:03:24 -0400: Memory Usage (424288K) : topvia1_drw has 13 polygons
2026-09-01 00:03:24 -0400: Memory Usage (424288K) : topmetal1_drw has 10 polygons
2026-09-01 00:03:24 -0400: Memory Usage (424288K) : topmetal1_pin has 3 polygons
2026-09-01 00:03:24 -0400: Memory Usage (424288K) : topmetal1_mask has 0 polygons
2026-09-01 00:03:24 -0400: Memory Usage (424288K) : topmetal1_filler has 0 polygons
2026-09-01 00:03:24 -0400: Memory Usage (424288K) : topmetal1_nofill has 3 polygons
2026-09-01 00:03:24 -0400: Memory Usage (424288K) : topmetal1_slit has 0 polygons
2026-09-01 00:03:24 -0400: Memory Usage (424552K) : topmetal1_text has 1 polygons
2026-09-01 00:03:24 -0400: Memory Usage (424552K) : topmetal1_noqrc has 0 polygons
2026-09-01 00:03:24 -0400: Memory Usage (424552K) : topmetal1_res has 0 polygons
2026-09-01 00:03:24 -0400: Memory Usage (424552K) : topmetal1_iprobe has 0 polygons
2026-09-01 00:03:24 -0400: Memory Usage (424552K) : topmetal1_diffprb has 0 polygons
2026-09-01 00:03:24 -0400: Memory Usage (424552K) : inldpwl_drw has 0 polygons
2026-09-01 00:03:24 -0400: Memory Usage (424816K) : polyres_drw has 12 polygons
2026-09-01 00:03:24 -0400: Memory Usage (424816K) : polyres_pin has 0 polygons
2026-09-01 00:03:24 -0400: Memory Usage (424816K) : vmim_drw has 12 polygons
2026-09-01 00:03:24 -0400: Memory Usage (424816K) : nbulaycut_drw has 0 polygons
2026-09-01 00:03:24 -0400: Memory Usage (424816K) : antmetal1_drw has 0 polygons
2026-09-01 00:03:24 -0400: Memory Usage (424816K) : topvia2_drw has 6 polygons
2026-09-01 00:03:24 -0400: Memory Usage (425080K) : topmetal2_drw has 2 polygons
2026-09-01 00:03:24 -0400: Memory Usage (425080K) : topmetal2_pin has 0 polygons
2026-09-01 00:03:24 -0400: Memory Usage (425080K) : topmetal2_mask has 0 polygons
2026-09-01 00:03:24 -0400: Memory Usage (425080K) : topmetal2_filler has 0 polygons
2026-09-01 00:03:24 -0400: Memory Usage (425080K) : topmetal2_nofill has 3 polygons
2026-09-01 00:03:24 -0400: Memory Usage (425344K) : topmetal2_slit has 0 polygons
2026-09-01 00:03:24 -0400: Memory Usage (425344K) : topmetal2_text has 2 polygons
2026-09-01 00:03:24 -0400: Memory Usage (425344K) : topmetal2_noqrc has 0 polygons
2026-09-01 00:03:24 -0400: Memory Usage (425344K) : topmetal2_res has 0 polygons
2026-09-01 00:03:24 -0400: Memory Usage (425344K) : topmetal2_iprobe has 0 polygons
2026-09-01 00:03:24 -0400: Memory Usage (425344K) : topmetal2_diffprb has 0 polygons
2026-09-01 00:03:24 -0400: Memory Usage (425608K) : snsring_drw has 0 polygons
2026-09-01 00:03:24 -0400: Memory Usage (425608K) : sensor_drw has 0 polygons
2026-09-01 00:03:24 -0400: Memory Usage (425608K) : snsarms_drw has 0 polygons
2026-09-01 00:03:24 -0400: Memory Usage (425608K) : snscmosvia_drw has 0 polygons
2026-09-01 00:03:24 -0400: Memory Usage (425608K) : colwind_drw has 0 polygons
2026-09-01 00:03:24 -0400: Memory Usage (425872K) : flm_drw has 0 polygons
2026-09-01 00:03:24 -0400: Memory Usage (425872K) : hafniumox_drw has 0 polygons
2026-09-01 00:03:24 -0400: Memory Usage (425872K) : memvia_drw has 0 polygons
2026-09-01 00:03:24 -0400: Memory Usage (425872K) : thinfilmres_drw has 0 polygons
2026-09-01 00:03:24 -0400: Memory Usage (425872K) : rfmem_drw has 0 polygons
2026-09-01 00:03:24 -0400: Memory Usage (425872K) : norcx_drw has 0 polygons
2026-09-01 00:03:24 -0400: Memory Usage (425872K) : norcx_m2m3 has 0 polygons
2026-09-01 00:03:24 -0400: Memory Usage (426136K) : norcx_m2m4 has 0 polygons
2026-09-01 00:03:24 -0400: Memory Usage (426136K) : norcx_m2m5 has 0 polygons
2026-09-01 00:03:24 -0400: Memory Usage (426136K) : norcx_m2tm1 has 0 polygons
2026-09-01 00:03:24 -0400: Memory Usage (426136K) : norcx_m2tm2 has 0 polygons
2026-09-01 00:03:24 -0400: Memory Usage (426136K) : norcx_m3m4 has 0 polygons
2026-09-01 00:03:24 -0400: Memory Usage (426136K) : norcx_m3m5 has 0 polygons
2026-09-01 00:03:24 -0400: Memory Usage (426136K) : norcx_m3tm1 has 0 polygons
2026-09-01 00:03:24 -0400: Memory Usage (426400K) : norcx_m3tm2 has 0 polygons
2026-09-01 00:03:24 -0400: Memory Usage (426400K) : norcx_m4m5 has 0 polygons
2026-09-01 00:03:24 -0400: Memory Usage (426400K) : norcx_m4tm1 has 0 polygons
2026-09-01 00:03:24 -0400: Memory Usage (426400K) : norcx_m4tm2 has 0 polygons
2026-09-01 00:03:24 -0400: Memory Usage (426400K) : norcx_m5tm1 has 0 polygons
2026-09-01 00:03:24 -0400: Memory Usage (426400K) : norcx_m5tm2 has 0 polygons
2026-09-01 00:03:24 -0400: Memory Usage (426400K) : norcx_tm1tm2 has 0 polygons
2026-09-01 00:03:24 -0400: Memory Usage (426400K) : norcx_m1sub has 0 polygons
2026-09-01 00:03:24 -0400: Memory Usage (426664K) : norcx_m2sub has 0 polygons
2026-09-01 00:03:24 -0400: Memory Usage (426664K) : norcx_m3sub has 0 polygons
2026-09-01 00:03:24 -0400: Memory Usage (426664K) : norcx_m4sub has 0 polygons
2026-09-01 00:03:24 -0400: Memory Usage (426664K) : norcx_m5sub has 0 polygons
2026-09-01 00:03:24 -0400: Memory Usage (426664K) : norcx_tm1sub has 0 polygons
2026-09-01 00:03:24 -0400: Memory Usage (426664K) : norcx_tm2sub has 0 polygons
2026-09-01 00:03:24 -0400: Memory Usage (426928K) : snsbotvia_drw has 0 polygons
2026-09-01 00:03:24 -0400: Memory Usage (426928K) : snstopvia_drw has 0 polygons
2026-09-01 00:03:24 -0400: Memory Usage (426928K) : deepvia_drw has 0 polygons
2026-09-01 00:03:24 -0400: Memory Usage (426928K) : fgetch_drw has 0 polygons
2026-09-01 00:03:24 -0400: Memory Usage (426928K) : ctrgat_drw has 0 polygons
2026-09-01 00:03:24 -0400: Memory Usage (426928K) : fgimp_drw has 0 polygons
2026-09-01 00:03:24 -0400: Memory Usage (427192K) : emwihv_drw has 0 polygons
2026-09-01 00:03:24 -0400: Memory Usage (427192K) : lbe_drw has 0 polygons
2026-09-01 00:03:24 -0400: Memory Usage (427192K) : alcustop_drw has 0 polygons
2026-09-01 00:03:24 -0400: Memory Usage (427192K) : nometfiller_drw has 0 polygons
2026-09-01 00:03:24 -0400: Memory Usage (427192K) : prboundary_drw has 0 polygons
2026-09-01 00:03:24 -0400: Memory Usage (427192K) : exchange0_drw has 0 polygons
2026-09-01 00:03:24 -0400: Memory Usage (427192K) : exchange0_pin has 0 polygons
2026-09-01 00:03:24 -0400: Memory Usage (427456K) : exchange0_text has 0 polygons
2026-09-01 00:03:24 -0400: Memory Usage (427456K) : exchange1_drw has 0 polygons
2026-09-01 00:03:24 -0400: Memory Usage (427456K) : exchange1_pin has 0 polygons
2026-09-01 00:03:24 -0400: Memory Usage (427456K) : exchange1_text has 0 polygons
2026-09-01 00:03:24 -0400: Memory Usage (427456K) : exchange2_drw has 0 polygons
2026-09-01 00:03:24 -0400: Memory Usage (427456K) : exchange2_pin has 0 polygons
2026-09-01 00:03:24 -0400: Memory Usage (427456K) : exchange2_text has 0 polygons
2026-09-01 00:03:24 -0400: Memory Usage (427720K) : exchange3_drw has 0 polygons
2026-09-01 00:03:24 -0400: Memory Usage (427720K) : exchange3_pin has 0 polygons
2026-09-01 00:03:24 -0400: Memory Usage (427720K) : exchange3_text has 0 polygons
2026-09-01 00:03:24 -0400: Memory Usage (427720K) : exchange4_drw has 0 polygons
2026-09-01 00:03:24 -0400: Memory Usage (427720K) : exchange4_pin has 0 polygons
2026-09-01 00:03:24 -0400: Memory Usage (427720K) : exchange4_text has 0 polygons
2026-09-01 00:03:24 -0400: Memory Usage (427984K) : isonwell_drw has 0 polygons
2026-09-01 00:03:24 -0400: Memory Usage (427984K) : Total no. of polygons in the design is 2516
2026-09-01 00:03:24 -0400: Memory Usage (427984K) : Loaded TECH DRC rules values from /home/noorizad/local/pdks/ihp-sg13g2/libs.tech/klayout/python/sg13g2_pycell_lib/sg13g2_tech_mod.json
2026-09-01 00:03:24 -0400: Memory Usage (427984K) : Loaded default DRC rules values from /home/noorizad/local/pdks/ihp-sg13g2/libs.tech/klayout/tech/drc/rule_decks/sg13g2_tech_default.json
2026-09-01 00:03:24 -0400: Memory Usage (427984K) : The following rules values were missing in tech json and default values were used:
2026-09-01 00:03:24 -0400: Memory Usage (427984K) :   - Cnt_c_digibnd
2026-09-01 00:03:24 -0400: Memory Usage (427984K) : Total area of the design is 6880.2576 um^2.
2026-09-01 00:03:24 -0400: Memory Usage (427984K) : The design dimensions are 97.62 µm * 70.48 µm.
2026-09-01 00:03:24 -0400: Memory Usage (427984K) : Starting general IHP-SG13G2 derivations.
2026-09-01 00:03:24 -0400: Memory Usage (427984K) : Starting Pwell derivations
2026-09-01 00:03:24 -0400: Memory Usage (429232K) : Starting n-Activ derivations
2026-09-01 00:03:24 -0400: Memory Usage (466580K) : Starting p-Activ derivations
2026-09-01 00:03:24 -0400: Memory Usage (438628K) : Starting ptap derivations
2026-09-01 00:03:24 -0400: Memory Usage (465068K) : Starting ntap derivations
2026-09-01 00:03:24 -0400: Memory Usage (438236K) : Starting pact FET derivations
2026-09-01 00:03:24 -0400: Memory Usage (437836K) : Starting nact FET derivations
2026-09-01 00:03:24 -0400: Memory Usage (438776K) : Starting Gate derivations
2026-09-01 00:03:24 -0400: Memory Usage (438496K) : Starting cont/contbar general derivations
2026-09-01 00:03:24 -0400: Memory Usage (453796K) : Starting pad general derivations
2026-09-01 00:03:24 -0400: Memory Usage (437140K) : Starting IHP-SG13G2 DRC connectivity related derivations.
2026-09-01 00:03:24 -0400: Memory Usage (454656K) : Starting IHP-SG13G2 DRC connectivity setup
2026-09-01 00:03:24 -0400: Memory Usage (438040K) : Starting IHP-SG13G2 DRC rules.
2026-09-01 00:03:24 -0400: Memory Usage (438040K) : Running all FEOL rules
2026-09-01 00:03:24 -0400: Memory Usage (438040K) : Running all BEOL rules
2026-09-01 00:03:24 -0400: Memory Usage (438040K) : Starting 3.2. FORBIDDEN table
2026-09-01 00:03:24 -0400: Memory Usage (438040K) : Executing rule forbidden.biwind
2026-09-01 00:03:24 -0400: Memory Usage (438040K) : Executing rule forbidden.pemwind
2026-09-01 00:03:24 -0400: Memory Usage (438040K) : Executing rule forbidden.baspoly
2026-09-01 00:03:24 -0400: Memory Usage (438040K) : Executing rule forbidden.deepco
2026-09-01 00:03:24 -0400: Memory Usage (438040K) : Executing rule forbidden.pempoly
2026-09-01 00:03:24 -0400: Memory Usage (438040K) : Executing rule forbidden.empoly
2026-09-01 00:03:24 -0400: Memory Usage (438040K) : Executing rule forbidden.ldmos
2026-09-01 00:03:24 -0400: Memory Usage (438040K) : Executing rule forbidden.pbiwind
2026-09-01 00:03:24 -0400: Memory Usage (438040K) : Executing rule forbidden.nodrc
2026-09-01 00:03:24 -0400: Memory Usage (438040K) : Executing rule forbidden.flash
2026-09-01 00:03:24 -0400: Memory Usage (438040K) : Executing rule forbidden.colwind
2026-09-01 00:03:24 -0400: Memory Usage (438040K) : Starting 5.1 NWell table
2026-09-01 00:03:24 -0400: Memory Usage (438040K) : Executing rule NW.b
2026-09-01 00:03:24 -0400: Memory Usage (438040K) : Executing rule NW.b1
2026-09-01 00:03:24 -0400: Memory Usage (438040K) : Starting 5.2 PWell:block
2026-09-01 00:03:24 -0400: Memory Usage (438040K) : Executing rule PWB.e
2026-09-01 00:03:24 -0400: Memory Usage (438040K) : Executing rule PWB.e1
2026-09-01 00:03:24 -0400: Memory Usage (438040K) : Executing rule PWB.f
2026-09-01 00:03:24 -0400: Memory Usage (438040K) : Executing rule PWB.f1
2026-09-01 00:03:24 -0400: Memory Usage (438040K) : Starting 5.3 nBuLay table
2026-09-01 00:03:24 -0400: Memory Usage (438040K) : Executing rule NBL.b
2026-09-01 00:03:24 -0400: Memory Usage (438040K) : Executing rule NBL.c
2026-09-01 00:03:24 -0400: Memory Usage (438040K) : Executing rule NBL.d
2026-09-01 00:03:24 -0400: Memory Usage (438040K) : Executing rule NBL.e
2026-09-01 00:03:24 -0400: Memory Usage (438040K) : Executing rule NBL.f
2026-09-01 00:03:24 -0400: Memory Usage (438040K) : Starting 5.5. Activ table
2026-09-01 00:03:24 -0400: Memory Usage (438040K) : Executing rule Act.a
2026-09-01 00:03:24 -0400: Memory Usage (438040K) : Executing rule Act.b
2026-09-01 00:03:24 -0400: Memory Usage (441188K) : Starting 5.6 Activ:filler table
2026-09-01 00:03:24 -0400: Memory Usage (440236K) : Executing rule AFil.c1
2026-09-01 00:03:24 -0400: Memory Usage (439356K) : Executing rule AFil.c
2026-09-01 00:03:24 -0400: Memory Usage (438756K) : Executing rule AFil.d
2026-09-01 00:03:24 -0400: Memory Usage (438756K) : Executing rule AFil.e
2026-09-01 00:03:24 -0400: Memory Usage (438756K) : Executing rule AFil.j
2026-09-01 00:03:25 -0400: Memory Usage (438756K) : Starting 5.7. ThickGateOx table
2026-09-01 00:03:25 -0400: Memory Usage (438756K) : Executing rule TGO.f
2026-09-01 00:03:25 -0400: Memory Usage (438756K) : Starting 5.8. GatPoly table
2026-09-01 00:03:25 -0400: Memory Usage (438756K) : Executing rule Gat.a
2026-09-01 00:03:25 -0400: Memory Usage (438756K) : Executing rule Gat.b
2026-09-01 00:03:25 -0400: Memory Usage (440856K) : Executing rule Gat.d
2026-09-01 00:03:25 -0400: Memory Usage (440596K) : Executing rule Gat.a1
2026-09-01 00:03:25 -0400: Memory Usage (440964K) : Executing rule Gat.a2
2026-09-01 00:03:25 -0400: Memory Usage (441492K) : Executing rule Gat.g
2026-09-01 00:03:25 -0400: Memory Usage (440828K) : Starting 5.9 GatPoly:filler
2026-09-01 00:03:25 -0400: Memory Usage (439316K) : Executing rule GFil.d
2026-09-01 00:03:25 -0400: Memory Usage (439316K) : Executing rule GFil.e
2026-09-01 00:03:25 -0400: Memory Usage (439316K) : Executing rule GFil.i
2026-09-01 00:03:25 -0400: Memory Usage (439316K) : Starting 5.10 pSD table
2026-09-01 00:03:25 -0400: Memory Usage (439316K) : Executing rule pSD.c1
2026-09-01 00:03:25 -0400: Memory Usage (441700K) : Starting 5.14. Cont table
2026-09-01 00:03:25 -0400: Memory Usage (441652K) : Executing rule Cnt.a
2026-09-01 00:03:25 -0400: Memory Usage (439308K) : Executing rule Cnt.b
2026-09-01 00:03:25 -0400: Memory Usage (441836K) : Executing rule Cnt.c
2026-09-01 00:03:25 -0400: Memory Usage (458344K) : Executing rule Cnt.c
2026-09-01 00:03:25 -0400: Memory Usage (440736K) : Executing rule Cnt.d
2026-09-01 00:03:25 -0400: Memory Usage (456240K) : Executing rule Cnt.e
2026-09-01 00:03:25 -0400: Memory Usage (441420K) : Executing rule Cnt.g1
2026-09-01 00:03:25 -0400: Memory Usage (441052K) : Executing rule Cnt.g2
2026-09-01 00:03:25 -0400: Memory Usage (442820K) : Starting 5.15. ContBar table
2026-09-01 00:03:25 -0400: Memory Usage (442764K) : Executing rule CntB.b1
2026-09-01 00:03:25 -0400: Memory Usage (442812K) : Executing rule CntB.h1
2026-09-01 00:03:25 -0400: Memory Usage (442796K) : Starting 5.16. Metal1 table
2026-09-01 00:03:25 -0400: Memory Usage (442716K) : Executing rule M1.a
2026-09-01 00:03:25 -0400: Memory Usage (441020K) : Executing rule M1.b
2026-09-01 00:03:25 -0400: Memory Usage (440420K) : Executing rule M1.e
2026-09-01 00:03:25 -0400: Memory Usage (465288K) : Executing rule M1.f
2026-09-01 00:03:25 -0400: Memory Usage (441104K) : Executing rule M1.g
2026-09-01 00:03:25 -0400: Memory Usage (457396K) : Executing rule M1.i
2026-09-01 00:03:25 -0400: Memory Usage (442508K) : Starting 5.17 Metaln table
2026-09-01 00:03:25 -0400: Memory Usage (442452K) : Executing rule M2.a
2026-09-01 00:03:25 -0400: Memory Usage (441076K) : Executing rule M2.b
2026-09-01 00:03:25 -0400: Memory Usage (442476K) : Executing rule M2.e
2026-09-01 00:03:25 -0400: Memory Usage (442492K) : Executing rule M2.f
2026-09-01 00:03:25 -0400: Memory Usage (440668K) : Executing rule M2.g
2026-09-01 00:03:25 -0400: Memory Usage (449164K) : Executing rule M2.i
2026-09-01 00:03:25 -0400: Memory Usage (442276K) : Executing rule M3.a
2026-09-01 00:03:25 -0400: Memory Usage (441092K) : Executing rule M3.b
2026-09-01 00:03:25 -0400: Memory Usage (442604K) : Executing rule M3.e
2026-09-01 00:03:25 -0400: Memory Usage (442284K) : Executing rule M3.f
2026-09-01 00:03:25 -0400: Memory Usage (440556K) : Executing rule M3.g
2026-09-01 00:03:25 -0400: Memory Usage (453056K) : Executing rule M3.i
2026-09-01 00:03:25 -0400: Memory Usage (463384K) : Executing rule M4.a
2026-09-01 00:03:25 -0400: Memory Usage (442192K) : Executing rule M4.b
2026-09-01 00:03:25 -0400: Memory Usage (442996K) : Executing rule M4.e
2026-09-01 00:03:25 -0400: Memory Usage (442708K) : Executing rule M4.f
2026-09-01 00:03:25 -0400: Memory Usage (440684K) : Executing rule M4.g
2026-09-01 00:03:25 -0400: Memory Usage (467420K) : Executing rule M4.i
2026-09-01 00:03:25 -0400: Memory Usage (442840K) : Executing rule M5.a
2026-09-01 00:03:25 -0400: Memory Usage (441712K) : Executing rule M5.b
2026-09-01 00:03:25 -0400: Memory Usage (441984K) : Executing rule M5.e
2026-09-01 00:03:25 -0400: Memory Usage (442216K) : Executing rule M5.f
2026-09-01 00:03:25 -0400: Memory Usage (440600K) : Executing rule M5.g
2026-09-01 00:03:25 -0400: Memory Usage (463268K) : Executing rule M5.i
2026-09-01 00:03:25 -0400: Memory Usage (442988K) : Starting 5.18 Metaln:filler table
2026-09-01 00:03:25 -0400: Memory Usage (442940K) : Executing rule M1Fil.c
2026-09-01 00:03:25 -0400: Memory Usage (441932K) : Executing rule M1Fil.a2
2026-09-01 00:03:25 -0400: Memory Usage (440972K) : Executing rule M2Fil.c
2026-09-01 00:03:25 -0400: Memory Usage (440780K) : Executing rule M2Fil.a2
2026-09-01 00:03:25 -0400: Memory Usage (440780K) : Executing rule M3Fil.c
2026-09-01 00:03:25 -0400: Memory Usage (440780K) : Executing rule M3Fil.a2
2026-09-01 00:03:25 -0400: Memory Usage (440780K) : Executing rule M4Fil.c
2026-09-01 00:03:25 -0400: Memory Usage (440780K) : Executing rule M4Fil.a2
2026-09-01 00:03:25 -0400: Memory Usage (440780K) : Executing rule M5Fil.c
2026-09-01 00:03:25 -0400: Memory Usage (440780K) : Executing rule M5Fil.a2
2026-09-01 00:03:25 -0400: Memory Usage (440780K) : Starting 5.19. Via1 table
2026-09-01 00:03:25 -0400: Memory Usage (440780K) : Starting 5.19. Via1 table derivations
2026-09-01 00:03:25 -0400: Memory Usage (440780K) : Executing rule V1.a
2026-09-01 00:03:25 -0400: Memory Usage (440780K) : Executing rule V1.b
2026-09-01 00:03:25 -0400: Memory Usage (440844K) : Executing rule V1.c
2026-09-01 00:03:26 -0400: Memory Usage (443064K) : Starting 5.20. Vian table
2026-09-01 00:03:26 -0400: Memory Usage (442504K) : Executing rule V2.a
2026-09-01 00:03:26 -0400: Memory Usage (440872K) : Executing rule V2.b
2026-09-01 00:03:26 -0400: Memory Usage (442820K) : Executing rule V2.c
2026-09-01 00:03:26 -0400: Memory Usage (441880K) : Executing rule V3.a
2026-09-01 00:03:26 -0400: Memory Usage (440808K) : Executing rule V3.b
2026-09-01 00:03:26 -0400: Memory Usage (442604K) : Executing rule V3.c
2026-09-01 00:03:26 -0400: Memory Usage (442444K) : Executing rule V4.a
2026-09-01 00:03:26 -0400: Memory Usage (441084K) : Executing rule V4.b
2026-09-01 00:03:26 -0400: Memory Usage (443028K) : Executing rule V4.c
2026-09-01 00:03:26 -0400: Memory Usage (443432K) : Starting 5.21. TopVia1 table
2026-09-01 00:03:26 -0400: Memory Usage (442952K) : Executing rule TV1.a
2026-09-01 00:03:26 -0400: Memory Usage (441080K) : Executing rule TV1.b
2026-09-01 00:03:26 -0400: Memory Usage (443240K) : Executing rule TV1.c
2026-09-01 00:03:26 -0400: Memory Usage (442904K) : Executing rule TV1.d
2026-09-01 00:03:26 -0400: Memory Usage (442728K) : Starting 5.22. TopMetal1 table
2026-09-01 00:03:26 -0400: Memory Usage (442664K) : Executing rule TM1.a
2026-09-01 00:03:26 -0400: Memory Usage (441464K) : Executing rule TM1.b
2026-09-01 00:03:26 -0400: Memory Usage (443312K) : Starting 5.23 TopMetal1:filler table
2026-09-01 00:03:26 -0400: Memory Usage (443240K) : Executing rule TM1Fil.c
2026-09-01 00:03:26 -0400: Memory Usage (442032K) : Executing rule TM1Fil.a1
2026-09-01 00:03:26 -0400: Memory Usage (441080K) : Starting 5.24. TopVia2 table
2026-09-01 00:03:26 -0400: Memory Usage (440952K) : Executing rule TV2.a
2026-09-01 00:03:26 -0400: Memory Usage (440952K) : Executing rule TV2.b
2026-09-01 00:03:26 -0400: Memory Usage (442676K) : Executing rule TV2.c
2026-09-01 00:03:26 -0400: Memory Usage (443032K) : Executing rule TV2.d
2026-09-01 00:03:26 -0400: Memory Usage (443000K) : Starting 5.25. TopMetal2 table
2026-09-01 00:03:26 -0400: Memory Usage (442928K) : Executing rule TM2.a
2026-09-01 00:03:26 -0400: Memory Usage (441720K) : Executing rule TM2.b
2026-09-01 00:03:26 -0400: Memory Usage (442720K) : Executing rule TM2.bR
2026-09-01 00:03:26 -0400: Memory Usage (441104K) : Starting 5.26 TopMetal2:filler table
2026-09-01 00:03:26 -0400: Memory Usage (441104K) : Executing rule TM2Fil.c
2026-09-01 00:03:26 -0400: Memory Usage (441104K) : Executing rule TM2Fil.a1
2026-09-01 00:03:26 -0400: Memory Usage (441104K) : Starting 5.27. Passiv table
2026-09-01 00:03:26 -0400: Memory Usage (441104K) : Executing rule Pas.a
2026-09-01 00:03:26 -0400: Memory Usage (441104K) : Executing rule Pas.b
2026-09-01 00:03:26 -0400: Memory Usage (441104K) : Executing rule Pas.c
2026-09-01 00:03:26 -0400: Memory Usage (441104K) : Starting 6.1.3 NPN Substrate-Tie table
2026-09-01 00:03:26 -0400: Memory Usage (451480K) : Executing rule npn13G2.bR 
2026-09-01 00:03:26 -0400: Memory Usage (442952K) : Executing rule npn13G2L.cR 
2026-09-01 00:03:26 -0400: Memory Usage (441220K) : Executing rule npn13G2V.cR 
2026-09-01 00:03:26 -0400: Memory Usage (441220K) : Starting 6.7 Schottky diode table
2026-09-01 00:03:26 -0400: Memory Usage (441220K) : Executing rule Sdiod.d
2026-09-01 00:03:26 -0400: Memory Usage (441220K) : Executing rule Sdiod.e
2026-09-01 00:03:26 -0400: Memory Usage (441220K) : Starting 6.9.2 Copper Pillar table
2026-09-01 00:03:26 -0400: Memory Usage (441220K) : Executing rule Padc.a
2026-09-01 00:03:26 -0400: Memory Usage (441220K) : Executing rule Padc.b
2026-09-01 00:03:26 -0400: Memory Usage (441220K) : Executing rule Padc.c
2026-09-01 00:03:26 -0400: Memory Usage (441220K) : Executing rule Padb.f
2026-09-01 00:03:26 -0400: Memory Usage (441220K) : Starting 6.9 Pad table
2026-09-01 00:03:26 -0400: Memory Usage (441220K) : Executing rule Pad.m
2026-09-01 00:03:26 -0400: Memory Usage (441220K) : Executing rule Pad.fR_M1
2026-09-01 00:03:26 -0400: Memory Usage (441220K) : Executing rule Pad.fR_M2
2026-09-01 00:03:26 -0400: Memory Usage (441220K) : Executing rule Pad.fR_M3
2026-09-01 00:03:26 -0400: Memory Usage (441220K) : Executing rule Pad.fR_M4
2026-09-01 00:03:26 -0400: Memory Usage (441220K) : Executing rule Pad.fR_M5
2026-09-01 00:03:26 -0400: Memory Usage (441220K) : Executing rule Pad.fR_TM1
2026-09-01 00:03:26 -0400: Memory Usage (441220K) : Executing rule Pad.fR_TM2
2026-09-01 00:03:26 -0400: Memory Usage (441220K) : Executing rule Pad.i
2026-09-01 00:03:26 -0400: Memory Usage (441220K) : Starting 6.9.1 Solder Bump
2026-09-01 00:03:26 -0400: Memory Usage (441220K) : Executing rule Padb.a
2026-09-01 00:03:26 -0400: Memory Usage (441220K) : Executing rule Padb.b
2026-09-01 00:03:26 -0400: Memory Usage (441220K) : Executing rule Padb.c
2026-09-01 00:03:26 -0400: Memory Usage (441220K) : Executing rule Padb.f
2026-09-01 00:03:26 -0400: Memory Usage (441220K) : Executing rule Padb.d
2026-09-01 00:03:26 -0400: Memory Usage (441220K) : Starting 6.10 Sealring table
2026-09-01 00:03:26 -0400: Memory Usage (441220K) : Executing rule Seal.l
2026-09-01 00:03:26 -0400: Memory Usage (441220K) : Executing rule Seal.n
2026-09-01 00:03:26 -0400: Memory Usage (441220K) : Executing rule seal.b_metal1
2026-09-01 00:03:26 -0400: Memory Usage (441220K) : Executing rule seal.b_metal2
2026-09-01 00:03:26 -0400: Memory Usage (441220K) : Executing rule seal.b_metal3
2026-09-01 00:03:26 -0400: Memory Usage (441220K) : Executing rule seal.b_metal4
2026-09-01 00:03:26 -0400: Memory Usage (441220K) : Executing rule seal.b_metal5
2026-09-01 00:03:26 -0400: Memory Usage (441220K) : Executing rule seal.b_topmetal1
2026-09-01 00:03:26 -0400: Memory Usage (441220K) : Executing rule seal.b_topmetal2
2026-09-01 00:03:26 -0400: Memory Usage (441220K) : Executing rule seal.b_activ
2026-09-01 00:03:26 -0400: Memory Usage (441220K) : Executing rule seal.b_psd
2026-09-01 00:03:26 -0400: Memory Usage (441220K) : Executing rule Seal.k
2026-09-01 00:03:26 -0400: Memory Usage (441220K) : Executing rule Seal.m
2026-09-01 00:03:26 -0400: Memory Usage (441220K) : Starting 6.11 MIM table
2026-09-01 00:03:26 -0400: Memory Usage (441220K) : Executing rule MIM.c
2026-09-01 00:03:26 -0400: Memory Usage (442504K) : Executing rule MIM.d
2026-09-01 00:03:26 -0400: Memory Usage (459776K) : Executing rule MIM.gR
2026-09-01 00:03:26 -0400: Memory Usage (443144K) : Starting 7.2 Latch-up table
2026-09-01 00:03:26 -0400: Memory Usage (443112K) : Executing rule LU.b
2026-09-01 00:03:26 -0400: Memory Usage (442416K) : Starting 7.3 Metal Slits table
2026-09-01 00:03:26 -0400: Memory Usage (442352K) : Executing rule Slt.e1_M1
2026-09-01 00:03:26 -0400: Memory Usage (441240K) : Executing rule Slt.e1_M2
2026-09-01 00:03:26 -0400: Memory Usage (441096K) : Executing rule Slt.e1_M3
2026-09-01 00:03:26 -0400: Memory Usage (441096K) : Executing rule Slt.e1_M4
2026-09-01 00:03:26 -0400: Memory Usage (441096K) : Executing rule Slt.e1_M5
2026-09-01 00:03:26 -0400: Memory Usage (441096K) : Executing rule Slt.e1_TM1
2026-09-01 00:03:26 -0400: Memory Usage (441096K) : Executing rule Slt.e1_TM2
2026-09-01 00:03:26 -0400: Memory Usage (441096K) : Starting 7.4. PIN table
2026-09-01 00:03:26 -0400: Memory Usage (441096K) : Executing rule Pin.a
2026-09-01 00:03:26 -0400: Memory Usage (441096K) : Executing rule Pin.b
2026-09-01 00:03:26 -0400: Memory Usage (441096K) : Executing rule Pin.e
2026-09-01 00:03:26 -0400: Memory Usage (443536K) : Executing rule Pin.f_M2
2026-09-01 00:03:26 -0400: Memory Usage (442940K) : Executing rule Pin.f_M3
2026-09-01 00:03:26 -0400: Memory Usage (441964K) : Executing rule Pin.f_M4
2026-09-01 00:03:26 -0400: Memory Usage (441076K) : Executing rule Pin.f_M5
2026-09-01 00:03:26 -0400: Memory Usage (443708K) : Executing rule Pin.g
2026-09-01 00:03:26 -0400: Memory Usage (443700K) : Executing rule Pin.h
2026-09-01 00:03:26 -0400: Memory Usage (442748K) : Starting 9.1. LBE table
2026-09-01 00:03:26 -0400: Memory Usage (441796K) : Executing rule LBE.a
2026-09-01 00:03:26 -0400: Memory Usage (441276K) : Executing rule LBE.b
2026-09-01 00:03:26 -0400: Memory Usage (441276K) : Executing rule LBE.b1
2026-09-01 00:03:26 -0400: Memory Usage (441276K) : Executing rule LBE.c
2026-09-01 00:03:26 -0400: Memory Usage (441276K) : Executing rule LBE.d
2026-09-01 00:03:26 -0400: Memory Usage (441276K) : Executing rule LBE.h
2026-09-01 00:03:26 -0400: Memory Usage (441276K) : KLayout DRC run for table 'main' completed in 2.43 seconds
