# Logfile created on 2026-09-01 00:03:13 -0400 by logger.rb/61378
2026-09-01 00:03:13 -0400: Memory Usage (413376K) : Starting running SG13G2 Klayout LVS runset on /home/noorizad/spicexplorer-workspace/external/pam4-wt/paper-record/report/work/c/dut_pam4.gds
2026-09-01 00:03:13 -0400: Memory Usage (413376K) : Ruby Version for klayout: 2.5.9
2026-09-01 00:03:13 -0400: Memory Usage (413376K) : Loading database to memory is complete.
2026-09-01 00:03:13 -0400: Memory Usage (413376K) : SG13G2 Klayout LVS runset output at: /home/noorizad/spicexplorer-workspace/external/pam4-wt/paper-record/report/work/c/signoff/lvs/dut_pam4.lvsdb
2026-09-01 00:03:13 -0400: Memory Usage (413376K) : Evaluate switches.
2026-09-01 00:03:13 -0400: Memory Usage (413376K) : Extracted netlist with net names: true
2026-09-01 00:03:13 -0400: Memory Usage (413376K) : Extracted netlist with comments in details: false
2026-09-01 00:03:13 -0400: Memory Usage (413376K) : Selected NET_ONLY option: false
2026-09-01 00:03:13 -0400: Memory Usage (413376K) : Selected ALLOW_UNMATCHED_PORTS option: false
2026-09-01 00:03:13 -0400: Memory Usage (413376K) : Selected TOP_LVL_PINS option: false
2026-09-01 00:03:13 -0400: Memory Usage (413376K) : Selected COMBINE DEVICES option: false
2026-09-01 00:03:13 -0400: Memory Usage (413376K) : Selected PURGE option: false
2026-09-01 00:03:13 -0400: Memory Usage (413376K) : Selected PURGE_NETS option: false
2026-09-01 00:03:13 -0400: Memory Usage (413376K) : Selected SIMPLIFY option: true
2026-09-01 00:03:13 -0400: Memory Usage (413376K) : Selected SERIES_RES option: true
2026-09-01 00:03:13 -0400: Memory Usage (413376K) : Selected PARALLEL_RES option: true
2026-09-01 00:03:13 -0400: Memory Usage (413376K) : Verbose mode: false
2026-09-01 00:03:13 -0400: Memory Usage (413376K) : deep  mode is enabled.
2026-09-01 00:03:13 -0400: Memory Usage (413376K) : Netlist file: /home/noorizad/spicexplorer-workspace/external/pam4-wt/paper-record/report/work/c/dut_pam4_lvs.spice
2026-09-01 00:03:13 -0400: Memory Usage (413376K) : LVS extracted netlist at: /home/noorizad/spicexplorer-workspace/external/pam4-wt/paper-record/report/work/c/signoff/lvs/dut_pam4_extracted.cir
2026-09-01 00:03:13 -0400: Memory Usage (413376K) : Read in polygons from layers.
2026-09-01 00:03:13 -0400: Memory Usage (416412K) : activ_drw has 68 polygons
2026-09-01 00:03:13 -0400: Memory Usage (416412K) : activ_filler has 0 polygons
2026-09-01 00:03:13 -0400: Memory Usage (416412K) : activ has 68 polygons
2026-09-01 00:03:13 -0400: Memory Usage (416412K) : activ_pin has 0 polygons
2026-09-01 00:03:13 -0400: Memory Usage (416412K) : activ_mask has 12 polygons
2026-09-01 00:03:13 -0400: Memory Usage (416412K) : activ_nofill has 0 polygons
2026-09-01 00:03:13 -0400: Memory Usage (416412K) : activ_OPC has 0 polygons
2026-09-01 00:03:13 -0400: Memory Usage (416412K) : activ_iOPC has 0 polygons
2026-09-01 00:03:13 -0400: Memory Usage (416412K) : activ_noqrc has 0 polygons
2026-09-01 00:03:13 -0400: Memory Usage (416412K) : biwind_drw has 0 polygons
2026-09-01 00:03:13 -0400: Memory Usage (416412K) : biwind_OPC has 0 polygons
2026-09-01 00:03:13 -0400: Memory Usage (416412K) : gatpoly_drw has 24 polygons
2026-09-01 00:03:13 -0400: Memory Usage (416412K) : gatpoly_filler has 0 polygons
2026-09-01 00:03:13 -0400: Memory Usage (416412K) : gatpoly has 24 polygons
2026-09-01 00:03:13 -0400: Memory Usage (416412K) : gatpoly_pin has 0 polygons
2026-09-01 00:03:13 -0400: Memory Usage (416412K) : gatpoly_nofill has 0 polygons
2026-09-01 00:03:13 -0400: Memory Usage (416412K) : gatpoly_OPC has 0 polygons
2026-09-01 00:03:13 -0400: Memory Usage (416412K) : gatpoly_iOPC has 0 polygons
2026-09-01 00:03:13 -0400: Memory Usage (416412K) : gatpoly_noqrc has 0 polygons
2026-09-01 00:03:13 -0400: Memory Usage (416856K) : cont_drw has 950 polygons
2026-09-01 00:03:13 -0400: Memory Usage (416856K) : cont_OPC has 0 polygons
2026-09-01 00:03:13 -0400: Memory Usage (416856K) : nsd_drw has 0 polygons
2026-09-01 00:03:13 -0400: Memory Usage (416856K) : nsd_block has 24 polygons
2026-09-01 00:03:13 -0400: Memory Usage (417180K) : metal1_drw has 94 polygons
2026-09-01 00:03:13 -0400: Memory Usage (417180K) : metal1_filler has 0 polygons
2026-09-01 00:03:13 -0400: Memory Usage (417180K) : metal1_slit has 0 polygons
2026-09-01 00:03:13 -0400: Memory Usage (417180K) : metal1 has 94 polygons
2026-09-01 00:03:13 -0400: Memory Usage (417180K) : metal1_pin has 48 polygons
2026-09-01 00:03:13 -0400: Memory Usage (417444K) : metal1_mask has 0 polygons
2026-09-01 00:03:13 -0400: Memory Usage (417444K) : metal1_nofill has 0 polygons
2026-09-01 00:03:13 -0400: Memory Usage (417444K) : metal1_text has 6 polygons
2026-09-01 00:03:13 -0400: Memory Usage (417444K) : metal1_OPC has 0 polygons
2026-09-01 00:03:13 -0400: Memory Usage (417444K) : metal1_noqrc has 0 polygons
2026-09-01 00:03:13 -0400: Memory Usage (417444K) : metal1_res has 0 polygons
2026-09-01 00:03:13 -0400: Memory Usage (417444K) : metal1_iprobe has 0 polygons
2026-09-01 00:03:13 -0400: Memory Usage (417444K) : metal1_diffprb has 0 polygons
2026-09-01 00:03:13 -0400: Memory Usage (418008K) : passiv_drw has 0 polygons
2026-09-01 00:03:13 -0400: Memory Usage (418008K) : passiv_pin has 0 polygons
2026-09-01 00:03:13 -0400: Memory Usage (418008K) : passiv_sbump has 0 polygons
2026-09-01 00:03:13 -0400: Memory Usage (418008K) : passiv_pillar has 0 polygons
2026-09-01 00:03:13 -0400: Memory Usage (418272K) : passiv_pdl has 0 polygons
2026-09-01 00:03:13 -0400: Memory Usage (418272K) : metal2_drw has 44 polygons
2026-09-01 00:03:13 -0400: Memory Usage (418272K) : metal2_filler has 0 polygons
2026-09-01 00:03:13 -0400: Memory Usage (418272K) : metal2_slit has 0 polygons
2026-09-01 00:03:13 -0400: Memory Usage (418536K) : metal2 has 44 polygons
2026-09-01 00:03:13 -0400: Memory Usage (418536K) : metal2_pin has 12 polygons
2026-09-01 00:03:13 -0400: Memory Usage (418536K) : metal2_mask has 0 polygons
2026-09-01 00:03:13 -0400: Memory Usage (418800K) : metal2_nofill has 0 polygons
2026-09-01 00:03:13 -0400: Memory Usage (418800K) : metal2_text has 0 polygons
2026-09-01 00:03:13 -0400: Memory Usage (418800K) : metal2_OPC has 0 polygons
2026-09-01 00:03:13 -0400: Memory Usage (418800K) : metal2_noqrc has 0 polygons
2026-09-01 00:03:13 -0400: Memory Usage (419064K) : metal2_res has 0 polygons
2026-09-01 00:03:13 -0400: Memory Usage (419064K) : metal2_iprobe has 0 polygons
2026-09-01 00:03:13 -0400: Memory Usage (419064K) : metal2_diffprb has 0 polygons
2026-09-01 00:03:13 -0400: Memory Usage (419064K) : baspoly_drw has 0 polygons
2026-09-01 00:03:13 -0400: Memory Usage (419328K) : baspoly_pin has 0 polygons
2026-09-01 00:03:13 -0400: Memory Usage (419328K) : psd_drw has 20 polygons
2026-09-01 00:03:13 -0400: Memory Usage (419328K) : nldb_drw has 0 polygons
2026-09-01 00:03:13 -0400: Memory Usage (419328K) : digibnd_drw has 0 polygons
2026-09-01 00:03:13 -0400: Memory Usage (419592K) : via1_drw has 504 polygons
2026-09-01 00:03:13 -0400: Memory Usage (419592K) : backmetal1_drw has 0 polygons
2026-09-01 00:03:13 -0400: Memory Usage (419592K) : backmetal1_pin has 0 polygons
2026-09-01 00:03:13 -0400: Memory Usage (419916K) : backmetal1_mask has 0 polygons
2026-09-01 00:03:13 -0400: Memory Usage (419916K) : backmetal1_filler has 0 polygons
2026-09-01 00:03:13 -0400: Memory Usage (419916K) : backmetal1_nofill has 0 polygons
2026-09-01 00:03:13 -0400: Memory Usage (419916K) : backmetal1_slit has 0 polygons
2026-09-01 00:03:13 -0400: Memory Usage (419916K) : backmetal1_text has 0 polygons
2026-09-01 00:03:13 -0400: Memory Usage (419916K) : backmetal1_OPC has 0 polygons
2026-09-01 00:03:13 -0400: Memory Usage (419916K) : backmetal1_noqrc has 0 polygons
2026-09-01 00:03:13 -0400: Memory Usage (419916K) : backmetal1_res has 0 polygons
2026-09-01 00:03:13 -0400: Memory Usage (420180K) : backmetal1_iprobe has 0 polygons
2026-09-01 00:03:13 -0400: Memory Usage (420180K) : backmetal1_diffprb has 0 polygons
2026-09-01 00:03:13 -0400: Memory Usage (420180K) : backpassiv_drw has 0 polygons
2026-09-01 00:03:13 -0400: Memory Usage (420180K) : res_drw has 12 polygons
2026-09-01 00:03:13 -0400: Memory Usage (420444K) : sram_drw has 0 polygons
2026-09-01 00:03:13 -0400: Memory Usage (420444K) : trans_drw has 12 polygons
2026-09-01 00:03:13 -0400: Memory Usage (420444K) : ind_drw has 0 polygons
2026-09-01 00:03:13 -0400: Memory Usage (420444K) : ind_pin has 0 polygons
2026-09-01 00:03:13 -0400: Memory Usage (420708K) : ind_text has 0 polygons
2026-09-01 00:03:13 -0400: Memory Usage (420708K) : salblock_drw has 0 polygons
2026-09-01 00:03:13 -0400: Memory Usage (420708K) : via2_drw has 200 polygons
2026-09-01 00:03:13 -0400: Memory Usage (420708K) : metal3_drw has 28 polygons
2026-09-01 00:03:13 -0400: Memory Usage (420972K) : metal3_filler has 0 polygons
2026-09-01 00:03:13 -0400: Memory Usage (420972K) : metal3_slit has 0 polygons
2026-09-01 00:03:13 -0400: Memory Usage (420972K) : metal3 has 28 polygons
2026-09-01 00:03:13 -0400: Memory Usage (421236K) : metal3_pin has 0 polygons
2026-09-01 00:03:13 -0400: Memory Usage (421236K) : metal3_mask has 0 polygons
2026-09-01 00:03:13 -0400: Memory Usage (421236K) : metal3_nofill has 0 polygons
2026-09-01 00:03:13 -0400: Memory Usage (421236K) : metal3_text has 0 polygons
2026-09-01 00:03:13 -0400: Memory Usage (421500K) : metal3_OPC has 0 polygons
2026-09-01 00:03:13 -0400: Memory Usage (421500K) : metal3_noqrc has 0 polygons
2026-09-01 00:03:13 -0400: Memory Usage (421500K) : metal3_res has 0 polygons
2026-09-01 00:03:13 -0400: Memory Usage (421500K) : metal3_iprobe has 0 polygons
2026-09-01 00:03:13 -0400: Memory Usage (421764K) : metal3_diffprb has 0 polygons
2026-09-01 00:03:13 -0400: Memory Usage (421764K) : nwell_drw has 0 polygons
2026-09-01 00:03:13 -0400: Memory Usage (421764K) : nwell_pin has 0 polygons
2026-09-01 00:03:13 -0400: Memory Usage (421764K) : nbulay_drw has 0 polygons
2026-09-01 00:03:13 -0400: Memory Usage (422028K) : nbulay_pin has 0 polygons
2026-09-01 00:03:13 -0400: Memory Usage (422028K) : nbulay_block has 0 polygons
2026-09-01 00:03:13 -0400: Memory Usage (422028K) : emwind_drw has 36 polygons
2026-09-01 00:03:13 -0400: Memory Usage (422028K) : emwind_OPC has 0 polygons
2026-09-01 00:03:13 -0400: Memory Usage (422292K) : deepco_drw has 0 polygons
2026-09-01 00:03:13 -0400: Memory Usage (422292K) : mim_drw has 3 polygons
2026-09-01 00:03:13 -0400: Memory Usage (422292K) : edgeseal_drw has 0 polygons
2026-09-01 00:03:13 -0400: Memory Usage (422292K) : substrate_drw has 0 polygons
2026-09-01 00:03:13 -0400: Memory Usage (422556K) : substrate_text has 0 polygons
2026-09-01 00:03:13 -0400: Memory Usage (422556K) : dfpad_drw has 0 polygons
2026-09-01 00:03:13 -0400: Memory Usage (422556K) : dfpad_pillar has 0 polygons
2026-09-01 00:03:13 -0400: Memory Usage (422556K) : dfpad_sbump has 0 polygons
2026-09-01 00:03:13 -0400: Memory Usage (422820K) : thickgateox_drw has 0 polygons
2026-09-01 00:03:13 -0400: Memory Usage (422820K) : pldb_drw has 0 polygons
2026-09-01 00:03:13 -0400: Memory Usage (422820K) : pwell_drw has 0 polygons
2026-09-01 00:03:13 -0400: Memory Usage (422820K) : pwell_pin has 0 polygons
2026-09-01 00:03:13 -0400: Memory Usage (423084K) : pwell_block has 0 polygons
2026-09-01 00:03:13 -0400: Memory Usage (423084K) : ic_drw has 0 polygons
2026-09-01 00:03:13 -0400: Memory Usage (423084K) : via3_drw has 184 polygons
2026-09-01 00:03:13 -0400: Memory Usage (423084K) : metal4_drw has 24 polygons
2026-09-01 00:03:13 -0400: Memory Usage (423348K) : metal4_filler has 0 polygons
2026-09-01 00:03:13 -0400: Memory Usage (423348K) : metal4_slit has 0 polygons
2026-09-01 00:03:13 -0400: Memory Usage (423348K) : metal4 has 24 polygons
2026-09-01 00:03:13 -0400: Memory Usage (423348K) : metal4_pin has 0 polygons
2026-09-01 00:03:13 -0400: Memory Usage (423612K) : metal4_mask has 0 polygons
2026-09-01 00:03:13 -0400: Memory Usage (423612K) : metal4_nofill has 3 polygons
2026-09-01 00:03:13 -0400: Memory Usage (423612K) : metal4_text has 4 polygons
2026-09-01 00:03:13 -0400: Memory Usage (423612K) : metal4_OPC has 0 polygons
2026-09-01 00:03:13 -0400: Memory Usage (423876K) : metal4_noqrc has 0 polygons
2026-09-01 00:03:13 -0400: Memory Usage (423876K) : metal4_res has 0 polygons
2026-09-01 00:03:13 -0400: Memory Usage (423876K) : metal4_iprobe has 0 polygons
2026-09-01 00:03:13 -0400: Memory Usage (423876K) : metal4_diffprb has 0 polygons
2026-09-01 00:03:13 -0400: Memory Usage (424140K) : heattrans_drw has 0 polygons
2026-09-01 00:03:13 -0400: Memory Usage (424140K) : heatres_drw has 12 polygons
2026-09-01 00:03:13 -0400: Memory Usage (424140K) : fbe_drw has 0 polygons
2026-09-01 00:03:13 -0400: Memory Usage (424140K) : empoly_drw has 0 polygons
2026-09-01 00:03:13 -0400: Memory Usage (424404K) : digisub_drw has 0 polygons
2026-09-01 00:03:13 -0400: Memory Usage (424404K) : text_drw has 72 polygons
2026-09-01 00:03:13 -0400: Memory Usage (424404K) : via4_drw has 144 polygons
2026-09-01 00:03:13 -0400: Memory Usage (424404K) : metal5_drw has 16 polygons
2026-09-01 00:03:13 -0400: Memory Usage (424668K) : metal5_filler has 0 polygons
2026-09-01 00:03:13 -0400: Memory Usage (424668K) : metal5_slit has 0 polygons
2026-09-01 00:03:13 -0400: Memory Usage (424668K) : metal5 has 16 polygons
2026-09-01 00:03:13 -0400: Memory Usage (424932K) : metal5_pin has 3 polygons
2026-09-01 00:03:13 -0400: Memory Usage (424932K) : metal5_mask has 0 polygons
2026-09-01 00:03:13 -0400: Memory Usage (424932K) : metal5_nofill has 3 polygons
2026-09-01 00:03:13 -0400: Memory Usage (424932K) : metal5_text has 0 polygons
2026-09-01 00:03:13 -0400: Memory Usage (425196K) : metal5_OPC has 0 polygons
2026-09-01 00:03:13 -0400: Memory Usage (425196K) : metal5_noqrc has 0 polygons
2026-09-01 00:03:13 -0400: Memory Usage (425196K) : metal5_res has 0 polygons
2026-09-01 00:03:13 -0400: Memory Usage (425460K) : metal5_iprobe has 0 polygons
2026-09-01 00:03:13 -0400: Memory Usage (425460K) : metal5_diffprb has 0 polygons
2026-09-01 00:03:13 -0400: Memory Usage (425460K) : radhard_drw has 0 polygons
2026-09-01 00:03:13 -0400: Memory Usage (425460K) : memcap_drw has 3 polygons
2026-09-01 00:03:13 -0400: Memory Usage (425724K) : varicap_drw has 0 polygons
2026-09-01 00:03:13 -0400: Memory Usage (425724K) : intbondvia_drw has 0 polygons
2026-09-01 00:03:13 -0400: Memory Usage (425724K) : intbondmet_drw has 0 polygons
2026-09-01 00:03:13 -0400: Memory Usage (425724K) : devbondvia_drw has 0 polygons
2026-09-01 00:03:13 -0400: Memory Usage (425988K) : devbondmet_drw has 0 polygons
2026-09-01 00:03:13 -0400: Memory Usage (425988K) : devtrench_drw has 0 polygons
2026-09-01 00:03:13 -0400: Memory Usage (425988K) : redist_drw has 0 polygons
2026-09-01 00:03:13 -0400: Memory Usage (425988K) : graphbot_drw has 0 polygons
2026-09-01 00:03:13 -0400: Memory Usage (426252K) : graphtop_drw has 0 polygons
2026-09-01 00:03:13 -0400: Memory Usage (426252K) : antvia1_drw has 0 polygons
2026-09-01 00:03:13 -0400: Memory Usage (426252K) : antmetal2_drw has 0 polygons
2026-09-01 00:03:13 -0400: Memory Usage (426252K) : graphcont_drw has 0 polygons
2026-09-01 00:03:13 -0400: Memory Usage (426252K) : siwg_drw has 0 polygons
2026-09-01 00:03:13 -0400: Memory Usage (426252K) : siwg_filler has 0 polygons
2026-09-01 00:03:13 -0400: Memory Usage (426516K) : siwg_nofill has 0 polygons
2026-09-01 00:03:13 -0400: Memory Usage (426516K) : sigrating_drw has 0 polygons
2026-09-01 00:03:13 -0400: Memory Usage (426516K) : singrating_drw has 0 polygons
2026-09-01 00:03:13 -0400: Memory Usage (426780K) : graphpas_drw has 0 polygons
2026-09-01 00:03:13 -0400: Memory Usage (426780K) : emwind3_drw has 0 polygons
2026-09-01 00:03:13 -0400: Memory Usage (426780K) : emwihv3_drw has 0 polygons
2026-09-01 00:03:13 -0400: Memory Usage (426780K) : redbulay_drw has 0 polygons
2026-09-01 00:03:13 -0400: Memory Usage (427044K) : smos_drw has 0 polygons
2026-09-01 00:03:13 -0400: Memory Usage (427044K) : graphpad_drw has 0 polygons
2026-09-01 00:03:13 -0400: Memory Usage (427044K) : polimide_drw has 0 polygons
2026-09-01 00:03:13 -0400: Memory Usage (427044K) : polimide_pin has 0 polygons
2026-09-01 00:03:13 -0400: Memory Usage (427308K) : recog_drw has 0 polygons
2026-09-01 00:03:13 -0400: Memory Usage (427308K) : recog_pin has 0 polygons
2026-09-01 00:03:13 -0400: Memory Usage (427308K) : recog_esd has 0 polygons
2026-09-01 00:03:13 -0400: Memory Usage (427308K) : recog_diode has 0 polygons
2026-09-01 00:03:13 -0400: Memory Usage (427572K) : recog_tsv has 0 polygons
2026-09-01 00:03:13 -0400: Memory Usage (427572K) : recog_iprobe has 0 polygons
2026-09-01 00:03:13 -0400: Memory Usage (427572K) : recog_diffprb has 0 polygons
2026-09-01 00:03:13 -0400: Memory Usage (427572K) : recog_pillar has 0 polygons
2026-09-01 00:03:13 -0400: Memory Usage (427836K) : recog_sbump has 0 polygons
2026-09-01 00:03:13 -0400: Memory Usage (427836K) : recog_otp has 0 polygons
2026-09-01 00:03:13 -0400: Memory Usage (427836K) : recog_pdiode has 0 polygons
2026-09-01 00:03:13 -0400: Memory Usage (427836K) : recog_mom has 0 polygons
2026-09-01 00:03:13 -0400: Memory Usage (428100K) : recog_pcm has 0 polygons
2026-09-01 00:03:13 -0400: Memory Usage (428100K) : colopen_drw has 0 polygons
2026-09-01 00:03:13 -0400: Memory Usage (428100K) : graphmetal1_drw has 0 polygons
2026-09-01 00:03:13 -0400: Memory Usage (428100K) : graphmetal1_filler has 0 polygons
2026-09-01 00:03:13 -0400: Memory Usage (428100K) : graphmetal1_nofill has 0 polygons
2026-09-01 00:03:13 -0400: Memory Usage (428364K) : graphmetal1_slit has 0 polygons
2026-09-01 00:03:13 -0400: Memory Usage (428364K) : graphmetal1_OPC has 0 polygons
2026-09-01 00:03:13 -0400: Memory Usage (428364K) : graphmet1l_drw has 0 polygons
2026-09-01 00:03:13 -0400: Memory Usage (428364K) : graphmet1l_filler has 0 polygons
2026-09-01 00:03:13 -0400: Memory Usage (428628K) : graphmet1l_nofill has 0 polygons
2026-09-01 00:03:13 -0400: Memory Usage (428628K) : graphmet1l_slit has 0 polygons
2026-09-01 00:03:13 -0400: Memory Usage (428628K) : graphmet1l_OPC has 0 polygons
2026-09-01 00:03:13 -0400: Memory Usage (428628K) : extblock_drw has 12 polygons
2026-09-01 00:03:13 -0400: Memory Usage (428892K) : nldd_drw has 0 polygons
2026-09-01 00:03:13 -0400: Memory Usage (428892K) : pldd_drw has 0 polygons
2026-09-01 00:03:13 -0400: Memory Usage (428892K) : next_drw has 0 polygons
2026-09-01 00:03:13 -0400: Memory Usage (428892K) : pext_drw has 0 polygons
2026-09-01 00:03:13 -0400: Memory Usage (429156K) : nexthv_drw has 0 polygons
2026-09-01 00:03:13 -0400: Memory Usage (429156K) : pexthv_drw has 0 polygons
2026-09-01 00:03:13 -0400: Memory Usage (429156K) : graphgate_drw has 0 polygons
2026-09-01 00:03:13 -0400: Memory Usage (429156K) : sinwg_drw has 0 polygons
2026-09-01 00:03:13 -0400: Memory Usage (429420K) : sinwg_filler has 0 polygons
2026-09-01 00:03:13 -0400: Memory Usage (429420K) : sinwg_nofill has 0 polygons
2026-09-01 00:03:13 -0400: Memory Usage (429420K) : mempad_drw has 0 polygons
2026-09-01 00:03:13 -0400: Memory Usage (429420K) : topvia1_drw has 13 polygons
2026-09-01 00:03:13 -0400: Memory Usage (429684K) : topmetal1_drw has 11 polygons
2026-09-01 00:03:13 -0400: Memory Usage (429684K) : topmetal1_filler has 0 polygons
2026-09-01 00:03:13 -0400: Memory Usage (429684K) : topmetal1_slit has 0 polygons
2026-09-01 00:03:13 -0400: Memory Usage (429948K) : topmetal1 has 11 polygons
2026-09-01 00:03:13 -0400: Memory Usage (429948K) : topmetal1_pin has 3 polygons
2026-09-01 00:03:13 -0400: Memory Usage (429948K) : topmetal1_mask has 0 polygons
2026-09-01 00:03:13 -0400: Memory Usage (429948K) : topmetal1_nofill has 3 polygons
2026-09-01 00:03:13 -0400: Memory Usage (430212K) : topmetal1_text has 2 polygons
2026-09-01 00:03:13 -0400: Memory Usage (430212K) : topmetal1_noqrc has 0 polygons
2026-09-01 00:03:13 -0400: Memory Usage (430212K) : topmetal1_res has 0 polygons
2026-09-01 00:03:13 -0400: Memory Usage (430476K) : topmetal1_iprobe has 0 polygons
2026-09-01 00:03:13 -0400: Memory Usage (430476K) : topmetal1_diffprb has 0 polygons
2026-09-01 00:03:13 -0400: Memory Usage (430476K) : inldpwl_drw has 0 polygons
2026-09-01 00:03:13 -0400: Memory Usage (430476K) : polyres_drw has 12 polygons
2026-09-01 00:03:13 -0400: Memory Usage (430476K) : polyres_pin has 0 polygons
2026-09-01 00:03:13 -0400: Memory Usage (430476K) : vmim_drw has 12 polygons
2026-09-01 00:03:13 -0400: Memory Usage (430740K) : nbulaycut_drw has 0 polygons
2026-09-01 00:03:13 -0400: Memory Usage (430740K) : antmetal1_drw has 0 polygons
2026-09-01 00:03:13 -0400: Memory Usage (430740K) : topvia2_drw has 2 polygons
2026-09-01 00:03:13 -0400: Memory Usage (430740K) : topmetal2_drw has 1 polygons
2026-09-01 00:03:13 -0400: Memory Usage (431004K) : topmetal2_filler has 0 polygons
2026-09-01 00:03:13 -0400: Memory Usage (431004K) : topmetal2_slit has 0 polygons
2026-09-01 00:03:13 -0400: Memory Usage (431004K) : topmetal2 has 1 polygons
2026-09-01 00:03:13 -0400: Memory Usage (431004K) : topmetal2_pin has 0 polygons
2026-09-01 00:03:13 -0400: Memory Usage (431268K) : topmetal2_mask has 0 polygons
2026-09-01 00:03:13 -0400: Memory Usage (431268K) : topmetal2_nofill has 3 polygons
2026-09-01 00:03:13 -0400: Memory Usage (431268K) : topmetal2_text has 1 polygons
2026-09-01 00:03:13 -0400: Memory Usage (431268K) : topmetal2_noqrc has 0 polygons
2026-09-01 00:03:13 -0400: Memory Usage (431532K) : topmetal2_res has 0 polygons
2026-09-01 00:03:13 -0400: Memory Usage (431532K) : topmetal2_iprobe has 0 polygons
2026-09-01 00:03:13 -0400: Memory Usage (431532K) : topmetal2_diffprb has 0 polygons
2026-09-01 00:03:13 -0400: Memory Usage (431532K) : snsring_drw has 0 polygons
2026-09-01 00:03:13 -0400: Memory Usage (431796K) : sensor_drw has 0 polygons
2026-09-01 00:03:13 -0400: Memory Usage (431796K) : snsarms_drw has 0 polygons
2026-09-01 00:03:13 -0400: Memory Usage (431796K) : snscmosvia_drw has 0 polygons
2026-09-01 00:03:13 -0400: Memory Usage (431796K) : colwind_drw has 0 polygons
2026-09-01 00:03:13 -0400: Memory Usage (432060K) : flm_drw has 0 polygons
2026-09-01 00:03:13 -0400: Memory Usage (432060K) : hafniumox_drw has 0 polygons
2026-09-01 00:03:13 -0400: Memory Usage (432060K) : memvia_drw has 0 polygons
2026-09-01 00:03:13 -0400: Memory Usage (432060K) : thinfilmres_drw has 0 polygons
2026-09-01 00:03:13 -0400: Memory Usage (432324K) : rfmem_drw has 0 polygons
2026-09-01 00:03:13 -0400: Memory Usage (432324K) : norcx_drw has 0 polygons
2026-09-01 00:03:13 -0400: Memory Usage (432324K) : norcx_m2m3 has 0 polygons
2026-09-01 00:03:13 -0400: Memory Usage (432324K) : norcx_m2m4 has 0 polygons
2026-09-01 00:03:13 -0400: Memory Usage (432588K) : norcx_m2m5 has 0 polygons
2026-09-01 00:03:13 -0400: Memory Usage (432588K) : norcx_m2tm1 has 0 polygons
2026-09-01 00:03:13 -0400: Memory Usage (432588K) : norcx_m2tm2 has 0 polygons
2026-09-01 00:03:13 -0400: Memory Usage (432588K) : norcx_m3m4 has 0 polygons
2026-09-01 00:03:13 -0400: Memory Usage (432852K) : norcx_m3m5 has 0 polygons
2026-09-01 00:03:13 -0400: Memory Usage (432852K) : norcx_m3tm1 has 0 polygons
2026-09-01 00:03:13 -0400: Memory Usage (432852K) : norcx_m3tm2 has 0 polygons
2026-09-01 00:03:13 -0400: Memory Usage (432852K) : norcx_m4m5 has 0 polygons
2026-09-01 00:03:13 -0400: Memory Usage (433116K) : norcx_m4tm1 has 0 polygons
2026-09-01 00:03:13 -0400: Memory Usage (433116K) : norcx_m4tm2 has 0 polygons
2026-09-01 00:03:13 -0400: Memory Usage (433116K) : norcx_m5tm1 has 0 polygons
2026-09-01 00:03:13 -0400: Memory Usage (433116K) : norcx_m5tm2 has 0 polygons
2026-09-01 00:03:13 -0400: Memory Usage (433116K) : norcx_tm1tm2 has 0 polygons
2026-09-01 00:03:13 -0400: Memory Usage (433116K) : norcx_m1sub has 0 polygons
2026-09-01 00:03:13 -0400: Memory Usage (433116K) : norcx_m2sub has 0 polygons
2026-09-01 00:03:13 -0400: Memory Usage (433116K) : norcx_m3sub has 0 polygons
2026-09-01 00:03:13 -0400: Memory Usage (433116K) : norcx_m4sub has 0 polygons
2026-09-01 00:03:13 -0400: Memory Usage (433116K) : norcx_m5sub has 0 polygons
2026-09-01 00:03:13 -0400: Memory Usage (433116K) : norcx_tm1sub has 0 polygons
2026-09-01 00:03:13 -0400: Memory Usage (433116K) : norcx_tm2sub has 0 polygons
2026-09-01 00:03:13 -0400: Memory Usage (433116K) : snsbotvia_drw has 0 polygons
2026-09-01 00:03:13 -0400: Memory Usage (433116K) : snstopvia_drw has 0 polygons
2026-09-01 00:03:13 -0400: Memory Usage (433116K) : deepvia_drw has 0 polygons
2026-09-01 00:03:13 -0400: Memory Usage (433116K) : fgetch_drw has 0 polygons
2026-09-01 00:03:13 -0400: Memory Usage (433116K) : ctrgat_drw has 0 polygons
2026-09-01 00:03:13 -0400: Memory Usage (433116K) : fgimp_drw has 0 polygons
2026-09-01 00:03:13 -0400: Memory Usage (433116K) : emwihv_drw has 0 polygons
2026-09-01 00:03:13 -0400: Memory Usage (433116K) : lbe_drw has 0 polygons
2026-09-01 00:03:13 -0400: Memory Usage (433116K) : alcustop_drw has 0 polygons
2026-09-01 00:03:13 -0400: Memory Usage (433116K) : nometfiller_drw has 0 polygons
2026-09-01 00:03:13 -0400: Memory Usage (433116K) : prboundary_drw has 0 polygons
2026-09-01 00:03:13 -0400: Memory Usage (433116K) : exchange0_drw has 0 polygons
2026-09-01 00:03:13 -0400: Memory Usage (433116K) : exchange0_pin has 0 polygons
2026-09-01 00:03:13 -0400: Memory Usage (433116K) : exchange0_text has 0 polygons
2026-09-01 00:03:13 -0400: Memory Usage (433116K) : exchange1_drw has 0 polygons
2026-09-01 00:03:13 -0400: Memory Usage (433116K) : exchange1_pin has 0 polygons
2026-09-01 00:03:13 -0400: Memory Usage (433116K) : exchange1_text has 0 polygons
2026-09-01 00:03:13 -0400: Memory Usage (433116K) : exchange2_drw has 0 polygons
2026-09-01 00:03:13 -0400: Memory Usage (433116K) : exchange2_pin has 0 polygons
2026-09-01 00:03:13 -0400: Memory Usage (433116K) : exchange2_text has 0 polygons
2026-09-01 00:03:13 -0400: Memory Usage (433116K) : exchange3_drw has 0 polygons
2026-09-01 00:03:13 -0400: Memory Usage (433116K) : exchange3_pin has 0 polygons
2026-09-01 00:03:13 -0400: Memory Usage (433116K) : exchange3_text has 0 polygons
2026-09-01 00:03:14 -0400: Memory Usage (433380K) : exchange4_drw has 0 polygons
2026-09-01 00:03:14 -0400: Memory Usage (433380K) : exchange4_pin has 0 polygons
2026-09-01 00:03:14 -0400: Memory Usage (433380K) : exchange4_text has 0 polygons
2026-09-01 00:03:14 -0400: Memory Usage (433380K) : isonwell_drw has 0 polygons
2026-09-01 00:03:14 -0400: Memory Usage (433380K) : Total no. of polygons in the design is 2640
2026-09-01 00:03:14 -0400: Memory Usage (433380K) : Starting SG13G2 LVS runset
2026-09-01 00:03:14 -0400: Memory Usage (433380K) : Starting base layers derivations
2026-09-01 00:03:14 -0400: Memory Usage (433380K) : Starting general LVS derivations
2026-09-01 00:03:14 -0400: Memory Usage (439556K) : Starting MOSFET DERIVATIONS
2026-09-01 00:03:14 -0400: Memory Usage (441940K) : Starting NMOS DERIVATIONS
2026-09-01 00:03:14 -0400: Memory Usage (442204K) : Starting PMOS DERIVATIONS
2026-09-01 00:03:14 -0400: Memory Usage (442468K) : Starting RF-MOSFET DERIVATIONS
2026-09-01 00:03:14 -0400: Memory Usage (442468K) : Starting RF-NMOS DERIVATIONS
2026-09-01 00:03:14 -0400: Memory Usage (442468K) : Starting RF-PMOS DERIVATIONS
2026-09-01 00:03:14 -0400: Memory Usage (442732K) : Starting BJT DERIVATIONS
2026-09-01 00:03:14 -0400: Memory Usage (442732K) : Starting NPN-BJT DERIVATIONS
2026-09-01 00:03:14 -0400: Memory Usage (436100K) : Starting PNP-BJT DERIVATIONS
2026-09-01 00:03:14 -0400: Memory Usage (436100K) : Starting DIODE DERIVATIONS
2026-09-01 00:03:14 -0400: Memory Usage (436100K) : Starting RESISTOR DERIVATIONS
2026-09-01 00:03:14 -0400: Memory Usage (436164K) : Starting CAP DERIVATIONS
2026-09-01 00:03:14 -0400: Memory Usage (436164K) : Starting ESD DERIVATIONS
2026-09-01 00:03:14 -0400: Memory Usage (437780K) : Starting Inductor DERIVATIONS
2026-09-01 00:03:14 -0400: Memory Usage (441472K) : Starting Taps DERIVATIONS
2026-09-01 00:03:14 -0400: Memory Usage (442792K) : Starting SG13G2 LVS connectivity setup
2026-09-01 00:03:14 -0400: Memory Usage (442792K) : Starting SG13G2 LVS connectivity setup (Inter-layer)
2026-09-01 00:03:14 -0400: Memory Usage (442792K) : Starting SG13G2 LVS connectivity setup (Global)
2026-09-01 00:03:14 -0400: Memory Usage (442792K) : Starting LVS MOSFET CONNECTIONS
2026-09-01 00:03:14 -0400: Memory Usage (442792K) : Starting LVS RF-MOSFET CONNECTIONS
2026-09-01 00:03:14 -0400: Memory Usage (442792K) : Starting LVS BJT CONNECTIONS
2026-09-01 00:03:14 -0400: Memory Usage (442792K) : Starting LVS DIODE CONNECTIONS
2026-09-01 00:03:14 -0400: Memory Usage (442792K) : Starting RESISTOR CONNECTIONS
2026-09-01 00:03:14 -0400: Memory Usage (442792K) : Starting LVS CAP CONNECTIONS
2026-09-01 00:03:14 -0400: Memory Usage (442792K) : Starting ESD CONNECTIONS
2026-09-01 00:03:14 -0400: Memory Usage (442792K) : Starting Inductor CONNECTIONS
2026-09-01 00:03:14 -0400: Memory Usage (442792K) : Starting LVS Taps CONNECTIONS
2026-09-01 00:03:14 -0400: Memory Usage (442792K) : Starting SG13G2 LVS DEVICES EXTRACTION
2026-09-01 00:03:14 -0400: Memory Usage (442792K) : Starting MOSFET EXTRACTION
2026-09-01 00:03:14 -0400: Memory Usage (442792K) : Starting NMOS EXTRACTION
2026-09-01 00:03:14 -0400: Memory Usage (442792K) : Extraction of NMOS-LV transistor
2026-09-01 00:03:14 -0400: Memory Usage (442792K) : Extraction of NMOS-HV transistor
2026-09-01 00:03:14 -0400: Memory Usage (443116K) : Starting PMOS EXTRACTION
2026-09-01 00:03:14 -0400: Memory Usage (443116K) : Extraction of PMOS-LV transistor
2026-09-01 00:03:14 -0400: Memory Usage (443116K) : Extraction of PMOS-HV transistor
2026-09-01 00:03:14 -0400: Memory Usage (443116K) : Starting RF-MOSFET EXTRACTION
2026-09-01 00:03:14 -0400: Memory Usage (443116K) : Extraction of RF-NMOS-LV transistor
2026-09-01 00:03:14 -0400: Memory Usage (443116K) : Extraction of RF-NMOS-HV transistor
2026-09-01 00:03:14 -0400: Memory Usage (443380K) : Extraction of RF-PMOS-LV transistor
2026-09-01 00:03:14 -0400: Memory Usage (443380K) : Extraction of RF-PMOS-HV transistor
2026-09-01 00:03:14 -0400: Memory Usage (443380K) : Starting BJT EXTRACTION
2026-09-01 00:03:14 -0400: Memory Usage (443380K) : Starting NPN-BJT EXTRACTION
2026-09-01 00:03:14 -0400: Memory Usage (443380K) : Extraction of npn13G2 BJT transistor
2026-09-01 00:03:14 -0400: Memory Usage (443380K) : Extraction of npn13G2L BJT transistor
2026-09-01 00:03:14 -0400: Memory Usage (443380K) : Extraction of npn13G2V BJT transistor
2026-09-01 00:03:14 -0400: Memory Usage (443760K) : Starting PNP-BJT EXTRACTION
2026-09-01 00:03:14 -0400: Memory Usage (443760K) : Extracting pnpMPA BJT
2026-09-01 00:03:14 -0400: Memory Usage (443760K) : Starting DIODE EXTRACTION
2026-09-01 00:03:14 -0400: Memory Usage (443760K) : Extracting dantenna diode
2026-09-01 00:03:14 -0400: Memory Usage (444024K) : Extracting dpantenna diode
2026-09-01 00:03:14 -0400: Memory Usage (444024K) : Extracting schottky_nbl1 diode
2026-09-01 00:03:14 -0400: Memory Usage (444024K) : Starting RESISTOR EXTRACTION
2026-09-01 00:03:14 -0400: Memory Usage (444024K) : Extracting rsil resistor
2026-09-01 00:03:14 -0400: Memory Usage (444420K) : Extracting rppd resistor
2026-09-01 00:03:14 -0400: Memory Usage (444804K) : Extracting rhigh resistor
2026-09-01 00:03:14 -0400: Memory Usage (444804K) : Extracting res_metal1 resistor
2026-09-01 00:03:14 -0400: Memory Usage (444804K) : Extracting res_metal2 resistor
2026-09-01 00:03:14 -0400: Memory Usage (445128K) : Extracting res_metal3 resistor
2026-09-01 00:03:14 -0400: Memory Usage (445128K) : Extracting res_metal4 resistor
2026-09-01 00:03:14 -0400: Memory Usage (445128K) : Extracting res_metal5 resistor
2026-09-01 00:03:14 -0400: Memory Usage (445128K) : Extracting res_topmetal1 resistor
2026-09-01 00:03:14 -0400: Memory Usage (445392K) : Extracting res_topmetal2 resistor
2026-09-01 00:03:14 -0400: Memory Usage (445392K) : Starting CAP EXTRACTION
2026-09-01 00:03:14 -0400: Memory Usage (445392K) : Extracting cap_cmim device
2026-09-01 00:03:14 -0400: Memory Usage (445392K) : Extracting rfcmim device
2026-09-01 00:03:14 -0400: Memory Usage (445392K) : Extracting sg13_hv_svaricap varactor
2026-09-01 00:03:14 -0400: Memory Usage (445656K) : Starting ESD EXTRACTION
2026-09-01 00:03:14 -0400: Memory Usage (445656K) : Extracting diodevdd_2kv ESD device
2026-09-01 00:03:14 -0400: Memory Usage (445656K) : Extracting diodevdd_4kv ESD device
2026-09-01 00:03:14 -0400: Memory Usage (445920K) : Extracting diodevss_2kv ESD device
2026-09-01 00:03:14 -0400: Memory Usage (446184K) : Extracting diodevss_4kv ESD device
2026-09-01 00:03:14 -0400: Memory Usage (446184K) : Extracting idiodevdd_2kv ESD device
2026-09-01 00:03:14 -0400: Memory Usage (446448K) : Extracting idiodevdd_4kv ESD device
2026-09-01 00:03:14 -0400: Memory Usage (446712K) : Extracting idiodevss_2kv ESD device
2026-09-01 00:03:14 -0400: Memory Usage (446712K) : Extracting idiodevss_4kv ESD device
2026-09-01 00:03:14 -0400: Memory Usage (446976K) : Extracting nmoscl_2 ESD device
2026-09-01 00:03:14 -0400: Memory Usage (446976K) : Extracting nmoscl_4 ESD device
2026-09-01 00:03:14 -0400: Memory Usage (446976K) : Starting Inductor EXTRACTION
2026-09-01 00:03:14 -0400: Memory Usage (446976K) : Extracting Inductor2 device
2026-09-01 00:03:14 -0400: Memory Usage (447240K) : Extracting Inductor3 device
2026-09-01 00:03:14 -0400: Memory Usage (447240K) : Starting Taps EXTRACTION
2026-09-01 00:03:14 -0400: Memory Usage (447240K) : Extracting ntap1 device
2026-09-01 00:03:14 -0400: Memory Usage (447240K) : Extracting ptap1 device
2026-09-01 00:03:14 -0400: Memory Usage (447504K) : Starting SG13G2 LVS Options Preparations
2026-09-01 00:03:14 -0400: Memory Usage (447504K) : Starting SG13G2 LVS Alignment
2026-09-01 00:03:14 -0400: Memory Usage (447504K) : Starting SG13G2 LVS Simplification
2026-09-01 00:03:14 -0400: Memory Usage (447504K) : Starting SG13G2 LVS Comparison with flag_missing_ports
2026-09-01 00:03:14 -0400: Memory Usage (447504K) : ==========================================
2026-09-01 00:03:14 -0400: Memory Usage (447504K) : INFO : Congratulations! Netlists match.
2026-09-01 00:03:14 -0400: Memory Usage (447504K) : ==========================================
2026-09-01 00:03:14 -0400: Memory Usage (447504K) : LVS Total Run time 0.954357 seconds
