# Logfile created on 2026-09-01 00:02:59 -0400 by logger.rb/61378
2026-09-01 00:02:59 -0400: Memory Usage (413452K) : Starting running IHP-SG13G2 Klayout DRC runset on /home/noorizad/spicexplorer-workspace/external/pam4-wt/paper-record/report/work/c/dut_pam4.gds
2026-09-01 00:02:59 -0400: Memory Usage (413452K) : Ruby Version for klayout: 2.5.9
2026-09-01 00:02:59 -0400: Memory Usage (413452K) : Loading database to memory is complete.
2026-09-01 00:02:59 -0400: Memory Usage (413452K) : IHP-SG13G2 Klayout DRC runset output at: /home/noorizad/spicexplorer-workspace/external/pam4-wt/paper-record/report/work/c/signoff/drc/dut_pam4_pam4drv_pam4_lay_main.lyrdb
2026-09-01 00:02:59 -0400: Memory Usage (413452K) : Evaluate switches.
2026-09-01 00:02:59 -0400: Memory Usage (413452K) : table_name selected  main
2026-09-01 00:02:59 -0400: Memory Usage (413452K) : Klayout will use 128 thread(s)
2026-09-01 00:02:59 -0400: Memory Usage (413452K) : deep mode is enabled for main table.
2026-09-01 00:02:59 -0400: Memory Usage (413452K) : FEOL enabled: true
2026-09-01 00:02:59 -0400: Memory Usage (413452K) : BEOL enabled: true
2026-09-01 00:02:59 -0400: Memory Usage (413452K) : OffGrid enabled: true
2026-09-01 00:02:59 -0400: Memory Usage (413452K) : PreCheck DRC enabled: false
2026-09-01 00:02:59 -0400: Memory Usage (413452K) : CONNECTIVITY_RULES enabled: true for table main
2026-09-01 00:02:59 -0400: Memory Usage (413452K) : Read in polygons from layers.
2026-09-01 00:02:59 -0400: Memory Usage (413452K) : activ_drw has 68 polygons
2026-09-01 00:02:59 -0400: Memory Usage (413452K) : activ_pin has 0 polygons
2026-09-01 00:02:59 -0400: Memory Usage (413452K) : activ_mask has 12 polygons
2026-09-01 00:02:59 -0400: Memory Usage (413452K) : activ_filler has 0 polygons
2026-09-01 00:02:59 -0400: Memory Usage (413452K) : activ_nofill has 0 polygons
2026-09-01 00:02:59 -0400: Memory Usage (413452K) : activ_opc has 0 polygons
2026-09-01 00:02:59 -0400: Memory Usage (413452K) : activ_iopc has 0 polygons
2026-09-01 00:02:59 -0400: Memory Usage (413452K) : activ_noqrc has 0 polygons
2026-09-01 00:02:59 -0400: Memory Usage (413452K) : biwind_drw has 0 polygons
2026-09-01 00:02:59 -0400: Memory Usage (413452K) : biwind_opc has 0 polygons
2026-09-01 00:02:59 -0400: Memory Usage (413452K) : pemwind_drw has 0 polygons
2026-09-01 00:02:59 -0400: Memory Usage (413452K) : gatpoly_drw has 24 polygons
2026-09-01 00:02:59 -0400: Memory Usage (413452K) : gatpoly_pin has 0 polygons
2026-09-01 00:02:59 -0400: Memory Usage (413452K) : gatpoly_filler has 0 polygons
2026-09-01 00:02:59 -0400: Memory Usage (413452K) : gatpoly_nofill has 0 polygons
2026-09-01 00:02:59 -0400: Memory Usage (413452K) : gatpoly_opc has 0 polygons
2026-09-01 00:02:59 -0400: Memory Usage (413452K) : gatpoly_iopc has 0 polygons
2026-09-01 00:02:59 -0400: Memory Usage (413452K) : gatpoly_noqrc has 0 polygons
2026-09-01 00:02:59 -0400: Memory Usage (413452K) : cont_drw has 950 polygons
2026-09-01 00:02:59 -0400: Memory Usage (413452K) : cont_opc has 0 polygons
2026-09-01 00:02:59 -0400: Memory Usage (413452K) : nsd_drw has 0 polygons
2026-09-01 00:02:59 -0400: Memory Usage (413452K) : nsd_block has 24 polygons
2026-09-01 00:02:59 -0400: Memory Usage (413452K) : metal1_drw has 94 polygons
2026-09-01 00:02:59 -0400: Memory Usage (413452K) : metal1_pin has 48 polygons
2026-09-01 00:02:59 -0400: Memory Usage (413452K) : metal1_mask has 0 polygons
2026-09-01 00:02:59 -0400: Memory Usage (415532K) : metal1_filler has 0 polygons
2026-09-01 00:02:59 -0400: Memory Usage (415532K) : metal1_nofill has 0 polygons
2026-09-01 00:02:59 -0400: Memory Usage (415532K) : metal1_slit has 0 polygons
2026-09-01 00:02:59 -0400: Memory Usage (415532K) : metal1_text has 6 polygons
2026-09-01 00:02:59 -0400: Memory Usage (415532K) : metal1_opc has 0 polygons
2026-09-01 00:02:59 -0400: Memory Usage (415532K) : metal1_noqrc has 0 polygons
2026-09-01 00:02:59 -0400: Memory Usage (416032K) : metal1_res has 0 polygons
2026-09-01 00:02:59 -0400: Memory Usage (416032K) : metal1_iprobe has 0 polygons
2026-09-01 00:02:59 -0400: Memory Usage (416032K) : metal1_diffprb has 0 polygons
2026-09-01 00:02:59 -0400: Memory Usage (416032K) : passiv_drw has 0 polygons
2026-09-01 00:02:59 -0400: Memory Usage (416032K) : passiv_pin has 0 polygons
2026-09-01 00:02:59 -0400: Memory Usage (416032K) : passiv_sbump has 0 polygons
2026-09-01 00:02:59 -0400: Memory Usage (416032K) : passiv_pillar has 0 polygons
2026-09-01 00:02:59 -0400: Memory Usage (416296K) : passiv_pdl has 0 polygons
2026-09-01 00:02:59 -0400: Memory Usage (416296K) : metal2_drw has 44 polygons
2026-09-01 00:02:59 -0400: Memory Usage (416296K) : metal2_pin has 12 polygons
2026-09-01 00:02:59 -0400: Memory Usage (416296K) : metal2_mask has 0 polygons
2026-09-01 00:02:59 -0400: Memory Usage (416296K) : metal2_filler has 0 polygons
2026-09-01 00:02:59 -0400: Memory Usage (416296K) : metal2_nofill has 0 polygons
2026-09-01 00:02:59 -0400: Memory Usage (416296K) : metal2_slit has 0 polygons
2026-09-01 00:02:59 -0400: Memory Usage (416296K) : metal2_text has 0 polygons
2026-09-01 00:02:59 -0400: Memory Usage (416296K) : metal2_opc has 0 polygons
2026-09-01 00:02:59 -0400: Memory Usage (416296K) : metal2_noqrc has 0 polygons
2026-09-01 00:02:59 -0400: Memory Usage (416296K) : metal2_res has 0 polygons
2026-09-01 00:02:59 -0400: Memory Usage (416296K) : metal2_iprobe has 0 polygons
2026-09-01 00:02:59 -0400: Memory Usage (416296K) : metal2_diffprb has 0 polygons
2026-09-01 00:02:59 -0400: Memory Usage (416560K) : baspoly_drw has 0 polygons
2026-09-01 00:02:59 -0400: Memory Usage (416560K) : baspoly_pin has 0 polygons
2026-09-01 00:02:59 -0400: Memory Usage (416560K) : psd_drw has 20 polygons
2026-09-01 00:02:59 -0400: Memory Usage (416560K) : nldb_drw has 0 polygons
2026-09-01 00:02:59 -0400: Memory Usage (416560K) : digibnd_drw has 0 polygons
2026-09-01 00:02:59 -0400: Memory Usage (416560K) : via1_drw has 504 polygons
2026-09-01 00:02:59 -0400: Memory Usage (416824K) : backmetal1_drw has 0 polygons
2026-09-01 00:02:59 -0400: Memory Usage (416824K) : backmetal1_pin has 0 polygons
2026-09-01 00:02:59 -0400: Memory Usage (416824K) : backmetal1_mask has 0 polygons
2026-09-01 00:02:59 -0400: Memory Usage (416824K) : backmetal1_filler has 0 polygons
2026-09-01 00:02:59 -0400: Memory Usage (416824K) : backmetal1_nofill has 0 polygons
2026-09-01 00:02:59 -0400: Memory Usage (416824K) : backmetal1_slit has 0 polygons
2026-09-01 00:02:59 -0400: Memory Usage (417088K) : backmetal1_text has 0 polygons
2026-09-01 00:02:59 -0400: Memory Usage (417088K) : backmetal1_opc has 0 polygons
2026-09-01 00:02:59 -0400: Memory Usage (417088K) : backmetal1_noqrc has 0 polygons
2026-09-01 00:02:59 -0400: Memory Usage (417088K) : backmetal1_res has 0 polygons
2026-09-01 00:02:59 -0400: Memory Usage (417088K) : backmetal1_iprobe has 0 polygons
2026-09-01 00:02:59 -0400: Memory Usage (417088K) : backmetal1_diffprb has 0 polygons
2026-09-01 00:02:59 -0400: Memory Usage (417352K) : backpassiv_drw has 0 polygons
2026-09-01 00:02:59 -0400: Memory Usage (417352K) : res_drw has 12 polygons
2026-09-01 00:02:59 -0400: Memory Usage (417352K) : sram_drw has 0 polygons
2026-09-01 00:02:59 -0400: Memory Usage (417352K) : trans_drw has 12 polygons
2026-09-01 00:02:59 -0400: Memory Usage (417352K) : ind_drw has 0 polygons
2026-09-01 00:02:59 -0400: Memory Usage (417352K) : ind_pin has 0 polygons
2026-09-01 00:02:59 -0400: Memory Usage (417616K) : ind_text has 0 polygons
2026-09-01 00:02:59 -0400: Memory Usage (417616K) : salblock_drw has 0 polygons
2026-09-01 00:02:59 -0400: Memory Usage (417616K) : via2_drw has 200 polygons
2026-09-01 00:02:59 -0400: Memory Usage (417616K) : metal3_drw has 28 polygons
2026-09-01 00:02:59 -0400: Memory Usage (417616K) : metal3_pin has 0 polygons
2026-09-01 00:02:59 -0400: Memory Usage (417880K) : metal3_mask has 0 polygons
2026-09-01 00:02:59 -0400: Memory Usage (417880K) : metal3_filler has 0 polygons
2026-09-01 00:02:59 -0400: Memory Usage (417880K) : metal3_nofill has 0 polygons
2026-09-01 00:02:59 -0400: Memory Usage (417880K) : metal3_slit has 0 polygons
2026-09-01 00:02:59 -0400: Memory Usage (417880K) : metal3_text has 0 polygons
2026-09-01 00:02:59 -0400: Memory Usage (417880K) : metal3_opc has 0 polygons
2026-09-01 00:02:59 -0400: Memory Usage (417880K) : metal3_noqrc has 0 polygons
2026-09-01 00:02:59 -0400: Memory Usage (417880K) : metal3_res has 0 polygons
2026-09-01 00:02:59 -0400: Memory Usage (417880K) : metal3_iprobe has 0 polygons
2026-09-01 00:02:59 -0400: Memory Usage (417880K) : metal3_diffprb has 0 polygons
2026-09-01 00:02:59 -0400: Memory Usage (418144K) : nwell_drw has 0 polygons
2026-09-01 00:02:59 -0400: Memory Usage (418144K) : nwell_pin has 0 polygons
2026-09-01 00:02:59 -0400: Memory Usage (418144K) : nbulay_drw has 0 polygons
2026-09-01 00:02:59 -0400: Memory Usage (418144K) : nbulay_pin has 0 polygons
2026-09-01 00:02:59 -0400: Memory Usage (418144K) : nbulay_block has 0 polygons
2026-09-01 00:02:59 -0400: Memory Usage (418144K) : emwind_drw has 36 polygons
2026-09-01 00:02:59 -0400: Memory Usage (418144K) : emwind_opc has 0 polygons
2026-09-01 00:02:59 -0400: Memory Usage (418408K) : deepco_drw has 0 polygons
2026-09-01 00:02:59 -0400: Memory Usage (418408K) : deepco_drw has 0 polygons
2026-09-01 00:02:59 -0400: Memory Usage (418408K) : mim_drw has 3 polygons
2026-09-01 00:02:59 -0400: Memory Usage (418408K) : edgeseal_drw has 0 polygons
2026-09-01 00:02:59 -0400: Memory Usage (418408K) : edgeseal_bound has 0 polygons
2026-09-01 00:02:59 -0400: Memory Usage (418408K) : substrate_drw has 0 polygons
2026-09-01 00:02:59 -0400: Memory Usage (418672K) : substrate_text has 0 polygons
2026-09-01 00:02:59 -0400: Memory Usage (418672K) : dfpad_drw has 0 polygons
2026-09-01 00:02:59 -0400: Memory Usage (418672K) : dfpad_pillar has 0 polygons
2026-09-01 00:02:59 -0400: Memory Usage (418672K) : dfpad_sbump has 0 polygons
2026-09-01 00:02:59 -0400: Memory Usage (418672K) : thickgateox_drw has 0 polygons
2026-09-01 00:02:59 -0400: Memory Usage (418672K) : pldb_drw has 0 polygons
2026-09-01 00:02:59 -0400: Memory Usage (418936K) : pwell_drw has 0 polygons
2026-09-01 00:02:59 -0400: Memory Usage (418936K) : pwell_pin has 0 polygons
2026-09-01 00:02:59 -0400: Memory Usage (418936K) : pwell_block has 0 polygons
2026-09-01 00:02:59 -0400: Memory Usage (418936K) : ic_drw has 0 polygons
2026-09-01 00:02:59 -0400: Memory Usage (418936K) : via3_drw has 184 polygons
2026-09-01 00:02:59 -0400: Memory Usage (418936K) : metal4_drw has 24 polygons
2026-09-01 00:02:59 -0400: Memory Usage (419200K) : metal4_pin has 0 polygons
2026-09-01 00:02:59 -0400: Memory Usage (419200K) : metal4_mask has 0 polygons
2026-09-01 00:02:59 -0400: Memory Usage (419200K) : metal4_filler has 0 polygons
2026-09-01 00:02:59 -0400: Memory Usage (419200K) : metal4_nofill has 3 polygons
2026-09-01 00:02:59 -0400: Memory Usage (419200K) : metal4_slit has 0 polygons
2026-09-01 00:02:59 -0400: Memory Usage (419200K) : metal4_text has 4 polygons
2026-09-01 00:02:59 -0400: Memory Usage (419464K) : metal4_opc has 0 polygons
2026-09-01 00:02:59 -0400: Memory Usage (419464K) : metal4_noqrc has 0 polygons
2026-09-01 00:02:59 -0400: Memory Usage (419464K) : metal4_res has 0 polygons
2026-09-01 00:02:59 -0400: Memory Usage (419464K) : metal4_iprobe has 0 polygons
2026-09-01 00:02:59 -0400: Memory Usage (419464K) : metal4_diffprb has 0 polygons
2026-09-01 00:02:59 -0400: Memory Usage (419464K) : heattrans_drw has 0 polygons
2026-09-01 00:02:59 -0400: Memory Usage (419728K) : heatres_drw has 12 polygons
2026-09-01 00:02:59 -0400: Memory Usage (419728K) : pempoly_drw has 0 polygons
2026-09-01 00:02:59 -0400: Memory Usage (419728K) : fbe_drw has 0 polygons
2026-09-01 00:02:59 -0400: Memory Usage (419728K) : empoly_drw has 0 polygons
2026-09-01 00:02:59 -0400: Memory Usage (419728K) : ldmos_drw has 0 polygons
2026-09-01 00:02:59 -0400: Memory Usage (419992K) : pbiwind_drw has 0 polygons
2026-09-01 00:02:59 -0400: Memory Usage (419992K) : digisub_drw has 0 polygons
2026-09-01 00:02:59 -0400: Memory Usage (419992K) : nodrc_drw has 0 polygons
2026-09-01 00:02:59 -0400: Memory Usage (419992K) : text_drw has 72 polygons
2026-09-01 00:02:59 -0400: Memory Usage (419992K) : via4_drw has 144 polygons
2026-09-01 00:02:59 -0400: Memory Usage (419992K) : metal5_drw has 16 polygons
2026-09-01 00:02:59 -0400: Memory Usage (420256K) : metal5_pin has 3 polygons
2026-09-01 00:02:59 -0400: Memory Usage (420256K) : metal5_mask has 0 polygons
2026-09-01 00:02:59 -0400: Memory Usage (420256K) : metal5_filler has 0 polygons
2026-09-01 00:02:59 -0400: Memory Usage (420256K) : metal5_nofill has 3 polygons
2026-09-01 00:02:59 -0400: Memory Usage (420256K) : metal5_slit has 0 polygons
2026-09-01 00:02:59 -0400: Memory Usage (420520K) : metal5_text has 0 polygons
2026-09-01 00:02:59 -0400: Memory Usage (420520K) : metal5_opc has 0 polygons
2026-09-01 00:02:59 -0400: Memory Usage (420520K) : metal5_noqrc has 0 polygons
2026-09-01 00:02:59 -0400: Memory Usage (420520K) : metal5_res has 0 polygons
2026-09-01 00:02:59 -0400: Memory Usage (420520K) : metal5_iprobe has 0 polygons
2026-09-01 00:02:59 -0400: Memory Usage (420520K) : metal5_diffprb has 0 polygons
2026-09-01 00:02:59 -0400: Memory Usage (420520K) : radhard_drw has 0 polygons
2026-09-01 00:02:59 -0400: Memory Usage (420784K) : memcap_drw has 3 polygons
2026-09-01 00:02:59 -0400: Memory Usage (420784K) : varicap_drw has 0 polygons
2026-09-01 00:02:59 -0400: Memory Usage (420784K) : flash_drw has 0 polygons
2026-09-01 00:02:59 -0400: Memory Usage (420784K) : intbondvia_drw has 0 polygons
2026-09-01 00:02:59 -0400: Memory Usage (420784K) : intbondmet_drw has 0 polygons
2026-09-01 00:02:59 -0400: Memory Usage (421048K) : devbondvia_drw has 0 polygons
2026-09-01 00:02:59 -0400: Memory Usage (421048K) : devbondmet_drw has 0 polygons
2026-09-01 00:02:59 -0400: Memory Usage (421048K) : devtrench_drw has 0 polygons
2026-09-01 00:02:59 -0400: Memory Usage (421048K) : redist_drw has 0 polygons
2026-09-01 00:02:59 -0400: Memory Usage (421048K) : graphbot_drw has 0 polygons
2026-09-01 00:02:59 -0400: Memory Usage (421312K) : graphtop_drw has 0 polygons
2026-09-01 00:02:59 -0400: Memory Usage (421312K) : antvia1_drw has 0 polygons
2026-09-01 00:02:59 -0400: Memory Usage (421312K) : antmetal2_drw has 0 polygons
2026-09-01 00:02:59 -0400: Memory Usage (421312K) : graphcont_drw has 0 polygons
2026-09-01 00:02:59 -0400: Memory Usage (421312K) : siwg_drw has 0 polygons
2026-09-01 00:02:59 -0400: Memory Usage (421312K) : siwg_filler has 0 polygons
2026-09-01 00:02:59 -0400: Memory Usage (421576K) : siwg_nofill has 0 polygons
2026-09-01 00:02:59 -0400: Memory Usage (421576K) : sigrating_drw has 0 polygons
2026-09-01 00:02:59 -0400: Memory Usage (421576K) : singrating_drw has 0 polygons
2026-09-01 00:02:59 -0400: Memory Usage (421576K) : graphpas_drw has 0 polygons
2026-09-01 00:02:59 -0400: Memory Usage (421576K) : emwind3_drw has 0 polygons
2026-09-01 00:02:59 -0400: Memory Usage (421840K) : emwihv3_drw has 0 polygons
2026-09-01 00:02:59 -0400: Memory Usage (421840K) : redbulay_drw has 0 polygons
2026-09-01 00:02:59 -0400: Memory Usage (421840K) : smos_drw has 0 polygons
2026-09-01 00:02:59 -0400: Memory Usage (421840K) : graphpad_drw has 0 polygons
2026-09-01 00:02:59 -0400: Memory Usage (421840K) : polimide_drw has 0 polygons
2026-09-01 00:02:59 -0400: Memory Usage (421840K) : polimide_pin has 0 polygons
2026-09-01 00:02:59 -0400: Memory Usage (422104K) : recog_drw has 0 polygons
2026-09-01 00:02:59 -0400: Memory Usage (422104K) : recog_pin has 0 polygons
2026-09-01 00:02:59 -0400: Memory Usage (422104K) : recog_esd has 0 polygons
2026-09-01 00:02:59 -0400: Memory Usage (422104K) : recog_diode has 0 polygons
2026-09-01 00:02:59 -0400: Memory Usage (422104K) : recog_tsv has 0 polygons
2026-09-01 00:02:59 -0400: Memory Usage (422104K) : recog_iprobe has 0 polygons
2026-09-01 00:02:59 -0400: Memory Usage (422368K) : recog_diffprb has 0 polygons
2026-09-01 00:02:59 -0400: Memory Usage (422368K) : recog_pillar has 0 polygons
2026-09-01 00:02:59 -0400: Memory Usage (422368K) : recog_sbump has 0 polygons
2026-09-01 00:02:59 -0400: Memory Usage (422368K) : recog_otp has 0 polygons
2026-09-01 00:02:59 -0400: Memory Usage (422368K) : recog_pdiode has 0 polygons
2026-09-01 00:02:59 -0400: Memory Usage (422368K) : recog_mom has 0 polygons
2026-09-01 00:02:59 -0400: Memory Usage (422368K) : recog_pcm has 0 polygons
2026-09-01 00:03:00 -0400: Memory Usage (422632K) : colopen_drw has 0 polygons
2026-09-01 00:03:00 -0400: Memory Usage (422632K) : graphmetal1_drw has 0 polygons
2026-09-01 00:03:00 -0400: Memory Usage (422632K) : graphmetal1_filler has 0 polygons
2026-09-01 00:03:00 -0400: Memory Usage (422632K) : graphmetal1_nofill has 0 polygons
2026-09-01 00:03:00 -0400: Memory Usage (422632K) : graphmetal1_slit has 0 polygons
2026-09-01 00:03:00 -0400: Memory Usage (422632K) : graphmetal1_opc has 0 polygons
2026-09-01 00:03:00 -0400: Memory Usage (422632K) : graphmet1l_drw has 0 polygons
2026-09-01 00:03:00 -0400: Memory Usage (422896K) : graphmet1l_filler has 0 polygons
2026-09-01 00:03:00 -0400: Memory Usage (422896K) : graphmet1l_nofill has 0 polygons
2026-09-01 00:03:00 -0400: Memory Usage (422896K) : graphmet1l_slit has 0 polygons
2026-09-01 00:03:00 -0400: Memory Usage (422896K) : graphmet1l_opc has 0 polygons
2026-09-01 00:03:00 -0400: Memory Usage (422896K) : extblock_drw has 12 polygons
2026-09-01 00:03:00 -0400: Memory Usage (423160K) : nldd_drw has 0 polygons
2026-09-01 00:03:00 -0400: Memory Usage (423160K) : pldd_drw has 0 polygons
2026-09-01 00:03:00 -0400: Memory Usage (423160K) : next_drw has 0 polygons
2026-09-01 00:03:00 -0400: Memory Usage (423160K) : pext_drw has 0 polygons
2026-09-01 00:03:00 -0400: Memory Usage (423160K) : nexthv_drw has 0 polygons
2026-09-01 00:03:00 -0400: Memory Usage (423160K) : pexthv_drw has 0 polygons
2026-09-01 00:03:00 -0400: Memory Usage (423424K) : graphgate_drw has 0 polygons
2026-09-01 00:03:00 -0400: Memory Usage (423424K) : sinwg_drw has 0 polygons
2026-09-01 00:03:00 -0400: Memory Usage (423424K) : sinwg_filler has 0 polygons
2026-09-01 00:03:00 -0400: Memory Usage (423424K) : sinwg_nofill has 0 polygons
2026-09-01 00:03:00 -0400: Memory Usage (423424K) : mempad_drw has 0 polygons
2026-09-01 00:03:00 -0400: Memory Usage (423424K) : topvia1_drw has 13 polygons
2026-09-01 00:03:00 -0400: Memory Usage (423688K) : topmetal1_drw has 11 polygons
2026-09-01 00:03:00 -0400: Memory Usage (423688K) : topmetal1_pin has 3 polygons
2026-09-01 00:03:00 -0400: Memory Usage (423688K) : topmetal1_mask has 0 polygons
2026-09-01 00:03:00 -0400: Memory Usage (423688K) : topmetal1_filler has 0 polygons
2026-09-01 00:03:00 -0400: Memory Usage (423688K) : topmetal1_nofill has 3 polygons
2026-09-01 00:03:00 -0400: Memory Usage (423688K) : topmetal1_slit has 0 polygons
2026-09-01 00:03:00 -0400: Memory Usage (423688K) : topmetal1_text has 2 polygons
2026-09-01 00:03:00 -0400: Memory Usage (423952K) : topmetal1_noqrc has 0 polygons
2026-09-01 00:03:00 -0400: Memory Usage (423952K) : topmetal1_res has 0 polygons
2026-09-01 00:03:00 -0400: Memory Usage (423952K) : topmetal1_iprobe has 0 polygons
2026-09-01 00:03:00 -0400: Memory Usage (423952K) : topmetal1_diffprb has 0 polygons
2026-09-01 00:03:00 -0400: Memory Usage (423952K) : inldpwl_drw has 0 polygons
2026-09-01 00:03:00 -0400: Memory Usage (423952K) : polyres_drw has 12 polygons
2026-09-01 00:03:00 -0400: Memory Usage (424216K) : polyres_pin has 0 polygons
2026-09-01 00:03:00 -0400: Memory Usage (424216K) : vmim_drw has 12 polygons
2026-09-01 00:03:00 -0400: Memory Usage (424216K) : nbulaycut_drw has 0 polygons
2026-09-01 00:03:00 -0400: Memory Usage (424216K) : antmetal1_drw has 0 polygons
2026-09-01 00:03:00 -0400: Memory Usage (424216K) : topvia2_drw has 2 polygons
2026-09-01 00:03:00 -0400: Memory Usage (424480K) : topmetal2_drw has 1 polygons
2026-09-01 00:03:00 -0400: Memory Usage (424480K) : topmetal2_pin has 0 polygons
2026-09-01 00:03:00 -0400: Memory Usage (424480K) : topmetal2_mask has 0 polygons
2026-09-01 00:03:00 -0400: Memory Usage (424480K) : topmetal2_filler has 0 polygons
2026-09-01 00:03:00 -0400: Memory Usage (424480K) : topmetal2_nofill has 3 polygons
2026-09-01 00:03:00 -0400: Memory Usage (424480K) : topmetal2_slit has 0 polygons
2026-09-01 00:03:00 -0400: Memory Usage (424744K) : topmetal2_text has 1 polygons
2026-09-01 00:03:00 -0400: Memory Usage (424744K) : topmetal2_noqrc has 0 polygons
2026-09-01 00:03:00 -0400: Memory Usage (424744K) : topmetal2_res has 0 polygons
2026-09-01 00:03:00 -0400: Memory Usage (424744K) : topmetal2_iprobe has 0 polygons
2026-09-01 00:03:00 -0400: Memory Usage (424744K) : topmetal2_diffprb has 0 polygons
2026-09-01 00:03:00 -0400: Memory Usage (425008K) : snsring_drw has 0 polygons
2026-09-01 00:03:00 -0400: Memory Usage (425008K) : sensor_drw has 0 polygons
2026-09-01 00:03:00 -0400: Memory Usage (425008K) : snsarms_drw has 0 polygons
2026-09-01 00:03:00 -0400: Memory Usage (425008K) : snscmosvia_drw has 0 polygons
2026-09-01 00:03:00 -0400: Memory Usage (425008K) : colwind_drw has 0 polygons
2026-09-01 00:03:00 -0400: Memory Usage (425008K) : flm_drw has 0 polygons
2026-09-01 00:03:00 -0400: Memory Usage (425272K) : hafniumox_drw has 0 polygons
2026-09-01 00:03:00 -0400: Memory Usage (425272K) : memvia_drw has 0 polygons
2026-09-01 00:03:00 -0400: Memory Usage (425272K) : thinfilmres_drw has 0 polygons
2026-09-01 00:03:00 -0400: Memory Usage (425272K) : rfmem_drw has 0 polygons
2026-09-01 00:03:00 -0400: Memory Usage (425272K) : norcx_drw has 0 polygons
2026-09-01 00:03:00 -0400: Memory Usage (425272K) : norcx_m2m3 has 0 polygons
2026-09-01 00:03:00 -0400: Memory Usage (425536K) : norcx_m2m4 has 0 polygons
2026-09-01 00:03:00 -0400: Memory Usage (425536K) : norcx_m2m5 has 0 polygons
2026-09-01 00:03:00 -0400: Memory Usage (425536K) : norcx_m2tm1 has 0 polygons
2026-09-01 00:03:00 -0400: Memory Usage (425536K) : norcx_m2tm2 has 0 polygons
2026-09-01 00:03:00 -0400: Memory Usage (425536K) : norcx_m3m4 has 0 polygons
2026-09-01 00:03:00 -0400: Memory Usage (425536K) : norcx_m3m5 has 0 polygons
2026-09-01 00:03:00 -0400: Memory Usage (425536K) : norcx_m3tm1 has 0 polygons
2026-09-01 00:03:00 -0400: Memory Usage (425800K) : norcx_m3tm2 has 0 polygons
2026-09-01 00:03:00 -0400: Memory Usage (425800K) : norcx_m4m5 has 0 polygons
2026-09-01 00:03:00 -0400: Memory Usage (425800K) : norcx_m4tm1 has 0 polygons
2026-09-01 00:03:00 -0400: Memory Usage (425800K) : norcx_m4tm2 has 0 polygons
2026-09-01 00:03:00 -0400: Memory Usage (425800K) : norcx_m5tm1 has 0 polygons
2026-09-01 00:03:00 -0400: Memory Usage (425800K) : norcx_m5tm2 has 0 polygons
2026-09-01 00:03:00 -0400: Memory Usage (425800K) : norcx_tm1tm2 has 0 polygons
2026-09-01 00:03:00 -0400: Memory Usage (425800K) : norcx_m1sub has 0 polygons
2026-09-01 00:03:00 -0400: Memory Usage (426064K) : norcx_m2sub has 0 polygons
2026-09-01 00:03:00 -0400: Memory Usage (426064K) : norcx_m3sub has 0 polygons
2026-09-01 00:03:00 -0400: Memory Usage (426064K) : norcx_m4sub has 0 polygons
2026-09-01 00:03:00 -0400: Memory Usage (426064K) : norcx_m5sub has 0 polygons
2026-09-01 00:03:00 -0400: Memory Usage (426064K) : norcx_tm1sub has 0 polygons
2026-09-01 00:03:00 -0400: Memory Usage (426064K) : norcx_tm2sub has 0 polygons
2026-09-01 00:03:00 -0400: Memory Usage (426064K) : snsbotvia_drw has 0 polygons
2026-09-01 00:03:00 -0400: Memory Usage (426328K) : snstopvia_drw has 0 polygons
2026-09-01 00:03:00 -0400: Memory Usage (426328K) : deepvia_drw has 0 polygons
2026-09-01 00:03:00 -0400: Memory Usage (426328K) : fgetch_drw has 0 polygons
2026-09-01 00:03:00 -0400: Memory Usage (426328K) : ctrgat_drw has 0 polygons
2026-09-01 00:03:00 -0400: Memory Usage (426328K) : fgimp_drw has 0 polygons
2026-09-01 00:03:00 -0400: Memory Usage (426328K) : emwihv_drw has 0 polygons
2026-09-01 00:03:00 -0400: Memory Usage (426592K) : lbe_drw has 0 polygons
2026-09-01 00:03:00 -0400: Memory Usage (426592K) : alcustop_drw has 0 polygons
2026-09-01 00:03:00 -0400: Memory Usage (426592K) : nometfiller_drw has 0 polygons
2026-09-01 00:03:00 -0400: Memory Usage (426592K) : prboundary_drw has 0 polygons
2026-09-01 00:03:00 -0400: Memory Usage (426592K) : exchange0_drw has 0 polygons
2026-09-01 00:03:00 -0400: Memory Usage (426592K) : exchange0_pin has 0 polygons
2026-09-01 00:03:00 -0400: Memory Usage (426856K) : exchange0_text has 0 polygons
2026-09-01 00:03:00 -0400: Memory Usage (426856K) : exchange1_drw has 0 polygons
2026-09-01 00:03:00 -0400: Memory Usage (426856K) : exchange1_pin has 0 polygons
2026-09-01 00:03:00 -0400: Memory Usage (426856K) : exchange1_text has 0 polygons
2026-09-01 00:03:00 -0400: Memory Usage (426856K) : exchange2_drw has 0 polygons
2026-09-01 00:03:00 -0400: Memory Usage (426856K) : exchange2_pin has 0 polygons
2026-09-01 00:03:00 -0400: Memory Usage (426856K) : exchange2_text has 0 polygons
2026-09-01 00:03:00 -0400: Memory Usage (427120K) : exchange3_drw has 0 polygons
2026-09-01 00:03:00 -0400: Memory Usage (427120K) : exchange3_pin has 0 polygons
2026-09-01 00:03:00 -0400: Memory Usage (427120K) : exchange3_text has 0 polygons
2026-09-01 00:03:00 -0400: Memory Usage (427120K) : exchange4_drw has 0 polygons
2026-09-01 00:03:00 -0400: Memory Usage (427120K) : exchange4_pin has 0 polygons
2026-09-01 00:03:00 -0400: Memory Usage (427120K) : exchange4_text has 0 polygons
2026-09-01 00:03:00 -0400: Memory Usage (427384K) : isonwell_drw has 0 polygons
2026-09-01 00:03:00 -0400: Memory Usage (427384K) : Total no. of polygons in the design is 2640
2026-09-01 00:03:00 -0400: Memory Usage (427384K) : Loaded TECH DRC rules values from /home/noorizad/local/pdks/ihp-sg13g2/libs.tech/klayout/python/sg13g2_pycell_lib/sg13g2_tech_mod.json
2026-09-01 00:03:00 -0400: Memory Usage (427384K) : Loaded default DRC rules values from /home/noorizad/local/pdks/ihp-sg13g2/libs.tech/klayout/tech/drc/rule_decks/sg13g2_tech_default.json
2026-09-01 00:03:00 -0400: Memory Usage (427384K) : The following rules values were missing in tech json and default values were used:
2026-09-01 00:03:00 -0400: Memory Usage (427384K) :   - Cnt_c_digibnd
2026-09-01 00:03:00 -0400: Memory Usage (427384K) : Total area of the design is 7551.672 um^2.
2026-09-01 00:03:00 -0400: Memory Usage (427384K) : The design dimensions are 99.60000000000001 µm * 75.82 µm.
2026-09-01 00:03:00 -0400: Memory Usage (427384K) : Starting general IHP-SG13G2 derivations.
2026-09-01 00:03:00 -0400: Memory Usage (427384K) : Starting Pwell derivations
2026-09-01 00:03:00 -0400: Memory Usage (428812K) : Starting n-Activ derivations
2026-09-01 00:03:00 -0400: Memory Usage (457032K) : Starting p-Activ derivations
2026-09-01 00:03:00 -0400: Memory Usage (466756K) : Starting ptap derivations
2026-09-01 00:03:00 -0400: Memory Usage (440380K) : Starting ntap derivations
2026-09-01 00:03:00 -0400: Memory Usage (437560K) : Starting pact FET derivations
2026-09-01 00:03:00 -0400: Memory Usage (437188K) : Starting nact FET derivations
2026-09-01 00:03:00 -0400: Memory Usage (446804K) : Starting Gate derivations
2026-09-01 00:03:00 -0400: Memory Usage (438060K) : Starting cont/contbar general derivations
2026-09-01 00:03:00 -0400: Memory Usage (449392K) : Starting pad general derivations
2026-09-01 00:03:00 -0400: Memory Usage (436880K) : Starting IHP-SG13G2 DRC connectivity related derivations.
2026-09-01 00:03:00 -0400: Memory Usage (458448K) : Starting IHP-SG13G2 DRC connectivity setup
2026-09-01 00:03:00 -0400: Memory Usage (437808K) : Starting IHP-SG13G2 DRC rules.
2026-09-01 00:03:00 -0400: Memory Usage (437808K) : Running all FEOL rules
2026-09-01 00:03:00 -0400: Memory Usage (437808K) : Running all BEOL rules
2026-09-01 00:03:00 -0400: Memory Usage (437808K) : Starting 3.2. FORBIDDEN table
2026-09-01 00:03:00 -0400: Memory Usage (437808K) : Executing rule forbidden.biwind
2026-09-01 00:03:00 -0400: Memory Usage (437808K) : Executing rule forbidden.pemwind
2026-09-01 00:03:00 -0400: Memory Usage (437808K) : Executing rule forbidden.baspoly
2026-09-01 00:03:00 -0400: Memory Usage (437808K) : Executing rule forbidden.deepco
2026-09-01 00:03:00 -0400: Memory Usage (437808K) : Executing rule forbidden.pempoly
2026-09-01 00:03:00 -0400: Memory Usage (437808K) : Executing rule forbidden.empoly
2026-09-01 00:03:00 -0400: Memory Usage (437808K) : Executing rule forbidden.ldmos
2026-09-01 00:03:00 -0400: Memory Usage (437808K) : Executing rule forbidden.pbiwind
2026-09-01 00:03:00 -0400: Memory Usage (437808K) : Executing rule forbidden.nodrc
2026-09-01 00:03:00 -0400: Memory Usage (437808K) : Executing rule forbidden.flash
2026-09-01 00:03:00 -0400: Memory Usage (437808K) : Executing rule forbidden.colwind
2026-09-01 00:03:00 -0400: Memory Usage (437808K) : Starting 5.1 NWell table
2026-09-01 00:03:00 -0400: Memory Usage (437808K) : Executing rule NW.b
2026-09-01 00:03:00 -0400: Memory Usage (437808K) : Executing rule NW.b1
2026-09-01 00:03:00 -0400: Memory Usage (437808K) : Starting 5.2 PWell:block
2026-09-01 00:03:00 -0400: Memory Usage (437808K) : Executing rule PWB.e
2026-09-01 00:03:00 -0400: Memory Usage (437808K) : Executing rule PWB.e1
2026-09-01 00:03:00 -0400: Memory Usage (437808K) : Executing rule PWB.f
2026-09-01 00:03:00 -0400: Memory Usage (437808K) : Executing rule PWB.f1
2026-09-01 00:03:00 -0400: Memory Usage (437808K) : Starting 5.3 nBuLay table
2026-09-01 00:03:00 -0400: Memory Usage (437808K) : Executing rule NBL.b
2026-09-01 00:03:00 -0400: Memory Usage (437808K) : Executing rule NBL.c
2026-09-01 00:03:00 -0400: Memory Usage (437808K) : Executing rule NBL.d
2026-09-01 00:03:00 -0400: Memory Usage (437808K) : Executing rule NBL.e
2026-09-01 00:03:00 -0400: Memory Usage (437808K) : Executing rule NBL.f
2026-09-01 00:03:00 -0400: Memory Usage (437808K) : Starting 5.5. Activ table
2026-09-01 00:03:00 -0400: Memory Usage (437808K) : Executing rule Act.a
2026-09-01 00:03:00 -0400: Memory Usage (437808K) : Executing rule Act.b
2026-09-01 00:03:00 -0400: Memory Usage (440660K) : Starting 5.6 Activ:filler table
2026-09-01 00:03:00 -0400: Memory Usage (439540K) : Executing rule AFil.c1
2026-09-01 00:03:00 -0400: Memory Usage (438612K) : Executing rule AFil.c
2026-09-01 00:03:00 -0400: Memory Usage (438612K) : Executing rule AFil.d
2026-09-01 00:03:00 -0400: Memory Usage (438612K) : Executing rule AFil.e
2026-09-01 00:03:00 -0400: Memory Usage (438612K) : Executing rule AFil.j
2026-09-01 00:03:00 -0400: Memory Usage (438612K) : Starting 5.7. ThickGateOx table
2026-09-01 00:03:00 -0400: Memory Usage (438612K) : Executing rule TGO.f
2026-09-01 00:03:00 -0400: Memory Usage (438612K) : Starting 5.8. GatPoly table
2026-09-01 00:03:00 -0400: Memory Usage (438612K) : Executing rule Gat.a
2026-09-01 00:03:00 -0400: Memory Usage (438612K) : Executing rule Gat.b
2026-09-01 00:03:00 -0400: Memory Usage (440680K) : Executing rule Gat.d
2026-09-01 00:03:00 -0400: Memory Usage (440700K) : Executing rule Gat.a1
2026-09-01 00:03:00 -0400: Memory Usage (440752K) : Executing rule Gat.a2
2026-09-01 00:03:00 -0400: Memory Usage (440944K) : Executing rule Gat.g
2026-09-01 00:03:00 -0400: Memory Usage (440328K) : Starting 5.9 GatPoly:filler
2026-09-01 00:03:00 -0400: Memory Usage (438808K) : Executing rule GFil.d
2026-09-01 00:03:00 -0400: Memory Usage (438808K) : Executing rule GFil.e
2026-09-01 00:03:00 -0400: Memory Usage (438808K) : Executing rule GFil.i
2026-09-01 00:03:00 -0400: Memory Usage (438808K) : Starting 5.10 pSD table
2026-09-01 00:03:00 -0400: Memory Usage (438808K) : Executing rule pSD.c1
2026-09-01 00:03:00 -0400: Memory Usage (440828K) : Starting 5.14. Cont table
2026-09-01 00:03:00 -0400: Memory Usage (440768K) : Executing rule Cnt.a
2026-09-01 00:03:00 -0400: Memory Usage (439040K) : Executing rule Cnt.b
2026-09-01 00:03:00 -0400: Memory Usage (451672K) : Executing rule Cnt.c
2026-09-01 00:03:00 -0400: Memory Usage (468196K) : Executing rule Cnt.c
2026-09-01 00:03:00 -0400: Memory Usage (440936K) : Executing rule Cnt.d
2026-09-01 00:03:00 -0400: Memory Usage (440996K) : Executing rule Cnt.e
2026-09-01 00:03:00 -0400: Memory Usage (440588K) : Executing rule Cnt.g1
2026-09-01 00:03:00 -0400: Memory Usage (445900K) : Executing rule Cnt.g2
2026-09-01 00:03:00 -0400: Memory Usage (442156K) : Starting 5.15. ContBar table
2026-09-01 00:03:00 -0400: Memory Usage (442100K) : Executing rule CntB.b1
2026-09-01 00:03:00 -0400: Memory Usage (441880K) : Executing rule CntB.h1
2026-09-01 00:03:00 -0400: Memory Usage (441944K) : Starting 5.16. Metal1 table
2026-09-01 00:03:00 -0400: Memory Usage (441900K) : Executing rule M1.a
2026-09-01 00:03:00 -0400: Memory Usage (440172K) : Executing rule M1.b
2026-09-01 00:03:00 -0400: Memory Usage (440128K) : Executing rule M1.e
2026-09-01 00:03:00 -0400: Memory Usage (441876K) : Executing rule M1.f
2026-09-01 00:03:00 -0400: Memory Usage (440188K) : Executing rule M1.g
2026-09-01 00:03:00 -0400: Memory Usage (442368K) : Executing rule M1.i
2026-09-01 00:03:00 -0400: Memory Usage (442612K) : Starting 5.17 Metaln table
2026-09-01 00:03:00 -0400: Memory Usage (442612K) : Executing rule M2.a
2026-09-01 00:03:00 -0400: Memory Usage (441836K) : Executing rule M2.b
2026-09-01 00:03:00 -0400: Memory Usage (448948K) : Executing rule M2.e
2026-09-01 00:03:01 -0400: Memory Usage (442572K) : Executing rule M2.f
2026-09-01 00:03:01 -0400: Memory Usage (440404K) : Executing rule M2.g
2026-09-01 00:03:01 -0400: Memory Usage (442080K) : Executing rule M2.i
2026-09-01 00:03:01 -0400: Memory Usage (442252K) : Executing rule M3.a
2026-09-01 00:03:01 -0400: Memory Usage (440812K) : Executing rule M3.b
2026-09-01 00:03:01 -0400: Memory Usage (442584K) : Executing rule M3.e
2026-09-01 00:03:01 -0400: Memory Usage (442060K) : Executing rule M3.f
2026-09-01 00:03:01 -0400: Memory Usage (440264K) : Executing rule M3.g
2026-09-01 00:03:01 -0400: Memory Usage (441808K) : Executing rule M3.i
2026-09-01 00:03:01 -0400: Memory Usage (452712K) : Executing rule M4.a
2026-09-01 00:03:01 -0400: Memory Usage (441392K) : Executing rule M4.b
2026-09-01 00:03:01 -0400: Memory Usage (442368K) : Executing rule M4.e
2026-09-01 00:03:01 -0400: Memory Usage (442284K) : Executing rule M4.f
2026-09-01 00:03:01 -0400: Memory Usage (440356K) : Executing rule M4.g
2026-09-01 00:03:01 -0400: Memory Usage (442684K) : Executing rule M4.i
2026-09-01 00:03:01 -0400: Memory Usage (442484K) : Executing rule M5.a
2026-09-01 00:03:01 -0400: Memory Usage (441276K) : Executing rule M5.b
2026-09-01 00:03:01 -0400: Memory Usage (452872K) : Executing rule M5.e
2026-09-01 00:03:01 -0400: Memory Usage (458576K) : Executing rule M5.f
2026-09-01 00:03:01 -0400: Memory Usage (440732K) : Executing rule M5.g
2026-09-01 00:03:01 -0400: Memory Usage (442552K) : Executing rule M5.i
2026-09-01 00:03:01 -0400: Memory Usage (442436K) : Starting 5.18 Metaln:filler table
2026-09-01 00:03:01 -0400: Memory Usage (442348K) : Executing rule M1Fil.c
2026-09-01 00:03:01 -0400: Memory Usage (441356K) : Executing rule M1Fil.a2
2026-09-01 00:03:01 -0400: Memory Usage (440444K) : Executing rule M2Fil.c
2026-09-01 00:03:01 -0400: Memory Usage (440444K) : Executing rule M2Fil.a2
2026-09-01 00:03:01 -0400: Memory Usage (440444K) : Executing rule M3Fil.c
2026-09-01 00:03:01 -0400: Memory Usage (440444K) : Executing rule M3Fil.a2
2026-09-01 00:03:01 -0400: Memory Usage (440444K) : Executing rule M4Fil.c
2026-09-01 00:03:01 -0400: Memory Usage (440444K) : Executing rule M4Fil.a2
2026-09-01 00:03:01 -0400: Memory Usage (440444K) : Executing rule M5Fil.c
2026-09-01 00:03:01 -0400: Memory Usage (440444K) : Executing rule M5Fil.a2
2026-09-01 00:03:01 -0400: Memory Usage (440444K) : Starting 5.19. Via1 table
2026-09-01 00:03:01 -0400: Memory Usage (440444K) : Starting 5.19. Via1 table derivations
2026-09-01 00:03:01 -0400: Memory Usage (440444K) : Executing rule V1.a
2026-09-01 00:03:01 -0400: Memory Usage (440444K) : Executing rule V1.b
2026-09-01 00:03:01 -0400: Memory Usage (441716K) : Executing rule V1.c
2026-09-01 00:03:01 -0400: Memory Usage (440568K) : Starting 5.20. Vian table
2026-09-01 00:03:01 -0400: Memory Usage (440568K) : Executing rule V2.a
2026-09-01 00:03:01 -0400: Memory Usage (440568K) : Executing rule V2.b
2026-09-01 00:03:01 -0400: Memory Usage (442380K) : Executing rule V2.c
2026-09-01 00:03:01 -0400: Memory Usage (442440K) : Executing rule V3.a
2026-09-01 00:03:01 -0400: Memory Usage (440588K) : Executing rule V3.b
2026-09-01 00:03:01 -0400: Memory Usage (442852K) : Executing rule V3.c
2026-09-01 00:03:01 -0400: Memory Usage (441832K) : Executing rule V4.a
2026-09-01 00:03:01 -0400: Memory Usage (440824K) : Executing rule V4.b
2026-09-01 00:03:01 -0400: Memory Usage (443128K) : Executing rule V4.c
2026-09-01 00:03:01 -0400: Memory Usage (442856K) : Starting 5.21. TopVia1 table
2026-09-01 00:03:01 -0400: Memory Usage (442328K) : Executing rule TV1.a
2026-09-01 00:03:01 -0400: Memory Usage (440764K) : Executing rule TV1.b
2026-09-01 00:03:01 -0400: Memory Usage (442668K) : Executing rule TV1.c
2026-09-01 00:03:01 -0400: Memory Usage (442944K) : Executing rule TV1.d
2026-09-01 00:03:01 -0400: Memory Usage (441888K) : Starting 5.22. TopMetal1 table
2026-09-01 00:03:01 -0400: Memory Usage (441832K) : Executing rule TM1.a
2026-09-01 00:03:01 -0400: Memory Usage (440680K) : Executing rule TM1.b
2026-09-01 00:03:01 -0400: Memory Usage (442664K) : Starting 5.23 TopMetal1:filler table
2026-09-01 00:03:01 -0400: Memory Usage (442608K) : Executing rule TM1Fil.c
2026-09-01 00:03:01 -0400: Memory Usage (441564K) : Executing rule TM1Fil.a1
2026-09-01 00:03:01 -0400: Memory Usage (440660K) : Starting 5.24. TopVia2 table
2026-09-01 00:03:01 -0400: Memory Usage (440660K) : Executing rule TV2.a
2026-09-01 00:03:01 -0400: Memory Usage (440660K) : Executing rule TV2.b
2026-09-01 00:03:01 -0400: Memory Usage (443140K) : Executing rule TV2.c
2026-09-01 00:03:01 -0400: Memory Usage (442688K) : Executing rule TV2.d
2026-09-01 00:03:01 -0400: Memory Usage (442572K) : Starting 5.25. TopMetal2 table
2026-09-01 00:03:01 -0400: Memory Usage (442532K) : Executing rule TM2.a
2026-09-01 00:03:01 -0400: Memory Usage (441388K) : Executing rule TM2.b
2026-09-01 00:03:01 -0400: Memory Usage (442632K) : Executing rule TM2.bR
2026-09-01 00:03:01 -0400: Memory Usage (440736K) : Starting 5.26 TopMetal2:filler table
2026-09-01 00:03:01 -0400: Memory Usage (440736K) : Executing rule TM2Fil.c
2026-09-01 00:03:01 -0400: Memory Usage (440736K) : Executing rule TM2Fil.a1
2026-09-01 00:03:01 -0400: Memory Usage (440736K) : Starting 5.27. Passiv table
2026-09-01 00:03:01 -0400: Memory Usage (440736K) : Executing rule Pas.a
2026-09-01 00:03:01 -0400: Memory Usage (440736K) : Executing rule Pas.b
2026-09-01 00:03:01 -0400: Memory Usage (440736K) : Executing rule Pas.c
2026-09-01 00:03:01 -0400: Memory Usage (440736K) : Starting 6.1.3 NPN Substrate-Tie table
2026-09-01 00:03:01 -0400: Memory Usage (451220K) : Executing rule npn13G2.bR 
2026-09-01 00:03:01 -0400: Memory Usage (442948K) : Executing rule npn13G2L.cR 
2026-09-01 00:03:01 -0400: Memory Usage (441412K) : Executing rule npn13G2V.cR 
2026-09-01 00:03:01 -0400: Memory Usage (440892K) : Starting 6.7 Schottky diode table
2026-09-01 00:03:01 -0400: Memory Usage (440892K) : Executing rule Sdiod.d
2026-09-01 00:03:01 -0400: Memory Usage (440892K) : Executing rule Sdiod.e
2026-09-01 00:03:01 -0400: Memory Usage (440892K) : Starting 6.9.2 Copper Pillar table
2026-09-01 00:03:01 -0400: Memory Usage (440892K) : Executing rule Padc.a
2026-09-01 00:03:01 -0400: Memory Usage (440892K) : Executing rule Padc.b
2026-09-01 00:03:01 -0400: Memory Usage (440892K) : Executing rule Padc.c
2026-09-01 00:03:01 -0400: Memory Usage (440892K) : Executing rule Padb.f
2026-09-01 00:03:01 -0400: Memory Usage (440892K) : Starting 6.9 Pad table
2026-09-01 00:03:01 -0400: Memory Usage (440892K) : Executing rule Pad.m
2026-09-01 00:03:01 -0400: Memory Usage (440892K) : Executing rule Pad.fR_M1
2026-09-01 00:03:01 -0400: Memory Usage (440892K) : Executing rule Pad.fR_M2
2026-09-01 00:03:01 -0400: Memory Usage (440892K) : Executing rule Pad.fR_M3
2026-09-01 00:03:01 -0400: Memory Usage (440892K) : Executing rule Pad.fR_M4
2026-09-01 00:03:01 -0400: Memory Usage (440892K) : Executing rule Pad.fR_M5
2026-09-01 00:03:01 -0400: Memory Usage (440892K) : Executing rule Pad.fR_TM1
2026-09-01 00:03:01 -0400: Memory Usage (440892K) : Executing rule Pad.fR_TM2
2026-09-01 00:03:02 -0400: Memory Usage (440892K) : Executing rule Pad.i
2026-09-01 00:03:02 -0400: Memory Usage (440892K) : Starting 6.9.1 Solder Bump
2026-09-01 00:03:02 -0400: Memory Usage (440892K) : Executing rule Padb.a
2026-09-01 00:03:02 -0400: Memory Usage (440892K) : Executing rule Padb.b
2026-09-01 00:03:02 -0400: Memory Usage (440892K) : Executing rule Padb.c
2026-09-01 00:03:02 -0400: Memory Usage (440892K) : Executing rule Padb.f
2026-09-01 00:03:02 -0400: Memory Usage (440892K) : Executing rule Padb.d
2026-09-01 00:03:02 -0400: Memory Usage (440892K) : Starting 6.10 Sealring table
2026-09-01 00:03:02 -0400: Memory Usage (440892K) : Executing rule Seal.l
2026-09-01 00:03:02 -0400: Memory Usage (440892K) : Executing rule Seal.n
2026-09-01 00:03:02 -0400: Memory Usage (440892K) : Executing rule seal.b_metal1
2026-09-01 00:03:02 -0400: Memory Usage (440892K) : Executing rule seal.b_metal2
2026-09-01 00:03:02 -0400: Memory Usage (440892K) : Executing rule seal.b_metal3
2026-09-01 00:03:02 -0400: Memory Usage (440892K) : Executing rule seal.b_metal4
2026-09-01 00:03:02 -0400: Memory Usage (440892K) : Executing rule seal.b_metal5
2026-09-01 00:03:02 -0400: Memory Usage (440892K) : Executing rule seal.b_topmetal1
2026-09-01 00:03:02 -0400: Memory Usage (440892K) : Executing rule seal.b_topmetal2
2026-09-01 00:03:02 -0400: Memory Usage (440892K) : Executing rule seal.b_activ
2026-09-01 00:03:02 -0400: Memory Usage (440892K) : Executing rule seal.b_psd
2026-09-01 00:03:02 -0400: Memory Usage (440892K) : Executing rule Seal.k
2026-09-01 00:03:02 -0400: Memory Usage (440892K) : Executing rule Seal.m
2026-09-01 00:03:02 -0400: Memory Usage (440892K) : Starting 6.11 MIM table
2026-09-01 00:03:02 -0400: Memory Usage (440892K) : Executing rule MIM.c
2026-09-01 00:03:02 -0400: Memory Usage (443024K) : Executing rule MIM.d
2026-09-01 00:03:02 -0400: Memory Usage (442764K) : Executing rule MIM.gR
2026-09-01 00:03:02 -0400: Memory Usage (442288K) : Starting 7.2 Latch-up table
2026-09-01 00:03:02 -0400: Memory Usage (442248K) : Executing rule LU.b
2026-09-01 00:03:02 -0400: Memory Usage (442920K) : Starting 7.3 Metal Slits table
2026-09-01 00:03:02 -0400: Memory Usage (442856K) : Executing rule Slt.e1_M1
2026-09-01 00:03:02 -0400: Memory Usage (441752K) : Executing rule Slt.e1_M2
2026-09-01 00:03:02 -0400: Memory Usage (440920K) : Executing rule Slt.e1_M3
2026-09-01 00:03:02 -0400: Memory Usage (440776K) : Executing rule Slt.e1_M4
2026-09-01 00:03:02 -0400: Memory Usage (440776K) : Executing rule Slt.e1_M5
2026-09-01 00:03:02 -0400: Memory Usage (440776K) : Executing rule Slt.e1_TM1
2026-09-01 00:03:02 -0400: Memory Usage (440776K) : Executing rule Slt.e1_TM2
2026-09-01 00:03:02 -0400: Memory Usage (440776K) : Starting 7.4. PIN table
2026-09-01 00:03:02 -0400: Memory Usage (440776K) : Executing rule Pin.a
2026-09-01 00:03:02 -0400: Memory Usage (440776K) : Executing rule Pin.b
2026-09-01 00:03:02 -0400: Memory Usage (440776K) : Executing rule Pin.e
2026-09-01 00:03:02 -0400: Memory Usage (442472K) : Executing rule Pin.f_M2
2026-09-01 00:03:02 -0400: Memory Usage (442828K) : Executing rule Pin.f_M3
2026-09-01 00:03:02 -0400: Memory Usage (441764K) : Executing rule Pin.f_M4
2026-09-01 00:03:02 -0400: Memory Usage (440996K) : Executing rule Pin.f_M5
2026-09-01 00:03:02 -0400: Memory Usage (443088K) : Executing rule Pin.g
2026-09-01 00:03:02 -0400: Memory Usage (443132K) : Executing rule Pin.h
2026-09-01 00:03:02 -0400: Memory Usage (442104K) : Starting 9.1. LBE table
2026-09-01 00:03:02 -0400: Memory Usage (441296K) : Executing rule LBE.a
2026-09-01 00:03:02 -0400: Memory Usage (440960K) : Executing rule LBE.b
2026-09-01 00:03:02 -0400: Memory Usage (440960K) : Executing rule LBE.b1
2026-09-01 00:03:02 -0400: Memory Usage (440960K) : Executing rule LBE.c
2026-09-01 00:03:02 -0400: Memory Usage (440960K) : Executing rule LBE.d
2026-09-01 00:03:02 -0400: Memory Usage (440960K) : Executing rule LBE.h
2026-09-01 00:03:02 -0400: Memory Usage (440960K) : KLayout DRC run for table 'main' completed in 2.42 seconds
