# Logfile created on 2026-09-01 00:02:49 -0400 by logger.rb/61378
2026-09-01 00:02:49 -0400: Memory Usage (413932K) : Starting running SG13G2 Klayout LVS runset on /home/noorizad/spicexplorer-workspace/external/pam4-wt/paper-record/report/work/b/dut_pam4.gds
2026-09-01 00:02:49 -0400: Memory Usage (413932K) : Ruby Version for klayout: 2.5.9
2026-09-01 00:02:49 -0400: Memory Usage (413932K) : Loading database to memory is complete.
2026-09-01 00:02:49 -0400: Memory Usage (413932K) : SG13G2 Klayout LVS runset output at: /home/noorizad/spicexplorer-workspace/external/pam4-wt/paper-record/report/work/b/signoff/lvs/dut_pam4.lvsdb
2026-09-01 00:02:49 -0400: Memory Usage (413932K) : Evaluate switches.
2026-09-01 00:02:49 -0400: Memory Usage (413932K) : Extracted netlist with net names: true
2026-09-01 00:02:49 -0400: Memory Usage (413932K) : Extracted netlist with comments in details: false
2026-09-01 00:02:49 -0400: Memory Usage (413932K) : Selected NET_ONLY option: false
2026-09-01 00:02:49 -0400: Memory Usage (413932K) : Selected ALLOW_UNMATCHED_PORTS option: false
2026-09-01 00:02:49 -0400: Memory Usage (413932K) : Selected TOP_LVL_PINS option: false
2026-09-01 00:02:49 -0400: Memory Usage (413932K) : Selected COMBINE DEVICES option: false
2026-09-01 00:02:49 -0400: Memory Usage (413932K) : Selected PURGE option: false
2026-09-01 00:02:49 -0400: Memory Usage (413932K) : Selected PURGE_NETS option: false
2026-09-01 00:02:49 -0400: Memory Usage (413932K) : Selected SIMPLIFY option: true
2026-09-01 00:02:49 -0400: Memory Usage (413932K) : Selected SERIES_RES option: true
2026-09-01 00:02:49 -0400: Memory Usage (413932K) : Selected PARALLEL_RES option: true
2026-09-01 00:02:49 -0400: Memory Usage (413932K) : Verbose mode: false
2026-09-01 00:02:49 -0400: Memory Usage (413932K) : deep  mode is enabled.
2026-09-01 00:02:49 -0400: Memory Usage (413932K) : Netlist file: /home/noorizad/spicexplorer-workspace/external/pam4-wt/paper-record/report/work/b/dut_pam4_lvs.spice
2026-09-01 00:02:49 -0400: Memory Usage (413932K) : LVS extracted netlist at: /home/noorizad/spicexplorer-workspace/external/pam4-wt/paper-record/report/work/b/signoff/lvs/dut_pam4_extracted.cir
2026-09-01 00:02:49 -0400: Memory Usage (413932K) : Read in polygons from layers.
2026-09-01 00:02:49 -0400: Memory Usage (413932K) : activ_drw has 68 polygons
2026-09-01 00:02:49 -0400: Memory Usage (413932K) : activ_filler has 0 polygons
2026-09-01 00:02:49 -0400: Memory Usage (413932K) : activ has 68 polygons
2026-09-01 00:02:49 -0400: Memory Usage (413932K) : activ_pin has 0 polygons
2026-09-01 00:02:49 -0400: Memory Usage (413932K) : activ_mask has 12 polygons
2026-09-01 00:02:49 -0400: Memory Usage (413932K) : activ_nofill has 0 polygons
2026-09-01 00:02:49 -0400: Memory Usage (413932K) : activ_OPC has 0 polygons
2026-09-01 00:02:49 -0400: Memory Usage (413932K) : activ_iOPC has 0 polygons
2026-09-01 00:02:49 -0400: Memory Usage (413932K) : activ_noqrc has 0 polygons
2026-09-01 00:02:49 -0400: Memory Usage (413932K) : biwind_drw has 0 polygons
2026-09-01 00:02:49 -0400: Memory Usage (413932K) : biwind_OPC has 0 polygons
2026-09-01 00:02:49 -0400: Memory Usage (413932K) : gatpoly_drw has 24 polygons
2026-09-01 00:02:49 -0400: Memory Usage (413932K) : gatpoly_filler has 0 polygons
2026-09-01 00:02:49 -0400: Memory Usage (413932K) : gatpoly has 24 polygons
2026-09-01 00:02:49 -0400: Memory Usage (413932K) : gatpoly_pin has 0 polygons
2026-09-01 00:02:49 -0400: Memory Usage (413932K) : gatpoly_nofill has 0 polygons
2026-09-01 00:02:49 -0400: Memory Usage (416760K) : gatpoly_OPC has 0 polygons
2026-09-01 00:02:49 -0400: Memory Usage (416760K) : gatpoly_iOPC has 0 polygons
2026-09-01 00:02:49 -0400: Memory Usage (416760K) : gatpoly_noqrc has 0 polygons
2026-09-01 00:02:49 -0400: Memory Usage (416760K) : cont_drw has 972 polygons
2026-09-01 00:02:49 -0400: Memory Usage (417204K) : cont_OPC has 0 polygons
2026-09-01 00:02:49 -0400: Memory Usage (417204K) : nsd_drw has 0 polygons
2026-09-01 00:02:49 -0400: Memory Usage (417204K) : nsd_block has 24 polygons
2026-09-01 00:02:49 -0400: Memory Usage (417204K) : metal1_drw has 111 polygons
2026-09-01 00:02:49 -0400: Memory Usage (417468K) : metal1_filler has 0 polygons
2026-09-01 00:02:49 -0400: Memory Usage (417468K) : metal1_slit has 0 polygons
2026-09-01 00:02:49 -0400: Memory Usage (417468K) : metal1 has 111 polygons
2026-09-01 00:02:49 -0400: Memory Usage (417468K) : metal1_pin has 48 polygons
2026-09-01 00:02:49 -0400: Memory Usage (417792K) : metal1_mask has 0 polygons
2026-09-01 00:02:49 -0400: Memory Usage (417792K) : metal1_nofill has 0 polygons
2026-09-01 00:02:49 -0400: Memory Usage (417792K) : metal1_text has 6 polygons
2026-09-01 00:02:49 -0400: Memory Usage (417792K) : metal1_OPC has 0 polygons
2026-09-01 00:02:49 -0400: Memory Usage (417792K) : metal1_noqrc has 0 polygons
2026-09-01 00:02:49 -0400: Memory Usage (417792K) : metal1_res has 0 polygons
2026-09-01 00:02:49 -0400: Memory Usage (417792K) : metal1_iprobe has 0 polygons
2026-09-01 00:02:49 -0400: Memory Usage (417792K) : metal1_diffprb has 0 polygons
2026-09-01 00:02:49 -0400: Memory Usage (418236K) : passiv_drw has 0 polygons
2026-09-01 00:02:49 -0400: Memory Usage (418236K) : passiv_pin has 0 polygons
2026-09-01 00:02:49 -0400: Memory Usage (418236K) : passiv_sbump has 0 polygons
2026-09-01 00:02:49 -0400: Memory Usage (418236K) : passiv_pillar has 0 polygons
2026-09-01 00:02:49 -0400: Memory Usage (418500K) : passiv_pdl has 0 polygons
2026-09-01 00:02:49 -0400: Memory Usage (418500K) : metal2_drw has 38 polygons
2026-09-01 00:02:49 -0400: Memory Usage (418500K) : metal2_filler has 0 polygons
2026-09-01 00:02:49 -0400: Memory Usage (418500K) : metal2_slit has 0 polygons
2026-09-01 00:02:49 -0400: Memory Usage (418764K) : metal2 has 38 polygons
2026-09-01 00:02:49 -0400: Memory Usage (418764K) : metal2_pin has 12 polygons
2026-09-01 00:02:49 -0400: Memory Usage (418764K) : metal2_mask has 0 polygons
2026-09-01 00:02:49 -0400: Memory Usage (419028K) : metal2_nofill has 0 polygons
2026-09-01 00:02:49 -0400: Memory Usage (419028K) : metal2_text has 0 polygons
2026-09-01 00:02:49 -0400: Memory Usage (419028K) : metal2_OPC has 0 polygons
2026-09-01 00:02:49 -0400: Memory Usage (419028K) : metal2_noqrc has 0 polygons
2026-09-01 00:02:49 -0400: Memory Usage (419292K) : metal2_res has 0 polygons
2026-09-01 00:02:49 -0400: Memory Usage (419292K) : metal2_iprobe has 0 polygons
2026-09-01 00:02:49 -0400: Memory Usage (419292K) : metal2_diffprb has 0 polygons
2026-09-01 00:02:49 -0400: Memory Usage (419292K) : baspoly_drw has 0 polygons
2026-09-01 00:02:49 -0400: Memory Usage (419556K) : baspoly_pin has 0 polygons
2026-09-01 00:02:49 -0400: Memory Usage (419556K) : psd_drw has 20 polygons
2026-09-01 00:02:49 -0400: Memory Usage (419556K) : nldb_drw has 0 polygons
2026-09-01 00:02:49 -0400: Memory Usage (419556K) : digibnd_drw has 0 polygons
2026-09-01 00:02:49 -0400: Memory Usage (419820K) : via1_drw has 550 polygons
2026-09-01 00:02:49 -0400: Memory Usage (419820K) : backmetal1_drw has 0 polygons
2026-09-01 00:02:49 -0400: Memory Usage (419820K) : backmetal1_pin has 0 polygons
2026-09-01 00:02:49 -0400: Memory Usage (419820K) : backmetal1_mask has 0 polygons
2026-09-01 00:02:49 -0400: Memory Usage (420084K) : backmetal1_filler has 0 polygons
2026-09-01 00:02:49 -0400: Memory Usage (420084K) : backmetal1_nofill has 0 polygons
2026-09-01 00:02:49 -0400: Memory Usage (420084K) : backmetal1_slit has 0 polygons
2026-09-01 00:02:49 -0400: Memory Usage (420084K) : backmetal1_text has 0 polygons
2026-09-01 00:02:49 -0400: Memory Usage (420084K) : backmetal1_OPC has 0 polygons
2026-09-01 00:02:49 -0400: Memory Usage (420084K) : backmetal1_noqrc has 0 polygons
2026-09-01 00:02:49 -0400: Memory Usage (420084K) : backmetal1_res has 0 polygons
2026-09-01 00:02:49 -0400: Memory Usage (420348K) : backmetal1_iprobe has 0 polygons
2026-09-01 00:02:49 -0400: Memory Usage (420348K) : backmetal1_diffprb has 0 polygons
2026-09-01 00:02:49 -0400: Memory Usage (420348K) : backpassiv_drw has 0 polygons
2026-09-01 00:02:49 -0400: Memory Usage (420348K) : res_drw has 12 polygons
2026-09-01 00:02:49 -0400: Memory Usage (420612K) : sram_drw has 0 polygons
2026-09-01 00:02:49 -0400: Memory Usage (420612K) : trans_drw has 12 polygons
2026-09-01 00:02:49 -0400: Memory Usage (420612K) : ind_drw has 0 polygons
2026-09-01 00:02:49 -0400: Memory Usage (420612K) : ind_pin has 0 polygons
2026-09-01 00:02:49 -0400: Memory Usage (420876K) : ind_text has 0 polygons
2026-09-01 00:02:49 -0400: Memory Usage (420876K) : salblock_drw has 0 polygons
2026-09-01 00:02:49 -0400: Memory Usage (420876K) : via2_drw has 312 polygons
2026-09-01 00:02:49 -0400: Memory Usage (420876K) : metal3_drw has 26 polygons
2026-09-01 00:02:49 -0400: Memory Usage (421140K) : metal3_filler has 0 polygons
2026-09-01 00:02:49 -0400: Memory Usage (421140K) : metal3_slit has 0 polygons
2026-09-01 00:02:49 -0400: Memory Usage (421140K) : metal3 has 26 polygons
2026-09-01 00:02:49 -0400: Memory Usage (421140K) : metal3_pin has 0 polygons
2026-09-01 00:02:49 -0400: Memory Usage (421404K) : metal3_mask has 0 polygons
2026-09-01 00:02:49 -0400: Memory Usage (421404K) : metal3_nofill has 0 polygons
2026-09-01 00:02:49 -0400: Memory Usage (421404K) : metal3_text has 4 polygons
2026-09-01 00:02:49 -0400: Memory Usage (421404K) : metal3_OPC has 0 polygons
2026-09-01 00:02:49 -0400: Memory Usage (421668K) : metal3_noqrc has 0 polygons
2026-09-01 00:02:49 -0400: Memory Usage (421668K) : metal3_res has 0 polygons
2026-09-01 00:02:49 -0400: Memory Usage (421668K) : metal3_iprobe has 0 polygons
2026-09-01 00:02:49 -0400: Memory Usage (421668K) : metal3_diffprb has 0 polygons
2026-09-01 00:02:49 -0400: Memory Usage (421932K) : nwell_drw has 0 polygons
2026-09-01 00:02:49 -0400: Memory Usage (421932K) : nwell_pin has 0 polygons
2026-09-01 00:02:49 -0400: Memory Usage (421932K) : nbulay_drw has 0 polygons
2026-09-01 00:02:49 -0400: Memory Usage (421932K) : nbulay_pin has 0 polygons
2026-09-01 00:02:49 -0400: Memory Usage (422196K) : nbulay_block has 0 polygons
2026-09-01 00:02:49 -0400: Memory Usage (422196K) : emwind_drw has 36 polygons
2026-09-01 00:02:49 -0400: Memory Usage (422196K) : emwind_OPC has 0 polygons
2026-09-01 00:02:49 -0400: Memory Usage (422196K) : deepco_drw has 0 polygons
2026-09-01 00:02:49 -0400: Memory Usage (422460K) : mim_drw has 3 polygons
2026-09-01 00:02:49 -0400: Memory Usage (422460K) : edgeseal_drw has 0 polygons
2026-09-01 00:02:49 -0400: Memory Usage (422460K) : substrate_drw has 0 polygons
2026-09-01 00:02:49 -0400: Memory Usage (422460K) : substrate_text has 0 polygons
2026-09-01 00:02:49 -0400: Memory Usage (422724K) : dfpad_drw has 0 polygons
2026-09-01 00:02:49 -0400: Memory Usage (422724K) : dfpad_pillar has 0 polygons
2026-09-01 00:02:49 -0400: Memory Usage (422724K) : dfpad_sbump has 0 polygons
2026-09-01 00:02:49 -0400: Memory Usage (422724K) : thickgateox_drw has 0 polygons
2026-09-01 00:02:49 -0400: Memory Usage (422988K) : pldb_drw has 0 polygons
2026-09-01 00:02:49 -0400: Memory Usage (422988K) : pwell_drw has 0 polygons
2026-09-01 00:02:49 -0400: Memory Usage (422988K) : pwell_pin has 0 polygons
2026-09-01 00:02:49 -0400: Memory Usage (422988K) : pwell_block has 0 polygons
2026-09-01 00:02:49 -0400: Memory Usage (423252K) : ic_drw has 0 polygons
2026-09-01 00:02:49 -0400: Memory Usage (423252K) : via3_drw has 256 polygons
2026-09-01 00:02:49 -0400: Memory Usage (423252K) : metal4_drw has 16 polygons
2026-09-01 00:02:49 -0400: Memory Usage (423252K) : metal4_filler has 0 polygons
2026-09-01 00:02:49 -0400: Memory Usage (423516K) : metal4_slit has 0 polygons
2026-09-01 00:02:49 -0400: Memory Usage (423516K) : metal4 has 16 polygons
2026-09-01 00:02:49 -0400: Memory Usage (423516K) : metal4_pin has 0 polygons
2026-09-01 00:02:49 -0400: Memory Usage (423780K) : metal4_mask has 0 polygons
2026-09-01 00:02:49 -0400: Memory Usage (423780K) : metal4_nofill has 3 polygons
2026-09-01 00:02:49 -0400: Memory Usage (423780K) : metal4_text has 0 polygons
2026-09-01 00:02:49 -0400: Memory Usage (423780K) : metal4_OPC has 0 polygons
2026-09-01 00:02:49 -0400: Memory Usage (423780K) : metal4_noqrc has 0 polygons
2026-09-01 00:02:49 -0400: Memory Usage (424044K) : metal4_res has 0 polygons
2026-09-01 00:02:49 -0400: Memory Usage (424044K) : metal4_iprobe has 0 polygons
2026-09-01 00:02:49 -0400: Memory Usage (424044K) : metal4_diffprb has 0 polygons
2026-09-01 00:02:49 -0400: Memory Usage (424308K) : heattrans_drw has 0 polygons
2026-09-01 00:02:49 -0400: Memory Usage (424308K) : heatres_drw has 12 polygons
2026-09-01 00:02:49 -0400: Memory Usage (424308K) : fbe_drw has 0 polygons
2026-09-01 00:02:49 -0400: Memory Usage (424308K) : empoly_drw has 0 polygons
2026-09-01 00:02:49 -0400: Memory Usage (424572K) : digisub_drw has 0 polygons
2026-09-01 00:02:49 -0400: Memory Usage (424572K) : text_drw has 72 polygons
2026-09-01 00:02:49 -0400: Memory Usage (424572K) : via4_drw has 256 polygons
2026-09-01 00:02:49 -0400: Memory Usage (424572K) : metal5_drw has 16 polygons
2026-09-01 00:02:49 -0400: Memory Usage (424836K) : metal5_filler has 0 polygons
2026-09-01 00:02:49 -0400: Memory Usage (424836K) : metal5_slit has 0 polygons
2026-09-01 00:02:49 -0400: Memory Usage (424836K) : metal5 has 16 polygons
2026-09-01 00:02:49 -0400: Memory Usage (425100K) : metal5_pin has 3 polygons
2026-09-01 00:02:49 -0400: Memory Usage (425100K) : metal5_mask has 0 polygons
2026-09-01 00:02:49 -0400: Memory Usage (425100K) : metal5_nofill has 3 polygons
2026-09-01 00:02:49 -0400: Memory Usage (425100K) : metal5_text has 0 polygons
2026-09-01 00:02:49 -0400: Memory Usage (425364K) : metal5_OPC has 0 polygons
2026-09-01 00:02:49 -0400: Memory Usage (425364K) : metal5_noqrc has 0 polygons
2026-09-01 00:02:49 -0400: Memory Usage (425364K) : metal5_res has 0 polygons
2026-09-01 00:02:49 -0400: Memory Usage (425364K) : metal5_iprobe has 0 polygons
2026-09-01 00:02:49 -0400: Memory Usage (425628K) : metal5_diffprb has 0 polygons
2026-09-01 00:02:49 -0400: Memory Usage (425628K) : radhard_drw has 0 polygons
2026-09-01 00:02:49 -0400: Memory Usage (425628K) : memcap_drw has 3 polygons
2026-09-01 00:02:49 -0400: Memory Usage (425628K) : varicap_drw has 0 polygons
2026-09-01 00:02:49 -0400: Memory Usage (425892K) : intbondvia_drw has 0 polygons
2026-09-01 00:02:49 -0400: Memory Usage (425892K) : intbondmet_drw has 0 polygons
2026-09-01 00:02:49 -0400: Memory Usage (425892K) : devbondvia_drw has 0 polygons
2026-09-01 00:02:49 -0400: Memory Usage (426156K) : devbondmet_drw has 0 polygons
2026-09-01 00:02:49 -0400: Memory Usage (426156K) : devtrench_drw has 0 polygons
2026-09-01 00:02:49 -0400: Memory Usage (426156K) : redist_drw has 0 polygons
2026-09-01 00:02:49 -0400: Memory Usage (426156K) : graphbot_drw has 0 polygons
2026-09-01 00:02:49 -0400: Memory Usage (426420K) : graphtop_drw has 0 polygons
2026-09-01 00:02:49 -0400: Memory Usage (426420K) : antvia1_drw has 0 polygons
2026-09-01 00:02:49 -0400: Memory Usage (426420K) : antmetal2_drw has 0 polygons
2026-09-01 00:02:49 -0400: Memory Usage (426420K) : graphcont_drw has 0 polygons
2026-09-01 00:02:49 -0400: Memory Usage (426420K) : siwg_drw has 0 polygons
2026-09-01 00:02:49 -0400: Memory Usage (426420K) : siwg_filler has 0 polygons
2026-09-01 00:02:49 -0400: Memory Usage (426684K) : siwg_nofill has 0 polygons
2026-09-01 00:02:49 -0400: Memory Usage (426684K) : sigrating_drw has 0 polygons
2026-09-01 00:02:49 -0400: Memory Usage (426684K) : singrating_drw has 0 polygons
2026-09-01 00:02:49 -0400: Memory Usage (426684K) : graphpas_drw has 0 polygons
2026-09-01 00:02:49 -0400: Memory Usage (426948K) : emwind3_drw has 0 polygons
2026-09-01 00:02:49 -0400: Memory Usage (426948K) : emwihv3_drw has 0 polygons
2026-09-01 00:02:49 -0400: Memory Usage (426948K) : redbulay_drw has 0 polygons
2026-09-01 00:02:49 -0400: Memory Usage (426948K) : smos_drw has 0 polygons
2026-09-01 00:02:49 -0400: Memory Usage (427212K) : graphpad_drw has 0 polygons
2026-09-01 00:02:49 -0400: Memory Usage (427212K) : polimide_drw has 0 polygons
2026-09-01 00:02:49 -0400: Memory Usage (427212K) : polimide_pin has 0 polygons
2026-09-01 00:02:49 -0400: Memory Usage (427212K) : recog_drw has 0 polygons
2026-09-01 00:02:49 -0400: Memory Usage (427476K) : recog_pin has 0 polygons
2026-09-01 00:02:49 -0400: Memory Usage (427476K) : recog_esd has 0 polygons
2026-09-01 00:02:49 -0400: Memory Usage (427476K) : recog_diode has 0 polygons
2026-09-01 00:02:49 -0400: Memory Usage (427476K) : recog_tsv has 0 polygons
2026-09-01 00:02:49 -0400: Memory Usage (427740K) : recog_iprobe has 0 polygons
2026-09-01 00:02:49 -0400: Memory Usage (427740K) : recog_diffprb has 0 polygons
2026-09-01 00:02:49 -0400: Memory Usage (427740K) : recog_pillar has 0 polygons
2026-09-01 00:02:49 -0400: Memory Usage (427740K) : recog_sbump has 0 polygons
2026-09-01 00:02:49 -0400: Memory Usage (428004K) : recog_otp has 0 polygons
2026-09-01 00:02:49 -0400: Memory Usage (428004K) : recog_pdiode has 0 polygons
2026-09-01 00:02:49 -0400: Memory Usage (428004K) : recog_mom has 0 polygons
2026-09-01 00:02:49 -0400: Memory Usage (428004K) : recog_pcm has 0 polygons
2026-09-01 00:02:49 -0400: Memory Usage (428268K) : colopen_drw has 0 polygons
2026-09-01 00:02:49 -0400: Memory Usage (428268K) : graphmetal1_drw has 0 polygons
2026-09-01 00:02:49 -0400: Memory Usage (428268K) : graphmetal1_filler has 0 polygons
2026-09-01 00:02:49 -0400: Memory Usage (428268K) : graphmetal1_nofill has 0 polygons
2026-09-01 00:02:49 -0400: Memory Usage (428532K) : graphmetal1_slit has 0 polygons
2026-09-01 00:02:49 -0400: Memory Usage (428532K) : graphmetal1_OPC has 0 polygons
2026-09-01 00:02:49 -0400: Memory Usage (428532K) : graphmet1l_drw has 0 polygons
2026-09-01 00:02:49 -0400: Memory Usage (428532K) : graphmet1l_filler has 0 polygons
2026-09-01 00:02:49 -0400: Memory Usage (428796K) : graphmet1l_nofill has 0 polygons
2026-09-01 00:02:49 -0400: Memory Usage (428796K) : graphmet1l_slit has 0 polygons
2026-09-01 00:02:49 -0400: Memory Usage (428796K) : graphmet1l_OPC has 0 polygons
2026-09-01 00:02:49 -0400: Memory Usage (428796K) : extblock_drw has 12 polygons
2026-09-01 00:02:49 -0400: Memory Usage (429060K) : nldd_drw has 0 polygons
2026-09-01 00:02:49 -0400: Memory Usage (429060K) : pldd_drw has 0 polygons
2026-09-01 00:02:49 -0400: Memory Usage (429060K) : next_drw has 0 polygons
2026-09-01 00:02:49 -0400: Memory Usage (429060K) : pext_drw has 0 polygons
2026-09-01 00:02:49 -0400: Memory Usage (429324K) : nexthv_drw has 0 polygons
2026-09-01 00:02:49 -0400: Memory Usage (429324K) : pexthv_drw has 0 polygons
2026-09-01 00:02:49 -0400: Memory Usage (429324K) : graphgate_drw has 0 polygons
2026-09-01 00:02:49 -0400: Memory Usage (429324K) : sinwg_drw has 0 polygons
2026-09-01 00:02:49 -0400: Memory Usage (429588K) : sinwg_filler has 0 polygons
2026-09-01 00:02:49 -0400: Memory Usage (429588K) : sinwg_nofill has 0 polygons
2026-09-01 00:02:49 -0400: Memory Usage (429588K) : mempad_drw has 0 polygons
2026-09-01 00:02:49 -0400: Memory Usage (429588K) : topvia1_drw has 13 polygons
2026-09-01 00:02:49 -0400: Memory Usage (429852K) : topmetal1_drw has 7 polygons
2026-09-01 00:02:49 -0400: Memory Usage (429852K) : topmetal1_filler has 0 polygons
2026-09-01 00:02:49 -0400: Memory Usage (429852K) : topmetal1_slit has 0 polygons
2026-09-01 00:02:49 -0400: Memory Usage (430116K) : topmetal1 has 7 polygons
2026-09-01 00:02:49 -0400: Memory Usage (430116K) : topmetal1_pin has 3 polygons
2026-09-01 00:02:49 -0400: Memory Usage (430116K) : topmetal1_mask has 0 polygons
2026-09-01 00:02:49 -0400: Memory Usage (430116K) : topmetal1_nofill has 3 polygons
2026-09-01 00:02:49 -0400: Memory Usage (430380K) : topmetal1_text has 2 polygons
2026-09-01 00:02:49 -0400: Memory Usage (430380K) : topmetal1_noqrc has 0 polygons
2026-09-01 00:02:49 -0400: Memory Usage (430380K) : topmetal1_res has 0 polygons
2026-09-01 00:02:49 -0400: Memory Usage (430380K) : topmetal1_iprobe has 0 polygons
2026-09-01 00:02:49 -0400: Memory Usage (430644K) : topmetal1_diffprb has 0 polygons
2026-09-01 00:02:49 -0400: Memory Usage (430644K) : inldpwl_drw has 0 polygons
2026-09-01 00:02:49 -0400: Memory Usage (430644K) : polyres_drw has 12 polygons
2026-09-01 00:02:49 -0400: Memory Usage (430644K) : polyres_pin has 0 polygons
2026-09-01 00:02:49 -0400: Memory Usage (430644K) : vmim_drw has 27 polygons
2026-09-01 00:02:49 -0400: Memory Usage (430908K) : nbulaycut_drw has 0 polygons
2026-09-01 00:02:49 -0400: Memory Usage (430908K) : antmetal1_drw has 0 polygons
2026-09-01 00:02:49 -0400: Memory Usage (430908K) : topvia2_drw has 2 polygons
2026-09-01 00:02:49 -0400: Memory Usage (430908K) : topmetal2_drw has 1 polygons
2026-09-01 00:02:49 -0400: Memory Usage (431172K) : topmetal2_filler has 0 polygons
2026-09-01 00:02:49 -0400: Memory Usage (431172K) : topmetal2_slit has 0 polygons
2026-09-01 00:02:49 -0400: Memory Usage (431172K) : topmetal2 has 1 polygons
2026-09-01 00:02:49 -0400: Memory Usage (431172K) : topmetal2_pin has 0 polygons
2026-09-01 00:02:49 -0400: Memory Usage (431436K) : topmetal2_mask has 0 polygons
2026-09-01 00:02:49 -0400: Memory Usage (431436K) : topmetal2_nofill has 3 polygons
2026-09-01 00:02:49 -0400: Memory Usage (431436K) : topmetal2_text has 1 polygons
2026-09-01 00:02:49 -0400: Memory Usage (431436K) : topmetal2_noqrc has 0 polygons
2026-09-01 00:02:49 -0400: Memory Usage (431700K) : topmetal2_res has 0 polygons
2026-09-01 00:02:49 -0400: Memory Usage (431700K) : topmetal2_iprobe has 0 polygons
2026-09-01 00:02:49 -0400: Memory Usage (431700K) : topmetal2_diffprb has 0 polygons
2026-09-01 00:02:49 -0400: Memory Usage (431700K) : snsring_drw has 0 polygons
2026-09-01 00:02:49 -0400: Memory Usage (431700K) : sensor_drw has 0 polygons
2026-09-01 00:02:49 -0400: Memory Usage (431964K) : snsarms_drw has 0 polygons
2026-09-01 00:02:49 -0400: Memory Usage (431964K) : snscmosvia_drw has 0 polygons
2026-09-01 00:02:49 -0400: Memory Usage (431964K) : colwind_drw has 0 polygons
2026-09-01 00:02:49 -0400: Memory Usage (431964K) : flm_drw has 0 polygons
2026-09-01 00:02:49 -0400: Memory Usage (432228K) : hafniumox_drw has 0 polygons
2026-09-01 00:02:49 -0400: Memory Usage (432228K) : memvia_drw has 0 polygons
2026-09-01 00:02:49 -0400: Memory Usage (432228K) : thinfilmres_drw has 0 polygons
2026-09-01 00:02:49 -0400: Memory Usage (432492K) : rfmem_drw has 0 polygons
2026-09-01 00:02:49 -0400: Memory Usage (432492K) : norcx_drw has 0 polygons
2026-09-01 00:02:49 -0400: Memory Usage (432492K) : norcx_m2m3 has 0 polygons
2026-09-01 00:02:49 -0400: Memory Usage (432492K) : norcx_m2m4 has 0 polygons
2026-09-01 00:02:49 -0400: Memory Usage (432756K) : norcx_m2m5 has 0 polygons
2026-09-01 00:02:49 -0400: Memory Usage (432756K) : norcx_m2tm1 has 0 polygons
2026-09-01 00:02:49 -0400: Memory Usage (432756K) : norcx_m2tm2 has 0 polygons
2026-09-01 00:02:49 -0400: Memory Usage (432756K) : norcx_m3m4 has 0 polygons
2026-09-01 00:02:49 -0400: Memory Usage (433020K) : norcx_m3m5 has 0 polygons
2026-09-01 00:02:49 -0400: Memory Usage (433020K) : norcx_m3tm1 has 0 polygons
2026-09-01 00:02:49 -0400: Memory Usage (433020K) : norcx_m3tm2 has 0 polygons
2026-09-01 00:02:49 -0400: Memory Usage (433020K) : norcx_m4m5 has 0 polygons
2026-09-01 00:02:49 -0400: Memory Usage (433284K) : norcx_m4tm1 has 0 polygons
2026-09-01 00:02:49 -0400: Memory Usage (433284K) : norcx_m4tm2 has 0 polygons
2026-09-01 00:02:49 -0400: Memory Usage (433284K) : norcx_m5tm1 has 0 polygons
2026-09-01 00:02:49 -0400: Memory Usage (433284K) : norcx_m5tm2 has 0 polygons
2026-09-01 00:02:49 -0400: Memory Usage (433284K) : norcx_tm1tm2 has 0 polygons
2026-09-01 00:02:49 -0400: Memory Usage (433284K) : norcx_m1sub has 0 polygons
2026-09-01 00:02:49 -0400: Memory Usage (433284K) : norcx_m2sub has 0 polygons
2026-09-01 00:02:49 -0400: Memory Usage (433284K) : norcx_m3sub has 0 polygons
2026-09-01 00:02:49 -0400: Memory Usage (433284K) : norcx_m4sub has 0 polygons
2026-09-01 00:02:49 -0400: Memory Usage (433284K) : norcx_m5sub has 0 polygons
2026-09-01 00:02:49 -0400: Memory Usage (433284K) : norcx_tm1sub has 0 polygons
2026-09-01 00:02:49 -0400: Memory Usage (433284K) : norcx_tm2sub has 0 polygons
2026-09-01 00:02:49 -0400: Memory Usage (433284K) : snsbotvia_drw has 0 polygons
2026-09-01 00:02:49 -0400: Memory Usage (433284K) : snstopvia_drw has 0 polygons
2026-09-01 00:02:49 -0400: Memory Usage (433284K) : deepvia_drw has 0 polygons
2026-09-01 00:02:49 -0400: Memory Usage (433284K) : fgetch_drw has 0 polygons
2026-09-01 00:02:49 -0400: Memory Usage (433284K) : ctrgat_drw has 0 polygons
2026-09-01 00:02:49 -0400: Memory Usage (433284K) : fgimp_drw has 0 polygons
2026-09-01 00:02:49 -0400: Memory Usage (433284K) : emwihv_drw has 0 polygons
2026-09-01 00:02:49 -0400: Memory Usage (433284K) : lbe_drw has 0 polygons
2026-09-01 00:02:49 -0400: Memory Usage (433284K) : alcustop_drw has 0 polygons
2026-09-01 00:02:49 -0400: Memory Usage (433284K) : nometfiller_drw has 0 polygons
2026-09-01 00:02:49 -0400: Memory Usage (433284K) : prboundary_drw has 0 polygons
2026-09-01 00:02:49 -0400: Memory Usage (433284K) : exchange0_drw has 0 polygons
2026-09-01 00:02:49 -0400: Memory Usage (433284K) : exchange0_pin has 0 polygons
2026-09-01 00:02:49 -0400: Memory Usage (433284K) : exchange0_text has 0 polygons
2026-09-01 00:02:49 -0400: Memory Usage (433284K) : exchange1_drw has 0 polygons
2026-09-01 00:02:49 -0400: Memory Usage (433284K) : exchange1_pin has 0 polygons
2026-09-01 00:02:49 -0400: Memory Usage (433284K) : exchange1_text has 0 polygons
2026-09-01 00:02:49 -0400: Memory Usage (433284K) : exchange2_drw has 0 polygons
2026-09-01 00:02:49 -0400: Memory Usage (433284K) : exchange2_pin has 0 polygons
2026-09-01 00:02:49 -0400: Memory Usage (433284K) : exchange2_text has 0 polygons
2026-09-01 00:02:49 -0400: Memory Usage (433284K) : exchange3_drw has 0 polygons
2026-09-01 00:02:49 -0400: Memory Usage (433548K) : exchange3_pin has 0 polygons
2026-09-01 00:02:49 -0400: Memory Usage (433548K) : exchange3_text has 0 polygons
2026-09-01 00:02:49 -0400: Memory Usage (433548K) : exchange4_drw has 0 polygons
2026-09-01 00:02:49 -0400: Memory Usage (433548K) : exchange4_pin has 0 polygons
2026-09-01 00:02:49 -0400: Memory Usage (433548K) : exchange4_text has 0 polygons
2026-09-01 00:02:49 -0400: Memory Usage (433548K) : isonwell_drw has 0 polygons
2026-09-01 00:02:49 -0400: Memory Usage (433548K) : Total no. of polygons in the design is 3016
2026-09-01 00:02:49 -0400: Memory Usage (433548K) : Starting SG13G2 LVS runset
2026-09-01 00:02:49 -0400: Memory Usage (433548K) : Starting base layers derivations
2026-09-01 00:02:49 -0400: Memory Usage (433548K) : Starting general LVS derivations
2026-09-01 00:02:49 -0400: Memory Usage (439780K) : Starting MOSFET DERIVATIONS
2026-09-01 00:02:49 -0400: Memory Usage (442172K) : Starting NMOS DERIVATIONS
2026-09-01 00:02:49 -0400: Memory Usage (442436K) : Starting PMOS DERIVATIONS
2026-09-01 00:02:49 -0400: Memory Usage (442700K) : Starting RF-MOSFET DERIVATIONS
2026-09-01 00:02:49 -0400: Memory Usage (442700K) : Starting RF-NMOS DERIVATIONS
2026-09-01 00:02:49 -0400: Memory Usage (442964K) : Starting RF-PMOS DERIVATIONS
2026-09-01 00:02:49 -0400: Memory Usage (442964K) : Starting BJT DERIVATIONS
2026-09-01 00:02:49 -0400: Memory Usage (442964K) : Starting NPN-BJT DERIVATIONS
2026-09-01 00:02:49 -0400: Memory Usage (439184K) : Starting PNP-BJT DERIVATIONS
2026-09-01 00:02:49 -0400: Memory Usage (439184K) : Starting DIODE DERIVATIONS
2026-09-01 00:02:49 -0400: Memory Usage (439184K) : Starting RESISTOR DERIVATIONS
2026-09-01 00:02:49 -0400: Memory Usage (439248K) : Starting CAP DERIVATIONS
2026-09-01 00:02:49 -0400: Memory Usage (439248K) : Starting ESD DERIVATIONS
2026-09-01 00:02:49 -0400: Memory Usage (439248K) : Starting Inductor DERIVATIONS
2026-09-01 00:02:49 -0400: Memory Usage (442180K) : Starting Taps DERIVATIONS
2026-09-01 00:02:49 -0400: Memory Usage (443500K) : Starting SG13G2 LVS connectivity setup
2026-09-01 00:02:49 -0400: Memory Usage (443500K) : Starting SG13G2 LVS connectivity setup (Inter-layer)
2026-09-01 00:02:49 -0400: Memory Usage (443500K) : Starting SG13G2 LVS connectivity setup (Global)
2026-09-01 00:02:49 -0400: Memory Usage (443500K) : Starting LVS MOSFET CONNECTIONS
2026-09-01 00:02:49 -0400: Memory Usage (443500K) : Starting LVS RF-MOSFET CONNECTIONS
2026-09-01 00:02:49 -0400: Memory Usage (443500K) : Starting LVS BJT CONNECTIONS
2026-09-01 00:02:49 -0400: Memory Usage (443500K) : Starting LVS DIODE CONNECTIONS
2026-09-01 00:02:49 -0400: Memory Usage (443500K) : Starting RESISTOR CONNECTIONS
2026-09-01 00:02:49 -0400: Memory Usage (443500K) : Starting LVS CAP CONNECTIONS
2026-09-01 00:02:49 -0400: Memory Usage (443500K) : Starting ESD CONNECTIONS
2026-09-01 00:02:49 -0400: Memory Usage (443500K) : Starting Inductor CONNECTIONS
2026-09-01 00:02:49 -0400: Memory Usage (443500K) : Starting LVS Taps CONNECTIONS
2026-09-01 00:02:49 -0400: Memory Usage (443500K) : Starting SG13G2 LVS DEVICES EXTRACTION
2026-09-01 00:02:49 -0400: Memory Usage (443500K) : Starting MOSFET EXTRACTION
2026-09-01 00:02:49 -0400: Memory Usage (443500K) : Starting NMOS EXTRACTION
2026-09-01 00:02:49 -0400: Memory Usage (443500K) : Extraction of NMOS-LV transistor
2026-09-01 00:02:49 -0400: Memory Usage (443500K) : Extraction of NMOS-HV transistor
2026-09-01 00:02:49 -0400: Memory Usage (443884K) : Starting PMOS EXTRACTION
2026-09-01 00:02:49 -0400: Memory Usage (443884K) : Extraction of PMOS-LV transistor
2026-09-01 00:02:49 -0400: Memory Usage (443884K) : Extraction of PMOS-HV transistor
2026-09-01 00:02:49 -0400: Memory Usage (443884K) : Starting RF-MOSFET EXTRACTION
2026-09-01 00:02:49 -0400: Memory Usage (443884K) : Extraction of RF-NMOS-LV transistor
2026-09-01 00:02:49 -0400: Memory Usage (443884K) : Extraction of RF-NMOS-HV transistor
2026-09-01 00:02:49 -0400: Memory Usage (443884K) : Extraction of RF-PMOS-LV transistor
2026-09-01 00:02:49 -0400: Memory Usage (444148K) : Extraction of RF-PMOS-HV transistor
2026-09-01 00:02:49 -0400: Memory Usage (444148K) : Starting BJT EXTRACTION
2026-09-01 00:02:49 -0400: Memory Usage (444148K) : Starting NPN-BJT EXTRACTION
2026-09-01 00:02:49 -0400: Memory Usage (444148K) : Extraction of npn13G2 BJT transistor
2026-09-01 00:02:49 -0400: Memory Usage (444148K) : Extraction of npn13G2L BJT transistor
2026-09-01 00:02:49 -0400: Memory Usage (444148K) : Extraction of npn13G2V BJT transistor
2026-09-01 00:02:49 -0400: Memory Usage (444592K) : Starting PNP-BJT EXTRACTION
2026-09-01 00:02:49 -0400: Memory Usage (444592K) : Extracting pnpMPA BJT
2026-09-01 00:02:49 -0400: Memory Usage (444592K) : Starting DIODE EXTRACTION
2026-09-01 00:02:49 -0400: Memory Usage (444592K) : Extracting dantenna diode
2026-09-01 00:02:49 -0400: Memory Usage (444592K) : Extracting dpantenna diode
2026-09-01 00:02:49 -0400: Memory Usage (444856K) : Extracting schottky_nbl1 diode
2026-09-01 00:02:49 -0400: Memory Usage (444856K) : Starting RESISTOR EXTRACTION
2026-09-01 00:02:49 -0400: Memory Usage (444856K) : Extracting rsil resistor
2026-09-01 00:02:49 -0400: Memory Usage (445252K) : Extracting rppd resistor
2026-09-01 00:02:49 -0400: Memory Usage (445252K) : Extracting rhigh resistor
2026-09-01 00:02:49 -0400: Memory Usage (445576K) : Extracting res_metal1 resistor
2026-09-01 00:02:49 -0400: Memory Usage (445576K) : Extracting res_metal2 resistor
2026-09-01 00:02:49 -0400: Memory Usage (445900K) : Extracting res_metal3 resistor
2026-09-01 00:02:49 -0400: Memory Usage (445900K) : Extracting res_metal4 resistor
2026-09-01 00:02:49 -0400: Memory Usage (445900K) : Extracting res_metal5 resistor
2026-09-01 00:02:49 -0400: Memory Usage (445900K) : Extracting res_topmetal1 resistor
2026-09-01 00:02:49 -0400: Memory Usage (445900K) : Extracting res_topmetal2 resistor
2026-09-01 00:02:49 -0400: Memory Usage (446160K) : Starting CAP EXTRACTION
2026-09-01 00:02:49 -0400: Memory Usage (446160K) : Extracting cap_cmim device
2026-09-01 00:02:49 -0400: Memory Usage (446160K) : Extracting rfcmim device
2026-09-01 00:02:49 -0400: Memory Usage (446160K) : Extracting sg13_hv_svaricap varactor
2026-09-01 00:02:49 -0400: Memory Usage (446424K) : Starting ESD EXTRACTION
2026-09-01 00:02:49 -0400: Memory Usage (446424K) : Extracting diodevdd_2kv ESD device
2026-09-01 00:02:49 -0400: Memory Usage (446424K) : Extracting diodevdd_4kv ESD device
2026-09-01 00:02:49 -0400: Memory Usage (446688K) : Extracting diodevss_2kv ESD device
2026-09-01 00:02:49 -0400: Memory Usage (446952K) : Extracting diodevss_4kv ESD device
2026-09-01 00:02:49 -0400: Memory Usage (446952K) : Extracting idiodevdd_2kv ESD device
2026-09-01 00:02:49 -0400: Memory Usage (447216K) : Extracting idiodevdd_4kv ESD device
2026-09-01 00:02:49 -0400: Memory Usage (447216K) : Extracting idiodevss_2kv ESD device
2026-09-01 00:02:49 -0400: Memory Usage (447480K) : Extracting idiodevss_4kv ESD device
2026-09-01 00:02:49 -0400: Memory Usage (447744K) : Extracting nmoscl_2 ESD device
2026-09-01 00:02:49 -0400: Memory Usage (447744K) : Extracting nmoscl_4 ESD device
2026-09-01 00:02:49 -0400: Memory Usage (447744K) : Starting Inductor EXTRACTION
2026-09-01 00:02:49 -0400: Memory Usage (447744K) : Extracting Inductor2 device
2026-09-01 00:02:49 -0400: Memory Usage (448008K) : Extracting Inductor3 device
2026-09-01 00:02:50 -0400: Memory Usage (448008K) : Starting Taps EXTRACTION
2026-09-01 00:02:50 -0400: Memory Usage (448008K) : Extracting ntap1 device
2026-09-01 00:02:50 -0400: Memory Usage (448008K) : Extracting ptap1 device
2026-09-01 00:02:50 -0400: Memory Usage (448272K) : Starting SG13G2 LVS Options Preparations
2026-09-01 00:02:50 -0400: Memory Usage (448272K) : Starting SG13G2 LVS Alignment
2026-09-01 00:02:50 -0400: Memory Usage (448272K) : Starting SG13G2 LVS Simplification
2026-09-01 00:02:50 -0400: Memory Usage (448272K) : Starting SG13G2 LVS Comparison with flag_missing_ports
2026-09-01 00:02:50 -0400: Memory Usage (448272K) : ==========================================
2026-09-01 00:02:50 -0400: Memory Usage (448272K) : INFO : Congratulations! Netlists match.
2026-09-01 00:02:50 -0400: Memory Usage (448272K) : ==========================================
2026-09-01 00:02:50 -0400: Memory Usage (448272K) : LVS Total Run time 0.963849 seconds
