# Logfile created on 2026-09-01 00:04:13 -0400 by logger.rb/61378
2026-09-01 00:04:13 -0400: Memory Usage (413236K) : Starting running IHP-SG13G2 Klayout DRC runset on /home/noorizad/spicexplorer-workspace/external/pam4-wt/paper-record/report/work/f/dut_pam4.gds
2026-09-01 00:04:13 -0400: Memory Usage (413236K) : Ruby Version for klayout: 2.5.9
2026-09-01 00:04:13 -0400: Memory Usage (413236K) : Loading database to memory is complete.
2026-09-01 00:04:13 -0400: Memory Usage (413236K) : IHP-SG13G2 Klayout DRC runset output at: /home/noorizad/spicexplorer-workspace/external/pam4-wt/paper-record/report/work/f/signoff/drc/dut_pam4_pam4drv_pam4_lay_main.lyrdb
2026-09-01 00:04:13 -0400: Memory Usage (413236K) : Evaluate switches.
2026-09-01 00:04:13 -0400: Memory Usage (413236K) : table_name selected  main
2026-09-01 00:04:13 -0400: Memory Usage (413236K) : Klayout will use 128 thread(s)
2026-09-01 00:04:13 -0400: Memory Usage (413236K) : deep mode is enabled for main table.
2026-09-01 00:04:13 -0400: Memory Usage (413236K) : FEOL enabled: true
2026-09-01 00:04:13 -0400: Memory Usage (413236K) : BEOL enabled: true
2026-09-01 00:04:13 -0400: Memory Usage (413236K) : OffGrid enabled: true
2026-09-01 00:04:13 -0400: Memory Usage (413236K) : PreCheck DRC enabled: false
2026-09-01 00:04:13 -0400: Memory Usage (413236K) : CONNECTIVITY_RULES enabled: true for table main
2026-09-01 00:04:13 -0400: Memory Usage (413236K) : Read in polygons from layers.
2026-09-01 00:04:13 -0400: Memory Usage (413236K) : activ_drw has 68 polygons
2026-09-01 00:04:13 -0400: Memory Usage (413236K) : activ_pin has 0 polygons
2026-09-01 00:04:13 -0400: Memory Usage (413236K) : activ_mask has 12 polygons
2026-09-01 00:04:13 -0400: Memory Usage (413236K) : activ_filler has 0 polygons
2026-09-01 00:04:13 -0400: Memory Usage (413236K) : activ_nofill has 0 polygons
2026-09-01 00:04:13 -0400: Memory Usage (413236K) : activ_opc has 0 polygons
2026-09-01 00:04:13 -0400: Memory Usage (413236K) : activ_iopc has 0 polygons
2026-09-01 00:04:13 -0400: Memory Usage (413236K) : activ_noqrc has 0 polygons
2026-09-01 00:04:13 -0400: Memory Usage (413236K) : biwind_drw has 0 polygons
2026-09-01 00:04:13 -0400: Memory Usage (413236K) : biwind_opc has 0 polygons
2026-09-01 00:04:13 -0400: Memory Usage (413236K) : pemwind_drw has 0 polygons
2026-09-01 00:04:13 -0400: Memory Usage (413236K) : gatpoly_drw has 24 polygons
2026-09-01 00:04:13 -0400: Memory Usage (413236K) : gatpoly_pin has 0 polygons
2026-09-01 00:04:13 -0400: Memory Usage (413236K) : gatpoly_filler has 0 polygons
2026-09-01 00:04:13 -0400: Memory Usage (413236K) : gatpoly_nofill has 0 polygons
2026-09-01 00:04:13 -0400: Memory Usage (413236K) : gatpoly_opc has 0 polygons
2026-09-01 00:04:13 -0400: Memory Usage (413236K) : gatpoly_iopc has 0 polygons
2026-09-01 00:04:13 -0400: Memory Usage (413236K) : gatpoly_noqrc has 0 polygons
2026-09-01 00:04:13 -0400: Memory Usage (413236K) : cont_drw has 932 polygons
2026-09-01 00:04:13 -0400: Memory Usage (413236K) : cont_opc has 0 polygons
2026-09-01 00:04:13 -0400: Memory Usage (413236K) : nsd_drw has 0 polygons
2026-09-01 00:04:13 -0400: Memory Usage (413236K) : nsd_block has 24 polygons
2026-09-01 00:04:13 -0400: Memory Usage (415500K) : metal1_drw has 96 polygons
2026-09-01 00:04:13 -0400: Memory Usage (415500K) : metal1_pin has 48 polygons
2026-09-01 00:04:13 -0400: Memory Usage (415500K) : metal1_mask has 0 polygons
2026-09-01 00:04:13 -0400: Memory Usage (415500K) : metal1_filler has 0 polygons
2026-09-01 00:04:13 -0400: Memory Usage (415500K) : metal1_nofill has 0 polygons
2026-09-01 00:04:13 -0400: Memory Usage (415500K) : metal1_slit has 0 polygons
2026-09-01 00:04:13 -0400: Memory Usage (415764K) : metal1_text has 6 polygons
2026-09-01 00:04:13 -0400: Memory Usage (415764K) : metal1_opc has 0 polygons
2026-09-01 00:04:13 -0400: Memory Usage (415764K) : metal1_noqrc has 0 polygons
2026-09-01 00:04:13 -0400: Memory Usage (415764K) : metal1_res has 0 polygons
2026-09-01 00:04:13 -0400: Memory Usage (415764K) : metal1_iprobe has 0 polygons
2026-09-01 00:04:13 -0400: Memory Usage (415764K) : metal1_diffprb has 0 polygons
2026-09-01 00:04:13 -0400: Memory Usage (416208K) : passiv_drw has 0 polygons
2026-09-01 00:04:13 -0400: Memory Usage (416208K) : passiv_pin has 0 polygons
2026-09-01 00:04:13 -0400: Memory Usage (416208K) : passiv_sbump has 0 polygons
2026-09-01 00:04:13 -0400: Memory Usage (416208K) : passiv_pillar has 0 polygons
2026-09-01 00:04:13 -0400: Memory Usage (416208K) : passiv_pdl has 0 polygons
2026-09-01 00:04:13 -0400: Memory Usage (416208K) : metal2_drw has 34 polygons
2026-09-01 00:04:13 -0400: Memory Usage (416208K) : metal2_pin has 12 polygons
2026-09-01 00:04:13 -0400: Memory Usage (416208K) : metal2_mask has 0 polygons
2026-09-01 00:04:13 -0400: Memory Usage (416208K) : metal2_filler has 0 polygons
2026-09-01 00:04:13 -0400: Memory Usage (416208K) : metal2_nofill has 0 polygons
2026-09-01 00:04:13 -0400: Memory Usage (416208K) : metal2_slit has 0 polygons
2026-09-01 00:04:13 -0400: Memory Usage (416208K) : metal2_text has 0 polygons
2026-09-01 00:04:13 -0400: Memory Usage (416208K) : metal2_opc has 0 polygons
2026-09-01 00:04:13 -0400: Memory Usage (416208K) : metal2_noqrc has 0 polygons
2026-09-01 00:04:13 -0400: Memory Usage (416472K) : metal2_res has 0 polygons
2026-09-01 00:04:13 -0400: Memory Usage (416472K) : metal2_iprobe has 0 polygons
2026-09-01 00:04:13 -0400: Memory Usage (416472K) : metal2_diffprb has 0 polygons
2026-09-01 00:04:13 -0400: Memory Usage (416472K) : baspoly_drw has 0 polygons
2026-09-01 00:04:13 -0400: Memory Usage (416472K) : baspoly_pin has 0 polygons
2026-09-01 00:04:13 -0400: Memory Usage (416472K) : psd_drw has 20 polygons
2026-09-01 00:04:13 -0400: Memory Usage (416472K) : nldb_drw has 0 polygons
2026-09-01 00:04:13 -0400: Memory Usage (416736K) : digibnd_drw has 0 polygons
2026-09-01 00:04:13 -0400: Memory Usage (416736K) : via1_drw has 446 polygons
2026-09-01 00:04:13 -0400: Memory Usage (416736K) : backmetal1_drw has 0 polygons
2026-09-01 00:04:13 -0400: Memory Usage (416736K) : backmetal1_pin has 0 polygons
2026-09-01 00:04:13 -0400: Memory Usage (416736K) : backmetal1_mask has 0 polygons
2026-09-01 00:04:13 -0400: Memory Usage (417000K) : backmetal1_filler has 0 polygons
2026-09-01 00:04:13 -0400: Memory Usage (417000K) : backmetal1_nofill has 0 polygons
2026-09-01 00:04:13 -0400: Memory Usage (417000K) : backmetal1_slit has 0 polygons
2026-09-01 00:04:13 -0400: Memory Usage (417000K) : backmetal1_text has 0 polygons
2026-09-01 00:04:13 -0400: Memory Usage (417000K) : backmetal1_opc has 0 polygons
2026-09-01 00:04:13 -0400: Memory Usage (417000K) : backmetal1_noqrc has 0 polygons
2026-09-01 00:04:13 -0400: Memory Usage (417264K) : backmetal1_res has 0 polygons
2026-09-01 00:04:13 -0400: Memory Usage (417264K) : backmetal1_iprobe has 0 polygons
2026-09-01 00:04:13 -0400: Memory Usage (417264K) : backmetal1_diffprb has 0 polygons
2026-09-01 00:04:13 -0400: Memory Usage (417264K) : backpassiv_drw has 0 polygons
2026-09-01 00:04:13 -0400: Memory Usage (417264K) : res_drw has 12 polygons
2026-09-01 00:04:13 -0400: Memory Usage (417264K) : sram_drw has 0 polygons
2026-09-01 00:04:13 -0400: Memory Usage (417528K) : trans_drw has 12 polygons
2026-09-01 00:04:13 -0400: Memory Usage (417528K) : ind_drw has 0 polygons
2026-09-01 00:04:13 -0400: Memory Usage (417528K) : ind_pin has 0 polygons
2026-09-01 00:04:13 -0400: Memory Usage (417528K) : ind_text has 0 polygons
2026-09-01 00:04:13 -0400: Memory Usage (417528K) : salblock_drw has 0 polygons
2026-09-01 00:04:13 -0400: Memory Usage (417528K) : via2_drw has 184 polygons
2026-09-01 00:04:13 -0400: Memory Usage (417792K) : metal3_drw has 26 polygons
2026-09-01 00:04:13 -0400: Memory Usage (417792K) : metal3_pin has 0 polygons
2026-09-01 00:04:13 -0400: Memory Usage (417792K) : metal3_mask has 0 polygons
2026-09-01 00:04:13 -0400: Memory Usage (417792K) : metal3_filler has 0 polygons
2026-09-01 00:04:13 -0400: Memory Usage (417792K) : metal3_nofill has 0 polygons
2026-09-01 00:04:13 -0400: Memory Usage (418056K) : metal3_slit has 0 polygons
2026-09-01 00:04:13 -0400: Memory Usage (418056K) : metal3_text has 0 polygons
2026-09-01 00:04:13 -0400: Memory Usage (418056K) : metal3_opc has 0 polygons
2026-09-01 00:04:13 -0400: Memory Usage (418056K) : metal3_noqrc has 0 polygons
2026-09-01 00:04:13 -0400: Memory Usage (418056K) : metal3_res has 0 polygons
2026-09-01 00:04:13 -0400: Memory Usage (418056K) : metal3_iprobe has 0 polygons
2026-09-01 00:04:13 -0400: Memory Usage (418056K) : metal3_diffprb has 0 polygons
2026-09-01 00:04:13 -0400: Memory Usage (418056K) : nwell_drw has 0 polygons
2026-09-01 00:04:13 -0400: Memory Usage (418056K) : nwell_pin has 0 polygons
2026-09-01 00:04:13 -0400: Memory Usage (418056K) : nbulay_drw has 0 polygons
2026-09-01 00:04:13 -0400: Memory Usage (418056K) : nbulay_pin has 0 polygons
2026-09-01 00:04:13 -0400: Memory Usage (418320K) : nbulay_block has 0 polygons
2026-09-01 00:04:13 -0400: Memory Usage (418320K) : emwind_drw has 36 polygons
2026-09-01 00:04:13 -0400: Memory Usage (418320K) : emwind_opc has 0 polygons
2026-09-01 00:04:13 -0400: Memory Usage (418320K) : deepco_drw has 0 polygons
2026-09-01 00:04:13 -0400: Memory Usage (418320K) : deepco_drw has 0 polygons
2026-09-01 00:04:13 -0400: Memory Usage (418320K) : mim_drw has 3 polygons
2026-09-01 00:04:13 -0400: Memory Usage (418584K) : edgeseal_drw has 0 polygons
2026-09-01 00:04:13 -0400: Memory Usage (418584K) : edgeseal_bound has 0 polygons
2026-09-01 00:04:13 -0400: Memory Usage (418584K) : substrate_drw has 0 polygons
2026-09-01 00:04:13 -0400: Memory Usage (418584K) : substrate_text has 0 polygons
2026-09-01 00:04:13 -0400: Memory Usage (418584K) : dfpad_drw has 0 polygons
2026-09-01 00:04:13 -0400: Memory Usage (418584K) : dfpad_pillar has 0 polygons
2026-09-01 00:04:13 -0400: Memory Usage (418848K) : dfpad_sbump has 0 polygons
2026-09-01 00:04:13 -0400: Memory Usage (418848K) : thickgateox_drw has 0 polygons
2026-09-01 00:04:13 -0400: Memory Usage (418848K) : pldb_drw has 0 polygons
2026-09-01 00:04:13 -0400: Memory Usage (418848K) : pwell_drw has 0 polygons
2026-09-01 00:04:13 -0400: Memory Usage (418848K) : pwell_pin has 0 polygons
2026-09-01 00:04:13 -0400: Memory Usage (418848K) : pwell_block has 0 polygons
2026-09-01 00:04:13 -0400: Memory Usage (419112K) : ic_drw has 0 polygons
2026-09-01 00:04:13 -0400: Memory Usage (419112K) : via3_drw has 184 polygons
2026-09-01 00:04:13 -0400: Memory Usage (419112K) : metal4_drw has 24 polygons
2026-09-01 00:04:13 -0400: Memory Usage (419112K) : metal4_pin has 0 polygons
2026-09-01 00:04:13 -0400: Memory Usage (419112K) : metal4_mask has 0 polygons
2026-09-01 00:04:13 -0400: Memory Usage (419112K) : metal4_filler has 0 polygons
2026-09-01 00:04:13 -0400: Memory Usage (419376K) : metal4_nofill has 3 polygons
2026-09-01 00:04:13 -0400: Memory Usage (419376K) : metal4_slit has 0 polygons
2026-09-01 00:04:13 -0400: Memory Usage (419376K) : metal4_text has 4 polygons
2026-09-01 00:04:13 -0400: Memory Usage (419376K) : metal4_opc has 0 polygons
2026-09-01 00:04:13 -0400: Memory Usage (419376K) : metal4_noqrc has 0 polygons
2026-09-01 00:04:13 -0400: Memory Usage (419376K) : metal4_res has 0 polygons
2026-09-01 00:04:13 -0400: Memory Usage (419640K) : metal4_iprobe has 0 polygons
2026-09-01 00:04:13 -0400: Memory Usage (419640K) : metal4_diffprb has 0 polygons
2026-09-01 00:04:13 -0400: Memory Usage (419640K) : heattrans_drw has 0 polygons
2026-09-01 00:04:13 -0400: Memory Usage (419640K) : heatres_drw has 12 polygons
2026-09-01 00:04:13 -0400: Memory Usage (419640K) : pempoly_drw has 0 polygons
2026-09-01 00:04:13 -0400: Memory Usage (419640K) : fbe_drw has 0 polygons
2026-09-01 00:04:13 -0400: Memory Usage (419904K) : empoly_drw has 0 polygons
2026-09-01 00:04:13 -0400: Memory Usage (419904K) : ldmos_drw has 0 polygons
2026-09-01 00:04:13 -0400: Memory Usage (419904K) : pbiwind_drw has 0 polygons
2026-09-01 00:04:13 -0400: Memory Usage (419904K) : digisub_drw has 0 polygons
2026-09-01 00:04:13 -0400: Memory Usage (419904K) : nodrc_drw has 0 polygons
2026-09-01 00:04:13 -0400: Memory Usage (420168K) : text_drw has 72 polygons
2026-09-01 00:04:13 -0400: Memory Usage (420168K) : via4_drw has 144 polygons
2026-09-01 00:04:13 -0400: Memory Usage (420168K) : metal5_drw has 16 polygons
2026-09-01 00:04:13 -0400: Memory Usage (420168K) : metal5_pin has 3 polygons
2026-09-01 00:04:13 -0400: Memory Usage (420168K) : metal5_mask has 0 polygons
2026-09-01 00:04:13 -0400: Memory Usage (420168K) : metal5_filler has 0 polygons
2026-09-01 00:04:13 -0400: Memory Usage (420432K) : metal5_nofill has 3 polygons
2026-09-01 00:04:13 -0400: Memory Usage (420432K) : metal5_slit has 0 polygons
2026-09-01 00:04:13 -0400: Memory Usage (420432K) : metal5_text has 0 polygons
2026-09-01 00:04:13 -0400: Memory Usage (420432K) : metal5_opc has 0 polygons
2026-09-01 00:04:13 -0400: Memory Usage (420432K) : metal5_noqrc has 0 polygons
2026-09-01 00:04:13 -0400: Memory Usage (420432K) : metal5_res has 0 polygons
2026-09-01 00:04:13 -0400: Memory Usage (420696K) : metal5_iprobe has 0 polygons
2026-09-01 00:04:13 -0400: Memory Usage (420696K) : metal5_diffprb has 0 polygons
2026-09-01 00:04:13 -0400: Memory Usage (420696K) : radhard_drw has 0 polygons
2026-09-01 00:04:13 -0400: Memory Usage (420696K) : memcap_drw has 3 polygons
2026-09-01 00:04:13 -0400: Memory Usage (420696K) : varicap_drw has 0 polygons
2026-09-01 00:04:13 -0400: Memory Usage (420696K) : flash_drw has 0 polygons
2026-09-01 00:04:13 -0400: Memory Usage (420960K) : intbondvia_drw has 0 polygons
2026-09-01 00:04:13 -0400: Memory Usage (420960K) : intbondmet_drw has 0 polygons
2026-09-01 00:04:13 -0400: Memory Usage (420960K) : devbondvia_drw has 0 polygons
2026-09-01 00:04:13 -0400: Memory Usage (420960K) : devbondmet_drw has 0 polygons
2026-09-01 00:04:13 -0400: Memory Usage (420960K) : devtrench_drw has 0 polygons
2026-09-01 00:04:13 -0400: Memory Usage (421224K) : redist_drw has 0 polygons
2026-09-01 00:04:13 -0400: Memory Usage (421224K) : graphbot_drw has 0 polygons
2026-09-01 00:04:13 -0400: Memory Usage (421224K) : graphtop_drw has 0 polygons
2026-09-01 00:04:13 -0400: Memory Usage (421224K) : antvia1_drw has 0 polygons
2026-09-01 00:04:13 -0400: Memory Usage (421224K) : antmetal2_drw has 0 polygons
2026-09-01 00:04:13 -0400: Memory Usage (421224K) : graphcont_drw has 0 polygons
2026-09-01 00:04:13 -0400: Memory Usage (421488K) : siwg_drw has 0 polygons
2026-09-01 00:04:13 -0400: Memory Usage (421488K) : siwg_filler has 0 polygons
2026-09-01 00:04:13 -0400: Memory Usage (421488K) : siwg_nofill has 0 polygons
2026-09-01 00:04:13 -0400: Memory Usage (421488K) : sigrating_drw has 0 polygons
2026-09-01 00:04:13 -0400: Memory Usage (421488K) : singrating_drw has 0 polygons
2026-09-01 00:04:13 -0400: Memory Usage (421752K) : graphpas_drw has 0 polygons
2026-09-01 00:04:13 -0400: Memory Usage (421752K) : emwind3_drw has 0 polygons
2026-09-01 00:04:13 -0400: Memory Usage (421752K) : emwihv3_drw has 0 polygons
2026-09-01 00:04:13 -0400: Memory Usage (421752K) : redbulay_drw has 0 polygons
2026-09-01 00:04:13 -0400: Memory Usage (421752K) : smos_drw has 0 polygons
2026-09-01 00:04:13 -0400: Memory Usage (421752K) : graphpad_drw has 0 polygons
2026-09-01 00:04:13 -0400: Memory Usage (422016K) : polimide_drw has 0 polygons
2026-09-01 00:04:13 -0400: Memory Usage (422016K) : polimide_pin has 0 polygons
2026-09-01 00:04:13 -0400: Memory Usage (422016K) : recog_drw has 0 polygons
2026-09-01 00:04:13 -0400: Memory Usage (422016K) : recog_pin has 0 polygons
2026-09-01 00:04:13 -0400: Memory Usage (422016K) : recog_esd has 0 polygons
2026-09-01 00:04:13 -0400: Memory Usage (422280K) : recog_diode has 0 polygons
2026-09-01 00:04:13 -0400: Memory Usage (422280K) : recog_tsv has 0 polygons
2026-09-01 00:04:13 -0400: Memory Usage (422280K) : recog_iprobe has 0 polygons
2026-09-01 00:04:13 -0400: Memory Usage (422280K) : recog_diffprb has 0 polygons
2026-09-01 00:04:13 -0400: Memory Usage (422280K) : recog_pillar has 0 polygons
2026-09-01 00:04:13 -0400: Memory Usage (422280K) : recog_sbump has 0 polygons
2026-09-01 00:04:13 -0400: Memory Usage (422280K) : recog_otp has 0 polygons
2026-09-01 00:04:13 -0400: Memory Usage (422544K) : recog_pdiode has 0 polygons
2026-09-01 00:04:13 -0400: Memory Usage (422544K) : recog_mom has 0 polygons
2026-09-01 00:04:13 -0400: Memory Usage (422544K) : recog_pcm has 0 polygons
2026-09-01 00:04:13 -0400: Memory Usage (422544K) : colopen_drw has 0 polygons
2026-09-01 00:04:13 -0400: Memory Usage (422544K) : graphmetal1_drw has 0 polygons
2026-09-01 00:04:13 -0400: Memory Usage (422544K) : graphmetal1_filler has 0 polygons
2026-09-01 00:04:13 -0400: Memory Usage (422544K) : graphmetal1_nofill has 0 polygons
2026-09-01 00:04:13 -0400: Memory Usage (422808K) : graphmetal1_slit has 0 polygons
2026-09-01 00:04:13 -0400: Memory Usage (422808K) : graphmetal1_opc has 0 polygons
2026-09-01 00:04:13 -0400: Memory Usage (422808K) : graphmet1l_drw has 0 polygons
2026-09-01 00:04:13 -0400: Memory Usage (422808K) : graphmet1l_filler has 0 polygons
2026-09-01 00:04:13 -0400: Memory Usage (422808K) : graphmet1l_nofill has 0 polygons
2026-09-01 00:04:13 -0400: Memory Usage (422808K) : graphmet1l_slit has 0 polygons
2026-09-01 00:04:13 -0400: Memory Usage (423072K) : graphmet1l_opc has 0 polygons
2026-09-01 00:04:13 -0400: Memory Usage (423072K) : extblock_drw has 12 polygons
2026-09-01 00:04:13 -0400: Memory Usage (423072K) : nldd_drw has 0 polygons
2026-09-01 00:04:13 -0400: Memory Usage (423072K) : pldd_drw has 0 polygons
2026-09-01 00:04:13 -0400: Memory Usage (423072K) : next_drw has 0 polygons
2026-09-01 00:04:13 -0400: Memory Usage (423072K) : pext_drw has 0 polygons
2026-09-01 00:04:13 -0400: Memory Usage (423336K) : nexthv_drw has 0 polygons
2026-09-01 00:04:13 -0400: Memory Usage (423336K) : pexthv_drw has 0 polygons
2026-09-01 00:04:13 -0400: Memory Usage (423336K) : graphgate_drw has 0 polygons
2026-09-01 00:04:13 -0400: Memory Usage (423336K) : sinwg_drw has 0 polygons
2026-09-01 00:04:13 -0400: Memory Usage (423336K) : sinwg_filler has 0 polygons
2026-09-01 00:04:13 -0400: Memory Usage (423600K) : sinwg_nofill has 0 polygons
2026-09-01 00:04:13 -0400: Memory Usage (423600K) : mempad_drw has 0 polygons
2026-09-01 00:04:13 -0400: Memory Usage (423600K) : topvia1_drw has 13 polygons
2026-09-01 00:04:13 -0400: Memory Usage (423600K) : topmetal1_drw has 10 polygons
2026-09-01 00:04:13 -0400: Memory Usage (423600K) : topmetal1_pin has 3 polygons
2026-09-01 00:04:13 -0400: Memory Usage (423600K) : topmetal1_mask has 0 polygons
2026-09-01 00:04:13 -0400: Memory Usage (423600K) : topmetal1_filler has 0 polygons
2026-09-01 00:04:13 -0400: Memory Usage (423864K) : topmetal1_nofill has 3 polygons
2026-09-01 00:04:13 -0400: Memory Usage (423864K) : topmetal1_slit has 0 polygons
2026-09-01 00:04:13 -0400: Memory Usage (423864K) : topmetal1_text has 1 polygons
2026-09-01 00:04:13 -0400: Memory Usage (423864K) : topmetal1_noqrc has 0 polygons
2026-09-01 00:04:13 -0400: Memory Usage (423864K) : topmetal1_res has 0 polygons
2026-09-01 00:04:13 -0400: Memory Usage (423864K) : topmetal1_iprobe has 0 polygons
2026-09-01 00:04:13 -0400: Memory Usage (424128K) : topmetal1_diffprb has 0 polygons
2026-09-01 00:04:13 -0400: Memory Usage (424128K) : inldpwl_drw has 0 polygons
2026-09-01 00:04:13 -0400: Memory Usage (424128K) : polyres_drw has 12 polygons
2026-09-01 00:04:13 -0400: Memory Usage (424128K) : polyres_pin has 0 polygons
2026-09-01 00:04:13 -0400: Memory Usage (424128K) : vmim_drw has 12 polygons
2026-09-01 00:04:13 -0400: Memory Usage (424128K) : nbulaycut_drw has 0 polygons
2026-09-01 00:04:13 -0400: Memory Usage (424392K) : antmetal1_drw has 0 polygons
2026-09-01 00:04:13 -0400: Memory Usage (424392K) : topvia2_drw has 6 polygons
2026-09-01 00:04:13 -0400: Memory Usage (424392K) : topmetal2_drw has 2 polygons
2026-09-01 00:04:13 -0400: Memory Usage (424392K) : topmetal2_pin has 0 polygons
2026-09-01 00:04:13 -0400: Memory Usage (424392K) : topmetal2_mask has 0 polygons
2026-09-01 00:04:13 -0400: Memory Usage (424656K) : topmetal2_filler has 0 polygons
2026-09-01 00:04:13 -0400: Memory Usage (424656K) : topmetal2_nofill has 3 polygons
2026-09-01 00:04:13 -0400: Memory Usage (424656K) : topmetal2_slit has 0 polygons
2026-09-01 00:04:13 -0400: Memory Usage (424656K) : topmetal2_text has 2 polygons
2026-09-01 00:04:13 -0400: Memory Usage (424656K) : topmetal2_noqrc has 0 polygons
2026-09-01 00:04:13 -0400: Memory Usage (424656K) : topmetal2_res has 0 polygons
2026-09-01 00:04:13 -0400: Memory Usage (424920K) : topmetal2_iprobe has 0 polygons
2026-09-01 00:04:13 -0400: Memory Usage (424920K) : topmetal2_diffprb has 0 polygons
2026-09-01 00:04:13 -0400: Memory Usage (424920K) : snsring_drw has 0 polygons
2026-09-01 00:04:13 -0400: Memory Usage (424920K) : sensor_drw has 0 polygons
2026-09-01 00:04:13 -0400: Memory Usage (424920K) : snsarms_drw has 0 polygons
2026-09-01 00:04:13 -0400: Memory Usage (424920K) : snscmosvia_drw has 0 polygons
2026-09-01 00:04:13 -0400: Memory Usage (425184K) : colwind_drw has 0 polygons
2026-09-01 00:04:13 -0400: Memory Usage (425184K) : flm_drw has 0 polygons
2026-09-01 00:04:13 -0400: Memory Usage (425184K) : hafniumox_drw has 0 polygons
2026-09-01 00:04:13 -0400: Memory Usage (425184K) : memvia_drw has 0 polygons
2026-09-01 00:04:13 -0400: Memory Usage (425184K) : thinfilmres_drw has 0 polygons
2026-09-01 00:04:13 -0400: Memory Usage (425184K) : rfmem_drw has 0 polygons
2026-09-01 00:04:13 -0400: Memory Usage (425448K) : norcx_drw has 0 polygons
2026-09-01 00:04:13 -0400: Memory Usage (425448K) : norcx_m2m3 has 0 polygons
2026-09-01 00:04:13 -0400: Memory Usage (425448K) : norcx_m2m4 has 0 polygons
2026-09-01 00:04:13 -0400: Memory Usage (425448K) : norcx_m2m5 has 0 polygons
2026-09-01 00:04:13 -0400: Memory Usage (425448K) : norcx_m2tm1 has 0 polygons
2026-09-01 00:04:13 -0400: Memory Usage (425448K) : norcx_m2tm2 has 0 polygons
2026-09-01 00:04:13 -0400: Memory Usage (425712K) : norcx_m3m4 has 0 polygons
2026-09-01 00:04:13 -0400: Memory Usage (425712K) : norcx_m3m5 has 0 polygons
2026-09-01 00:04:13 -0400: Memory Usage (425712K) : norcx_m3tm1 has 0 polygons
2026-09-01 00:04:13 -0400: Memory Usage (425712K) : norcx_m3tm2 has 0 polygons
2026-09-01 00:04:13 -0400: Memory Usage (425712K) : norcx_m4m5 has 0 polygons
2026-09-01 00:04:13 -0400: Memory Usage (425712K) : norcx_m4tm1 has 0 polygons
2026-09-01 00:04:13 -0400: Memory Usage (425712K) : norcx_m4tm2 has 0 polygons
2026-09-01 00:04:13 -0400: Memory Usage (425976K) : norcx_m5tm1 has 0 polygons
2026-09-01 00:04:13 -0400: Memory Usage (425976K) : norcx_m5tm2 has 0 polygons
2026-09-01 00:04:13 -0400: Memory Usage (425976K) : norcx_tm1tm2 has 0 polygons
2026-09-01 00:04:13 -0400: Memory Usage (425976K) : norcx_m1sub has 0 polygons
2026-09-01 00:04:13 -0400: Memory Usage (425976K) : norcx_m2sub has 0 polygons
2026-09-01 00:04:13 -0400: Memory Usage (425976K) : norcx_m3sub has 0 polygons
2026-09-01 00:04:13 -0400: Memory Usage (425976K) : norcx_m4sub has 0 polygons
2026-09-01 00:04:13 -0400: Memory Usage (426240K) : norcx_m5sub has 0 polygons
2026-09-01 00:04:13 -0400: Memory Usage (426240K) : norcx_tm1sub has 0 polygons
2026-09-01 00:04:13 -0400: Memory Usage (426240K) : norcx_tm2sub has 0 polygons
2026-09-01 00:04:13 -0400: Memory Usage (426240K) : snsbotvia_drw has 0 polygons
2026-09-01 00:04:13 -0400: Memory Usage (426240K) : snstopvia_drw has 0 polygons
2026-09-01 00:04:13 -0400: Memory Usage (426240K) : deepvia_drw has 0 polygons
2026-09-01 00:04:13 -0400: Memory Usage (426504K) : fgetch_drw has 0 polygons
2026-09-01 00:04:13 -0400: Memory Usage (426504K) : ctrgat_drw has 0 polygons
2026-09-01 00:04:13 -0400: Memory Usage (426504K) : fgimp_drw has 0 polygons
2026-09-01 00:04:13 -0400: Memory Usage (426504K) : emwihv_drw has 0 polygons
2026-09-01 00:04:13 -0400: Memory Usage (426504K) : lbe_drw has 0 polygons
2026-09-01 00:04:13 -0400: Memory Usage (426504K) : alcustop_drw has 0 polygons
2026-09-01 00:04:13 -0400: Memory Usage (426504K) : nometfiller_drw has 0 polygons
2026-09-01 00:04:13 -0400: Memory Usage (426768K) : prboundary_drw has 0 polygons
2026-09-01 00:04:13 -0400: Memory Usage (426768K) : exchange0_drw has 0 polygons
2026-09-01 00:04:13 -0400: Memory Usage (426768K) : exchange0_pin has 0 polygons
2026-09-01 00:04:13 -0400: Memory Usage (426768K) : exchange0_text has 0 polygons
2026-09-01 00:04:13 -0400: Memory Usage (426768K) : exchange1_drw has 0 polygons
2026-09-01 00:04:13 -0400: Memory Usage (426768K) : exchange1_pin has 0 polygons
2026-09-01 00:04:13 -0400: Memory Usage (426768K) : exchange1_text has 0 polygons
2026-09-01 00:04:13 -0400: Memory Usage (427032K) : exchange2_drw has 0 polygons
2026-09-01 00:04:13 -0400: Memory Usage (427032K) : exchange2_pin has 0 polygons
2026-09-01 00:04:13 -0400: Memory Usage (427032K) : exchange2_text has 0 polygons
2026-09-01 00:04:13 -0400: Memory Usage (427032K) : exchange3_drw has 0 polygons
2026-09-01 00:04:13 -0400: Memory Usage (427032K) : exchange3_pin has 0 polygons
2026-09-01 00:04:13 -0400: Memory Usage (427032K) : exchange3_text has 0 polygons
2026-09-01 00:04:13 -0400: Memory Usage (427296K) : exchange4_drw has 0 polygons
2026-09-01 00:04:13 -0400: Memory Usage (427296K) : exchange4_pin has 0 polygons
2026-09-01 00:04:13 -0400: Memory Usage (427296K) : exchange4_text has 0 polygons
2026-09-01 00:04:13 -0400: Memory Usage (427296K) : isonwell_drw has 0 polygons
2026-09-01 00:04:13 -0400: Memory Usage (427296K) : Total no. of polygons in the design is 2542
2026-09-01 00:04:13 -0400: Memory Usage (427296K) : Loaded TECH DRC rules values from /home/noorizad/local/pdks/ihp-sg13g2/libs.tech/klayout/python/sg13g2_pycell_lib/sg13g2_tech_mod.json
2026-09-01 00:04:13 -0400: Memory Usage (427296K) : Loaded default DRC rules values from /home/noorizad/local/pdks/ihp-sg13g2/libs.tech/klayout/tech/drc/rule_decks/sg13g2_tech_default.json
2026-09-01 00:04:13 -0400: Memory Usage (427296K) : The following rules values were missing in tech json and default values were used:
2026-09-01 00:04:13 -0400: Memory Usage (427296K) :   - Cnt_c_digibnd
2026-09-01 00:04:13 -0400: Memory Usage (427560K) : Total area of the design is 7268.464999999999 um^2.
2026-09-01 00:04:13 -0400: Memory Usage (427560K) : The design dimensions are 97.25 µm * 74.74000000000001 µm.
2026-09-01 00:04:13 -0400: Memory Usage (427560K) : Starting general IHP-SG13G2 derivations.
2026-09-01 00:04:13 -0400: Memory Usage (427560K) : Starting Pwell derivations
2026-09-01 00:04:13 -0400: Memory Usage (428604K) : Starting n-Activ derivations
2026-09-01 00:04:13 -0400: Memory Usage (454516K) : Starting p-Activ derivations
2026-09-01 00:04:13 -0400: Memory Usage (452344K) : Starting ptap derivations
2026-09-01 00:04:13 -0400: Memory Usage (450668K) : Starting ntap derivations
2026-09-01 00:04:13 -0400: Memory Usage (437988K) : Starting pact FET derivations
2026-09-01 00:04:13 -0400: Memory Usage (437492K) : Starting nact FET derivations
2026-09-01 00:04:13 -0400: Memory Usage (446456K) : Starting Gate derivations
2026-09-01 00:04:13 -0400: Memory Usage (438164K) : Starting cont/contbar general derivations
2026-09-01 00:04:13 -0400: Memory Usage (459376K) : Starting pad general derivations
2026-09-01 00:04:13 -0400: Memory Usage (437196K) : Starting IHP-SG13G2 DRC connectivity related derivations.
2026-09-01 00:04:13 -0400: Memory Usage (454248K) : Starting IHP-SG13G2 DRC connectivity setup
2026-09-01 00:04:13 -0400: Memory Usage (438040K) : Starting IHP-SG13G2 DRC rules.
2026-09-01 00:04:13 -0400: Memory Usage (438040K) : Running all FEOL rules
2026-09-01 00:04:13 -0400: Memory Usage (438040K) : Running all BEOL rules
2026-09-01 00:04:13 -0400: Memory Usage (438040K) : Starting 3.2. FORBIDDEN table
2026-09-01 00:04:13 -0400: Memory Usage (438040K) : Executing rule forbidden.biwind
2026-09-01 00:04:13 -0400: Memory Usage (438040K) : Executing rule forbidden.pemwind
2026-09-01 00:04:13 -0400: Memory Usage (438040K) : Executing rule forbidden.baspoly
2026-09-01 00:04:13 -0400: Memory Usage (438040K) : Executing rule forbidden.deepco
2026-09-01 00:04:13 -0400: Memory Usage (438040K) : Executing rule forbidden.pempoly
2026-09-01 00:04:13 -0400: Memory Usage (438040K) : Executing rule forbidden.empoly
2026-09-01 00:04:13 -0400: Memory Usage (438364K) : Executing rule forbidden.ldmos
2026-09-01 00:04:13 -0400: Memory Usage (438364K) : Executing rule forbidden.pbiwind
2026-09-01 00:04:13 -0400: Memory Usage (438364K) : Executing rule forbidden.nodrc
2026-09-01 00:04:13 -0400: Memory Usage (438364K) : Executing rule forbidden.flash
2026-09-01 00:04:13 -0400: Memory Usage (438364K) : Executing rule forbidden.colwind
2026-09-01 00:04:13 -0400: Memory Usage (438364K) : Starting 5.1 NWell table
2026-09-01 00:04:13 -0400: Memory Usage (438364K) : Executing rule NW.b
2026-09-01 00:04:13 -0400: Memory Usage (436944K) : Executing rule NW.b1
2026-09-01 00:04:13 -0400: Memory Usage (436944K) : Starting 5.2 PWell:block
2026-09-01 00:04:13 -0400: Memory Usage (436944K) : Executing rule PWB.e
2026-09-01 00:04:13 -0400: Memory Usage (436944K) : Executing rule PWB.e1
2026-09-01 00:04:13 -0400: Memory Usage (436944K) : Executing rule PWB.f
2026-09-01 00:04:13 -0400: Memory Usage (436944K) : Executing rule PWB.f1
2026-09-01 00:04:13 -0400: Memory Usage (436944K) : Starting 5.3 nBuLay table
2026-09-01 00:04:13 -0400: Memory Usage (436944K) : Executing rule NBL.b
2026-09-01 00:04:13 -0400: Memory Usage (436944K) : Executing rule NBL.c
2026-09-01 00:04:13 -0400: Memory Usage (436944K) : Executing rule NBL.d
2026-09-01 00:04:13 -0400: Memory Usage (436944K) : Executing rule NBL.e
2026-09-01 00:04:13 -0400: Memory Usage (436944K) : Executing rule NBL.f
2026-09-01 00:04:13 -0400: Memory Usage (436944K) : Starting 5.5. Activ table
2026-09-01 00:04:13 -0400: Memory Usage (436944K) : Executing rule Act.a
2026-09-01 00:04:13 -0400: Memory Usage (436944K) : Executing rule Act.b
2026-09-01 00:04:13 -0400: Memory Usage (439332K) : Starting 5.6 Activ:filler table
2026-09-01 00:04:13 -0400: Memory Usage (438196K) : Executing rule AFil.c1
2026-09-01 00:04:13 -0400: Memory Usage (437316K) : Executing rule AFil.c
2026-09-01 00:04:13 -0400: Memory Usage (437316K) : Executing rule AFil.d
2026-09-01 00:04:13 -0400: Memory Usage (437316K) : Executing rule AFil.e
2026-09-01 00:04:13 -0400: Memory Usage (437316K) : Executing rule AFil.j
2026-09-01 00:04:13 -0400: Memory Usage (437316K) : Starting 5.7. ThickGateOx table
2026-09-01 00:04:13 -0400: Memory Usage (437316K) : Executing rule TGO.f
2026-09-01 00:04:13 -0400: Memory Usage (437316K) : Starting 5.8. GatPoly table
2026-09-01 00:04:13 -0400: Memory Usage (437316K) : Executing rule Gat.a
2026-09-01 00:04:13 -0400: Memory Usage (437316K) : Executing rule Gat.b
2026-09-01 00:04:13 -0400: Memory Usage (439380K) : Executing rule Gat.d
2026-09-01 00:04:13 -0400: Memory Usage (439012K) : Executing rule Gat.a1
2026-09-01 00:04:13 -0400: Memory Usage (460112K) : Executing rule Gat.a2
2026-09-01 00:04:13 -0400: Memory Usage (439548K) : Executing rule Gat.g
2026-09-01 00:04:13 -0400: Memory Usage (439512K) : Starting 5.9 GatPoly:filler
2026-09-01 00:04:13 -0400: Memory Usage (437592K) : Executing rule GFil.d
2026-09-01 00:04:13 -0400: Memory Usage (437592K) : Executing rule GFil.e
2026-09-01 00:04:13 -0400: Memory Usage (437592K) : Executing rule GFil.i
2026-09-01 00:04:13 -0400: Memory Usage (437592K) : Starting 5.10 pSD table
2026-09-01 00:04:13 -0400: Memory Usage (437592K) : Executing rule pSD.c1
2026-09-01 00:04:13 -0400: Memory Usage (439604K) : Starting 5.14. Cont table
2026-09-01 00:04:13 -0400: Memory Usage (439556K) : Executing rule Cnt.a
2026-09-01 00:04:13 -0400: Memory Usage (437828K) : Executing rule Cnt.b
2026-09-01 00:04:13 -0400: Memory Usage (439820K) : Executing rule Cnt.c
2026-09-01 00:04:13 -0400: Memory Usage (440356K) : Executing rule Cnt.c
2026-09-01 00:04:13 -0400: Memory Usage (438820K) : Executing rule Cnt.d
2026-09-01 00:04:14 -0400: Memory Usage (440472K) : Executing rule Cnt.e
2026-09-01 00:04:14 -0400: Memory Usage (440084K) : Executing rule Cnt.g1
2026-09-01 00:04:14 -0400: Memory Usage (439432K) : Executing rule Cnt.g2
2026-09-01 00:04:14 -0400: Memory Usage (440956K) : Starting 5.15. ContBar table
2026-09-01 00:04:14 -0400: Memory Usage (440892K) : Executing rule CntB.b1
2026-09-01 00:04:14 -0400: Memory Usage (440468K) : Executing rule CntB.h1
2026-09-01 00:04:14 -0400: Memory Usage (440888K) : Starting 5.16. Metal1 table
2026-09-01 00:04:14 -0400: Memory Usage (440832K) : Executing rule M1.a
2026-09-01 00:04:14 -0400: Memory Usage (439136K) : Executing rule M1.b
2026-09-01 00:04:14 -0400: Memory Usage (438936K) : Executing rule M1.e
2026-09-01 00:04:14 -0400: Memory Usage (441264K) : Executing rule M1.f
2026-09-01 00:04:14 -0400: Memory Usage (439024K) : Executing rule M1.g
2026-09-01 00:04:14 -0400: Memory Usage (453648K) : Executing rule M1.i
2026-09-01 00:04:14 -0400: Memory Usage (441548K) : Starting 5.17 Metaln table
2026-09-01 00:04:14 -0400: Memory Usage (441468K) : Executing rule M2.a
2026-09-01 00:04:14 -0400: Memory Usage (440156K) : Executing rule M2.b
2026-09-01 00:04:14 -0400: Memory Usage (441572K) : Executing rule M2.e
2026-09-01 00:04:14 -0400: Memory Usage (440420K) : Executing rule M2.f
2026-09-01 00:04:14 -0400: Memory Usage (439156K) : Executing rule M2.g
2026-09-01 00:04:14 -0400: Memory Usage (441352K) : Executing rule M2.i
2026-09-01 00:04:14 -0400: Memory Usage (441540K) : Executing rule M3.a
2026-09-01 00:04:14 -0400: Memory Usage (440372K) : Executing rule M3.b
2026-09-01 00:04:14 -0400: Memory Usage (441424K) : Executing rule M3.e
2026-09-01 00:04:14 -0400: Memory Usage (440772K) : Executing rule M3.f
2026-09-01 00:04:14 -0400: Memory Usage (439068K) : Executing rule M3.g
2026-09-01 00:04:14 -0400: Memory Usage (441184K) : Executing rule M3.i
2026-09-01 00:04:14 -0400: Memory Usage (441292K) : Executing rule M4.a
2026-09-01 00:04:14 -0400: Memory Usage (439956K) : Executing rule M4.b
2026-09-01 00:04:14 -0400: Memory Usage (441016K) : Executing rule M4.e
2026-09-01 00:04:14 -0400: Memory Usage (441244K) : Executing rule M4.f
2026-09-01 00:04:14 -0400: Memory Usage (439172K) : Executing rule M4.g
2026-09-01 00:04:14 -0400: Memory Usage (441068K) : Executing rule M4.i
2026-09-01 00:04:14 -0400: Memory Usage (440872K) : Executing rule M5.a
2026-09-01 00:04:14 -0400: Memory Usage (439616K) : Executing rule M5.b
2026-09-01 00:04:14 -0400: Memory Usage (440732K) : Executing rule M5.e
2026-09-01 00:04:14 -0400: Memory Usage (441336K) : Executing rule M5.f
2026-09-01 00:04:14 -0400: Memory Usage (439380K) : Executing rule M5.g
2026-09-01 00:04:14 -0400: Memory Usage (440944K) : Executing rule M5.i
2026-09-01 00:04:14 -0400: Memory Usage (441556K) : Starting 5.18 Metaln:filler table
2026-09-01 00:04:14 -0400: Memory Usage (441476K) : Executing rule M1Fil.c
2026-09-01 00:04:14 -0400: Memory Usage (440508K) : Executing rule M1Fil.a2
2026-09-01 00:04:14 -0400: Memory Usage (439612K) : Executing rule M2Fil.c
2026-09-01 00:04:14 -0400: Memory Usage (439188K) : Executing rule M2Fil.a2
2026-09-01 00:04:14 -0400: Memory Usage (439188K) : Executing rule M3Fil.c
2026-09-01 00:04:14 -0400: Memory Usage (439188K) : Executing rule M3Fil.a2
2026-09-01 00:04:14 -0400: Memory Usage (439188K) : Executing rule M4Fil.c
2026-09-01 00:04:14 -0400: Memory Usage (439188K) : Executing rule M4Fil.a2
2026-09-01 00:04:14 -0400: Memory Usage (439188K) : Executing rule M5Fil.c
2026-09-01 00:04:14 -0400: Memory Usage (439188K) : Executing rule M5Fil.a2
2026-09-01 00:04:14 -0400: Memory Usage (439188K) : Starting 5.19. Via1 table
2026-09-01 00:04:14 -0400: Memory Usage (439188K) : Starting 5.19. Via1 table derivations
2026-09-01 00:04:14 -0400: Memory Usage (439188K) : Executing rule V1.a
2026-09-01 00:04:14 -0400: Memory Usage (439188K) : Executing rule V1.b
2026-09-01 00:04:14 -0400: Memory Usage (441128K) : Executing rule V1.c
2026-09-01 00:04:14 -0400: Memory Usage (439336K) : Starting 5.20. Vian table
2026-09-01 00:04:14 -0400: Memory Usage (439336K) : Executing rule V2.a
2026-09-01 00:04:14 -0400: Memory Usage (439336K) : Executing rule V2.b
2026-09-01 00:04:14 -0400: Memory Usage (441444K) : Executing rule V2.c
2026-09-01 00:04:14 -0400: Memory Usage (440820K) : Executing rule V3.a
2026-09-01 00:04:14 -0400: Memory Usage (439340K) : Executing rule V3.b
2026-09-01 00:04:14 -0400: Memory Usage (441940K) : Executing rule V3.c
2026-09-01 00:04:14 -0400: Memory Usage (440668K) : Executing rule V4.a
2026-09-01 00:04:14 -0400: Memory Usage (439604K) : Executing rule V4.b
2026-09-01 00:04:14 -0400: Memory Usage (441092K) : Executing rule V4.c
2026-09-01 00:04:14 -0400: Memory Usage (441452K) : Starting 5.21. TopVia1 table
2026-09-01 00:04:14 -0400: Memory Usage (440936K) : Executing rule TV1.a
2026-09-01 00:04:14 -0400: Memory Usage (439576K) : Executing rule TV1.b
2026-09-01 00:04:14 -0400: Memory Usage (441036K) : Executing rule TV1.c
2026-09-01 00:04:14 -0400: Memory Usage (441780K) : Executing rule TV1.d
2026-09-01 00:04:14 -0400: Memory Usage (441676K) : Starting 5.22. TopMetal1 table
2026-09-01 00:04:14 -0400: Memory Usage (441628K) : Executing rule TM1.a
2026-09-01 00:04:14 -0400: Memory Usage (440328K) : Executing rule TM1.b
2026-09-01 00:04:14 -0400: Memory Usage (441300K) : Starting 5.23 TopMetal1:filler table
2026-09-01 00:04:14 -0400: Memory Usage (441244K) : Executing rule TM1Fil.c
2026-09-01 00:04:14 -0400: Memory Usage (440140K) : Executing rule TM1Fil.a1
2026-09-01 00:04:14 -0400: Memory Usage (439468K) : Starting 5.24. TopVia2 table
2026-09-01 00:04:14 -0400: Memory Usage (439468K) : Executing rule TV2.a
2026-09-01 00:04:14 -0400: Memory Usage (439468K) : Executing rule TV2.b
2026-09-01 00:04:14 -0400: Memory Usage (440940K) : Executing rule TV2.c
2026-09-01 00:04:15 -0400: Memory Usage (441472K) : Executing rule TV2.d
2026-09-01 00:04:15 -0400: Memory Usage (441432K) : Starting 5.25. TopMetal2 table
2026-09-01 00:04:15 -0400: Memory Usage (441376K) : Executing rule TM2.a
2026-09-01 00:04:15 -0400: Memory Usage (440184K) : Executing rule TM2.b
2026-09-01 00:04:15 -0400: Memory Usage (441900K) : Executing rule TM2.bR
2026-09-01 00:04:15 -0400: Memory Usage (439584K) : Starting 5.26 TopMetal2:filler table
2026-09-01 00:04:15 -0400: Memory Usage (439584K) : Executing rule TM2Fil.c
2026-09-01 00:04:15 -0400: Memory Usage (439584K) : Executing rule TM2Fil.a1
2026-09-01 00:04:15 -0400: Memory Usage (439584K) : Starting 5.27. Passiv table
2026-09-01 00:04:15 -0400: Memory Usage (439584K) : Executing rule Pas.a
2026-09-01 00:04:15 -0400: Memory Usage (439584K) : Executing rule Pas.b
2026-09-01 00:04:15 -0400: Memory Usage (439584K) : Executing rule Pas.c
2026-09-01 00:04:15 -0400: Memory Usage (439584K) : Starting 6.1.3 NPN Substrate-Tie table
2026-09-01 00:04:15 -0400: Memory Usage (451912K) : Executing rule npn13G2.bR 
2026-09-01 00:04:15 -0400: Memory Usage (460348K) : Executing rule npn13G2L.cR 
2026-09-01 00:04:15 -0400: Memory Usage (440764K) : Executing rule npn13G2V.cR 
2026-09-01 00:04:15 -0400: Memory Usage (439652K) : Starting 6.7 Schottky diode table
2026-09-01 00:04:15 -0400: Memory Usage (439652K) : Executing rule Sdiod.d
2026-09-01 00:04:15 -0400: Memory Usage (439652K) : Executing rule Sdiod.e
2026-09-01 00:04:15 -0400: Memory Usage (439652K) : Starting 6.9.2 Copper Pillar table
2026-09-01 00:04:15 -0400: Memory Usage (439652K) : Executing rule Padc.a
2026-09-01 00:04:15 -0400: Memory Usage (439652K) : Executing rule Padc.b
2026-09-01 00:04:15 -0400: Memory Usage (439652K) : Executing rule Padc.c
2026-09-01 00:04:15 -0400: Memory Usage (439652K) : Executing rule Padb.f
2026-09-01 00:04:15 -0400: Memory Usage (439652K) : Starting 6.9 Pad table
2026-09-01 00:04:15 -0400: Memory Usage (439652K) : Executing rule Pad.m
2026-09-01 00:04:15 -0400: Memory Usage (439652K) : Executing rule Pad.fR_M1
2026-09-01 00:04:15 -0400: Memory Usage (439652K) : Executing rule Pad.fR_M2
2026-09-01 00:04:15 -0400: Memory Usage (439652K) : Executing rule Pad.fR_M3
2026-09-01 00:04:15 -0400: Memory Usage (439652K) : Executing rule Pad.fR_M4
2026-09-01 00:04:15 -0400: Memory Usage (439652K) : Executing rule Pad.fR_M5
2026-09-01 00:04:15 -0400: Memory Usage (439652K) : Executing rule Pad.fR_TM1
2026-09-01 00:04:15 -0400: Memory Usage (439652K) : Executing rule Pad.fR_TM2
2026-09-01 00:04:15 -0400: Memory Usage (439652K) : Executing rule Pad.i
2026-09-01 00:04:15 -0400: Memory Usage (439652K) : Starting 6.9.1 Solder Bump
2026-09-01 00:04:15 -0400: Memory Usage (439652K) : Executing rule Padb.a
2026-09-01 00:04:15 -0400: Memory Usage (439652K) : Executing rule Padb.b
2026-09-01 00:04:15 -0400: Memory Usage (439652K) : Executing rule Padb.c
2026-09-01 00:04:15 -0400: Memory Usage (439652K) : Executing rule Padb.f
2026-09-01 00:04:15 -0400: Memory Usage (439652K) : Executing rule Padb.d
2026-09-01 00:04:15 -0400: Memory Usage (439652K) : Starting 6.10 Sealring table
2026-09-01 00:04:15 -0400: Memory Usage (439652K) : Executing rule Seal.l
2026-09-01 00:04:15 -0400: Memory Usage (439652K) : Executing rule Seal.n
2026-09-01 00:04:15 -0400: Memory Usage (439652K) : Executing rule seal.b_metal1
2026-09-01 00:04:15 -0400: Memory Usage (439652K) : Executing rule seal.b_metal2
2026-09-01 00:04:15 -0400: Memory Usage (439652K) : Executing rule seal.b_metal3
2026-09-01 00:04:15 -0400: Memory Usage (439652K) : Executing rule seal.b_metal4
2026-09-01 00:04:15 -0400: Memory Usage (439652K) : Executing rule seal.b_metal5
2026-09-01 00:04:15 -0400: Memory Usage (439652K) : Executing rule seal.b_topmetal1
2026-09-01 00:04:15 -0400: Memory Usage (439652K) : Executing rule seal.b_topmetal2
2026-09-01 00:04:15 -0400: Memory Usage (439652K) : Executing rule seal.b_activ
2026-09-01 00:04:15 -0400: Memory Usage (439652K) : Executing rule seal.b_psd
2026-09-01 00:04:15 -0400: Memory Usage (439652K) : Executing rule Seal.k
2026-09-01 00:04:15 -0400: Memory Usage (439652K) : Executing rule Seal.m
2026-09-01 00:04:15 -0400: Memory Usage (439652K) : Starting 6.11 MIM table
2026-09-01 00:04:15 -0400: Memory Usage (439652K) : Executing rule MIM.c
2026-09-01 00:04:15 -0400: Memory Usage (441332K) : Executing rule MIM.d
2026-09-01 00:04:15 -0400: Memory Usage (441716K) : Executing rule MIM.gR
2026-09-01 00:04:15 -0400: Memory Usage (441180K) : Starting 7.2 Latch-up table
2026-09-01 00:04:15 -0400: Memory Usage (441148K) : Executing rule LU.b
2026-09-01 00:04:15 -0400: Memory Usage (442036K) : Starting 7.3 Metal Slits table
2026-09-01 00:04:15 -0400: Memory Usage (441980K) : Executing rule Slt.e1_M1
2026-09-01 00:04:15 -0400: Memory Usage (440908K) : Executing rule Slt.e1_M2
2026-09-01 00:04:15 -0400: Memory Usage (439980K) : Executing rule Slt.e1_M3
2026-09-01 00:04:15 -0400: Memory Usage (439780K) : Executing rule Slt.e1_M4
2026-09-01 00:04:15 -0400: Memory Usage (439780K) : Executing rule Slt.e1_M5
2026-09-01 00:04:15 -0400: Memory Usage (439780K) : Executing rule Slt.e1_TM1
2026-09-01 00:04:15 -0400: Memory Usage (439780K) : Executing rule Slt.e1_TM2
2026-09-01 00:04:15 -0400: Memory Usage (439780K) : Starting 7.4. PIN table
2026-09-01 00:04:15 -0400: Memory Usage (439780K) : Executing rule Pin.a
2026-09-01 00:04:15 -0400: Memory Usage (439780K) : Executing rule Pin.b
2026-09-01 00:04:15 -0400: Memory Usage (439780K) : Executing rule Pin.e
2026-09-01 00:04:15 -0400: Memory Usage (440960K) : Executing rule Pin.f_M2
2026-09-01 00:04:15 -0400: Memory Usage (441396K) : Executing rule Pin.f_M3
2026-09-01 00:04:15 -0400: Memory Usage (440316K) : Executing rule Pin.f_M4
2026-09-01 00:04:15 -0400: Memory Usage (439796K) : Executing rule Pin.f_M5
2026-09-01 00:04:15 -0400: Memory Usage (441296K) : Executing rule Pin.g
2026-09-01 00:04:15 -0400: Memory Usage (441920K) : Executing rule Pin.h
2026-09-01 00:04:15 -0400: Memory Usage (440792K) : Starting 9.1. LBE table
2026-09-01 00:04:15 -0400: Memory Usage (440000K) : Executing rule LBE.a
2026-09-01 00:04:15 -0400: Memory Usage (439728K) : Executing rule LBE.b
2026-09-01 00:04:15 -0400: Memory Usage (439728K) : Executing rule LBE.b1
2026-09-01 00:04:15 -0400: Memory Usage (439728K) : Executing rule LBE.c
2026-09-01 00:04:15 -0400: Memory Usage (439728K) : Executing rule LBE.d
2026-09-01 00:04:15 -0400: Memory Usage (439728K) : Executing rule LBE.h
2026-09-01 00:04:15 -0400: Memory Usage (439728K) : KLayout DRC run for table 'main' completed in 2.41 seconds
