# Logfile created on 2026-09-01 00:04:02 -0400 by logger.rb/61378
2026-09-01 00:04:02 -0400: Memory Usage (413724K) : Starting running SG13G2 Klayout LVS runset on /home/noorizad/spicexplorer-workspace/external/pam4-wt/paper-record/report/work/e/dut_pam4.gds
2026-09-01 00:04:02 -0400: Memory Usage (413724K) : Ruby Version for klayout: 2.5.9
2026-09-01 00:04:02 -0400: Memory Usage (413724K) : Loading database to memory is complete.
2026-09-01 00:04:02 -0400: Memory Usage (413724K) : SG13G2 Klayout LVS runset output at: /home/noorizad/spicexplorer-workspace/external/pam4-wt/paper-record/report/work/e/signoff/lvs/dut_pam4.lvsdb
2026-09-01 00:04:02 -0400: Memory Usage (413724K) : Evaluate switches.
2026-09-01 00:04:02 -0400: Memory Usage (413724K) : Extracted netlist with net names: true
2026-09-01 00:04:02 -0400: Memory Usage (413724K) : Extracted netlist with comments in details: false
2026-09-01 00:04:02 -0400: Memory Usage (413724K) : Selected NET_ONLY option: false
2026-09-01 00:04:02 -0400: Memory Usage (413724K) : Selected ALLOW_UNMATCHED_PORTS option: false
2026-09-01 00:04:02 -0400: Memory Usage (413724K) : Selected TOP_LVL_PINS option: false
2026-09-01 00:04:02 -0400: Memory Usage (413724K) : Selected COMBINE DEVICES option: false
2026-09-01 00:04:02 -0400: Memory Usage (413724K) : Selected PURGE option: false
2026-09-01 00:04:02 -0400: Memory Usage (413724K) : Selected PURGE_NETS option: false
2026-09-01 00:04:02 -0400: Memory Usage (413724K) : Selected SIMPLIFY option: true
2026-09-01 00:04:02 -0400: Memory Usage (413724K) : Selected SERIES_RES option: true
2026-09-01 00:04:02 -0400: Memory Usage (413724K) : Selected PARALLEL_RES option: true
2026-09-01 00:04:02 -0400: Memory Usage (413724K) : Verbose mode: false
2026-09-01 00:04:02 -0400: Memory Usage (413724K) : deep  mode is enabled.
2026-09-01 00:04:02 -0400: Memory Usage (413724K) : Netlist file: /home/noorizad/spicexplorer-workspace/external/pam4-wt/paper-record/report/work/e/dut_pam4_lvs.spice
2026-09-01 00:04:02 -0400: Memory Usage (413724K) : LVS extracted netlist at: /home/noorizad/spicexplorer-workspace/external/pam4-wt/paper-record/report/work/e/signoff/lvs/dut_pam4_extracted.cir
2026-09-01 00:04:02 -0400: Memory Usage (413724K) : Read in polygons from layers.
2026-09-01 00:04:02 -0400: Memory Usage (413724K) : activ_drw has 68 polygons
2026-09-01 00:04:02 -0400: Memory Usage (413724K) : activ_filler has 0 polygons
2026-09-01 00:04:02 -0400: Memory Usage (413724K) : activ has 68 polygons
2026-09-01 00:04:02 -0400: Memory Usage (413724K) : activ_pin has 0 polygons
2026-09-01 00:04:02 -0400: Memory Usage (413724K) : activ_mask has 12 polygons
2026-09-01 00:04:02 -0400: Memory Usage (413724K) : activ_nofill has 0 polygons
2026-09-01 00:04:02 -0400: Memory Usage (413724K) : activ_OPC has 0 polygons
2026-09-01 00:04:02 -0400: Memory Usage (413724K) : activ_iOPC has 0 polygons
2026-09-01 00:04:02 -0400: Memory Usage (413724K) : activ_noqrc has 0 polygons
2026-09-01 00:04:02 -0400: Memory Usage (413724K) : biwind_drw has 0 polygons
2026-09-01 00:04:02 -0400: Memory Usage (413724K) : biwind_OPC has 0 polygons
2026-09-01 00:04:02 -0400: Memory Usage (413724K) : gatpoly_drw has 24 polygons
2026-09-01 00:04:02 -0400: Memory Usage (413724K) : gatpoly_filler has 0 polygons
2026-09-01 00:04:02 -0400: Memory Usage (416724K) : gatpoly has 24 polygons
2026-09-01 00:04:02 -0400: Memory Usage (416724K) : gatpoly_pin has 0 polygons
2026-09-01 00:04:02 -0400: Memory Usage (416724K) : gatpoly_nofill has 0 polygons
2026-09-01 00:04:02 -0400: Memory Usage (416724K) : gatpoly_OPC has 0 polygons
2026-09-01 00:04:02 -0400: Memory Usage (416724K) : gatpoly_iOPC has 0 polygons
2026-09-01 00:04:02 -0400: Memory Usage (416724K) : gatpoly_noqrc has 0 polygons
2026-09-01 00:04:02 -0400: Memory Usage (416988K) : cont_drw has 928 polygons
2026-09-01 00:04:02 -0400: Memory Usage (416988K) : cont_OPC has 0 polygons
2026-09-01 00:04:02 -0400: Memory Usage (416988K) : nsd_drw has 0 polygons
2026-09-01 00:04:02 -0400: Memory Usage (416988K) : nsd_block has 24 polygons
2026-09-01 00:04:02 -0400: Memory Usage (417432K) : metal1_drw has 96 polygons
2026-09-01 00:04:02 -0400: Memory Usage (417432K) : metal1_filler has 0 polygons
2026-09-01 00:04:02 -0400: Memory Usage (417432K) : metal1_slit has 0 polygons
2026-09-01 00:04:02 -0400: Memory Usage (417432K) : metal1 has 96 polygons
2026-09-01 00:04:02 -0400: Memory Usage (417816K) : metal1_pin has 48 polygons
2026-09-01 00:04:02 -0400: Memory Usage (417816K) : metal1_mask has 0 polygons
2026-09-01 00:04:02 -0400: Memory Usage (417816K) : metal1_nofill has 0 polygons
2026-09-01 00:04:02 -0400: Memory Usage (417816K) : metal1_text has 6 polygons
2026-09-01 00:04:02 -0400: Memory Usage (417816K) : metal1_OPC has 0 polygons
2026-09-01 00:04:02 -0400: Memory Usage (417816K) : metal1_noqrc has 0 polygons
2026-09-01 00:04:02 -0400: Memory Usage (417816K) : metal1_res has 0 polygons
2026-09-01 00:04:02 -0400: Memory Usage (417816K) : metal1_iprobe has 0 polygons
2026-09-01 00:04:02 -0400: Memory Usage (418260K) : metal1_diffprb has 0 polygons
2026-09-01 00:04:02 -0400: Memory Usage (418260K) : passiv_drw has 0 polygons
2026-09-01 00:04:02 -0400: Memory Usage (418260K) : passiv_pin has 0 polygons
2026-09-01 00:04:02 -0400: Memory Usage (418260K) : passiv_sbump has 0 polygons
2026-09-01 00:04:02 -0400: Memory Usage (418524K) : passiv_pillar has 0 polygons
2026-09-01 00:04:02 -0400: Memory Usage (418524K) : passiv_pdl has 0 polygons
2026-09-01 00:04:02 -0400: Memory Usage (418524K) : metal2_drw has 34 polygons
2026-09-01 00:04:02 -0400: Memory Usage (418524K) : metal2_filler has 0 polygons
2026-09-01 00:04:02 -0400: Memory Usage (418788K) : metal2_slit has 0 polygons
2026-09-01 00:04:02 -0400: Memory Usage (418788K) : metal2 has 34 polygons
2026-09-01 00:04:02 -0400: Memory Usage (418788K) : metal2_pin has 12 polygons
2026-09-01 00:04:02 -0400: Memory Usage (419052K) : metal2_mask has 0 polygons
2026-09-01 00:04:02 -0400: Memory Usage (419052K) : metal2_nofill has 0 polygons
2026-09-01 00:04:02 -0400: Memory Usage (419052K) : metal2_text has 0 polygons
2026-09-01 00:04:02 -0400: Memory Usage (419052K) : metal2_OPC has 0 polygons
2026-09-01 00:04:02 -0400: Memory Usage (419316K) : metal2_noqrc has 0 polygons
2026-09-01 00:04:02 -0400: Memory Usage (419316K) : metal2_res has 0 polygons
2026-09-01 00:04:02 -0400: Memory Usage (419316K) : metal2_iprobe has 0 polygons
2026-09-01 00:04:02 -0400: Memory Usage (419316K) : metal2_diffprb has 0 polygons
2026-09-01 00:04:02 -0400: Memory Usage (419580K) : baspoly_drw has 0 polygons
2026-09-01 00:04:02 -0400: Memory Usage (419580K) : baspoly_pin has 0 polygons
2026-09-01 00:04:02 -0400: Memory Usage (419580K) : psd_drw has 20 polygons
2026-09-01 00:04:02 -0400: Memory Usage (419580K) : nldb_drw has 0 polygons
2026-09-01 00:04:02 -0400: Memory Usage (419844K) : digibnd_drw has 0 polygons
2026-09-01 00:04:02 -0400: Memory Usage (419844K) : via1_drw has 426 polygons
2026-09-01 00:04:02 -0400: Memory Usage (419844K) : backmetal1_drw has 0 polygons
2026-09-01 00:04:02 -0400: Memory Usage (419844K) : backmetal1_pin has 0 polygons
2026-09-01 00:04:02 -0400: Memory Usage (420108K) : backmetal1_mask has 0 polygons
2026-09-01 00:04:02 -0400: Memory Usage (420108K) : backmetal1_filler has 0 polygons
2026-09-01 00:04:02 -0400: Memory Usage (420108K) : backmetal1_nofill has 0 polygons
2026-09-01 00:04:02 -0400: Memory Usage (420108K) : backmetal1_slit has 0 polygons
2026-09-01 00:04:02 -0400: Memory Usage (420108K) : backmetal1_text has 0 polygons
2026-09-01 00:04:02 -0400: Memory Usage (420108K) : backmetal1_OPC has 0 polygons
2026-09-01 00:04:02 -0400: Memory Usage (420108K) : backmetal1_noqrc has 0 polygons
2026-09-01 00:04:02 -0400: Memory Usage (420372K) : backmetal1_res has 0 polygons
2026-09-01 00:04:02 -0400: Memory Usage (420372K) : backmetal1_iprobe has 0 polygons
2026-09-01 00:04:02 -0400: Memory Usage (420372K) : backmetal1_diffprb has 0 polygons
2026-09-01 00:04:02 -0400: Memory Usage (420372K) : backpassiv_drw has 0 polygons
2026-09-01 00:04:02 -0400: Memory Usage (420636K) : res_drw has 12 polygons
2026-09-01 00:04:02 -0400: Memory Usage (420636K) : sram_drw has 0 polygons
2026-09-01 00:04:02 -0400: Memory Usage (420636K) : trans_drw has 12 polygons
2026-09-01 00:04:02 -0400: Memory Usage (420636K) : ind_drw has 0 polygons
2026-09-01 00:04:02 -0400: Memory Usage (420900K) : ind_pin has 0 polygons
2026-09-01 00:04:02 -0400: Memory Usage (420900K) : ind_text has 0 polygons
2026-09-01 00:04:02 -0400: Memory Usage (420900K) : salblock_drw has 0 polygons
2026-09-01 00:04:02 -0400: Memory Usage (420900K) : via2_drw has 104 polygons
2026-09-01 00:04:02 -0400: Memory Usage (421164K) : metal3_drw has 26 polygons
2026-09-01 00:04:02 -0400: Memory Usage (421164K) : metal3_filler has 0 polygons
2026-09-01 00:04:02 -0400: Memory Usage (421164K) : metal3_slit has 0 polygons
2026-09-01 00:04:02 -0400: Memory Usage (421428K) : metal3 has 26 polygons
2026-09-01 00:04:02 -0400: Memory Usage (421428K) : metal3_pin has 0 polygons
2026-09-01 00:04:02 -0400: Memory Usage (421428K) : metal3_mask has 0 polygons
2026-09-01 00:04:02 -0400: Memory Usage (421428K) : metal3_nofill has 0 polygons
2026-09-01 00:04:02 -0400: Memory Usage (421692K) : metal3_text has 0 polygons
2026-09-01 00:04:02 -0400: Memory Usage (421692K) : metal3_OPC has 0 polygons
2026-09-01 00:04:02 -0400: Memory Usage (421692K) : metal3_noqrc has 0 polygons
2026-09-01 00:04:02 -0400: Memory Usage (421692K) : metal3_res has 0 polygons
2026-09-01 00:04:02 -0400: Memory Usage (421692K) : metal3_iprobe has 0 polygons
2026-09-01 00:04:02 -0400: Memory Usage (421956K) : metal3_diffprb has 0 polygons
2026-09-01 00:04:02 -0400: Memory Usage (421956K) : nwell_drw has 0 polygons
2026-09-01 00:04:02 -0400: Memory Usage (421956K) : nwell_pin has 0 polygons
2026-09-01 00:04:02 -0400: Memory Usage (421956K) : nbulay_drw has 0 polygons
2026-09-01 00:04:02 -0400: Memory Usage (422220K) : nbulay_pin has 0 polygons
2026-09-01 00:04:02 -0400: Memory Usage (422220K) : nbulay_block has 0 polygons
2026-09-01 00:04:02 -0400: Memory Usage (422220K) : emwind_drw has 36 polygons
2026-09-01 00:04:02 -0400: Memory Usage (422220K) : emwind_OPC has 0 polygons
2026-09-01 00:04:02 -0400: Memory Usage (422484K) : deepco_drw has 0 polygons
2026-09-01 00:04:02 -0400: Memory Usage (422484K) : mim_drw has 3 polygons
2026-09-01 00:04:02 -0400: Memory Usage (422484K) : edgeseal_drw has 0 polygons
2026-09-01 00:04:02 -0400: Memory Usage (422484K) : substrate_drw has 0 polygons
2026-09-01 00:04:02 -0400: Memory Usage (422748K) : substrate_text has 0 polygons
2026-09-01 00:04:02 -0400: Memory Usage (422748K) : dfpad_drw has 0 polygons
2026-09-01 00:04:02 -0400: Memory Usage (422748K) : dfpad_pillar has 0 polygons
2026-09-01 00:04:02 -0400: Memory Usage (422748K) : dfpad_sbump has 0 polygons
2026-09-01 00:04:02 -0400: Memory Usage (423012K) : thickgateox_drw has 0 polygons
2026-09-01 00:04:02 -0400: Memory Usage (423012K) : pldb_drw has 0 polygons
2026-09-01 00:04:02 -0400: Memory Usage (423012K) : pwell_drw has 0 polygons
2026-09-01 00:04:02 -0400: Memory Usage (423012K) : pwell_pin has 0 polygons
2026-09-01 00:04:02 -0400: Memory Usage (423276K) : pwell_block has 0 polygons
2026-09-01 00:04:02 -0400: Memory Usage (423276K) : ic_drw has 0 polygons
2026-09-01 00:04:02 -0400: Memory Usage (423276K) : via3_drw has 104 polygons
2026-09-01 00:04:02 -0400: Memory Usage (423276K) : metal4_drw has 24 polygons
2026-09-01 00:04:02 -0400: Memory Usage (423540K) : metal4_filler has 0 polygons
2026-09-01 00:04:02 -0400: Memory Usage (423540K) : metal4_slit has 0 polygons
2026-09-01 00:04:02 -0400: Memory Usage (423540K) : metal4 has 24 polygons
2026-09-01 00:04:02 -0400: Memory Usage (423804K) : metal4_pin has 0 polygons
2026-09-01 00:04:02 -0400: Memory Usage (423804K) : metal4_mask has 0 polygons
2026-09-01 00:04:02 -0400: Memory Usage (423804K) : metal4_nofill has 3 polygons
2026-09-01 00:04:02 -0400: Memory Usage (423804K) : metal4_text has 4 polygons
2026-09-01 00:04:02 -0400: Memory Usage (424068K) : metal4_OPC has 0 polygons
2026-09-01 00:04:02 -0400: Memory Usage (424068K) : metal4_noqrc has 0 polygons
2026-09-01 00:04:02 -0400: Memory Usage (424068K) : metal4_res has 0 polygons
2026-09-01 00:04:02 -0400: Memory Usage (424068K) : metal4_iprobe has 0 polygons
2026-09-01 00:04:02 -0400: Memory Usage (424332K) : metal4_diffprb has 0 polygons
2026-09-01 00:04:02 -0400: Memory Usage (424332K) : heattrans_drw has 0 polygons
2026-09-01 00:04:02 -0400: Memory Usage (424332K) : heatres_drw has 12 polygons
2026-09-01 00:04:02 -0400: Memory Usage (424332K) : fbe_drw has 0 polygons
2026-09-01 00:04:02 -0400: Memory Usage (424596K) : empoly_drw has 0 polygons
2026-09-01 00:04:02 -0400: Memory Usage (424596K) : digisub_drw has 0 polygons
2026-09-01 00:04:02 -0400: Memory Usage (424596K) : text_drw has 72 polygons
2026-09-01 00:04:02 -0400: Memory Usage (424596K) : via4_drw has 64 polygons
2026-09-01 00:04:02 -0400: Memory Usage (424860K) : metal5_drw has 16 polygons
2026-09-01 00:04:02 -0400: Memory Usage (424860K) : metal5_filler has 0 polygons
2026-09-01 00:04:02 -0400: Memory Usage (424860K) : metal5_slit has 0 polygons
2026-09-01 00:04:02 -0400: Memory Usage (425124K) : metal5 has 16 polygons
2026-09-01 00:04:02 -0400: Memory Usage (425124K) : metal5_pin has 3 polygons
2026-09-01 00:04:02 -0400: Memory Usage (425124K) : metal5_mask has 0 polygons
2026-09-01 00:04:02 -0400: Memory Usage (425124K) : metal5_nofill has 3 polygons
2026-09-01 00:04:02 -0400: Memory Usage (425388K) : metal5_text has 0 polygons
2026-09-01 00:04:02 -0400: Memory Usage (425388K) : metal5_OPC has 0 polygons
2026-09-01 00:04:02 -0400: Memory Usage (425388K) : metal5_noqrc has 0 polygons
2026-09-01 00:04:02 -0400: Memory Usage (425388K) : metal5_res has 0 polygons
2026-09-01 00:04:02 -0400: Memory Usage (425652K) : metal5_iprobe has 0 polygons
2026-09-01 00:04:02 -0400: Memory Usage (425652K) : metal5_diffprb has 0 polygons
2026-09-01 00:04:02 -0400: Memory Usage (425652K) : radhard_drw has 0 polygons
2026-09-01 00:04:02 -0400: Memory Usage (425652K) : memcap_drw has 3 polygons
2026-09-01 00:04:02 -0400: Memory Usage (425916K) : varicap_drw has 0 polygons
2026-09-01 00:04:02 -0400: Memory Usage (425916K) : intbondvia_drw has 0 polygons
2026-09-01 00:04:02 -0400: Memory Usage (425916K) : intbondmet_drw has 0 polygons
2026-09-01 00:04:02 -0400: Memory Usage (426180K) : devbondvia_drw has 0 polygons
2026-09-01 00:04:02 -0400: Memory Usage (426180K) : devbondmet_drw has 0 polygons
2026-09-01 00:04:02 -0400: Memory Usage (426180K) : devtrench_drw has 0 polygons
2026-09-01 00:04:02 -0400: Memory Usage (426180K) : redist_drw has 0 polygons
2026-09-01 00:04:02 -0400: Memory Usage (426444K) : graphbot_drw has 0 polygons
2026-09-01 00:04:02 -0400: Memory Usage (426444K) : graphtop_drw has 0 polygons
2026-09-01 00:04:02 -0400: Memory Usage (426444K) : antvia1_drw has 0 polygons
2026-09-01 00:04:02 -0400: Memory Usage (426444K) : antmetal2_drw has 0 polygons
2026-09-01 00:04:02 -0400: Memory Usage (426444K) : graphcont_drw has 0 polygons
2026-09-01 00:04:02 -0400: Memory Usage (426444K) : siwg_drw has 0 polygons
2026-09-01 00:04:02 -0400: Memory Usage (426708K) : siwg_filler has 0 polygons
2026-09-01 00:04:02 -0400: Memory Usage (426708K) : siwg_nofill has 0 polygons
2026-09-01 00:04:02 -0400: Memory Usage (426708K) : sigrating_drw has 0 polygons
2026-09-01 00:04:02 -0400: Memory Usage (426708K) : singrating_drw has 0 polygons
2026-09-01 00:04:02 -0400: Memory Usage (426972K) : graphpas_drw has 0 polygons
2026-09-01 00:04:02 -0400: Memory Usage (426972K) : emwind3_drw has 0 polygons
2026-09-01 00:04:02 -0400: Memory Usage (426972K) : emwihv3_drw has 0 polygons
2026-09-01 00:04:02 -0400: Memory Usage (426972K) : redbulay_drw has 0 polygons
2026-09-01 00:04:02 -0400: Memory Usage (427236K) : smos_drw has 0 polygons
2026-09-01 00:04:02 -0400: Memory Usage (427236K) : graphpad_drw has 0 polygons
2026-09-01 00:04:02 -0400: Memory Usage (427236K) : polimide_drw has 0 polygons
2026-09-01 00:04:02 -0400: Memory Usage (427236K) : polimide_pin has 0 polygons
2026-09-01 00:04:02 -0400: Memory Usage (427500K) : recog_drw has 0 polygons
2026-09-01 00:04:02 -0400: Memory Usage (427500K) : recog_pin has 0 polygons
2026-09-01 00:04:02 -0400: Memory Usage (427500K) : recog_esd has 0 polygons
2026-09-01 00:04:02 -0400: Memory Usage (427500K) : recog_diode has 0 polygons
2026-09-01 00:04:02 -0400: Memory Usage (427764K) : recog_tsv has 0 polygons
2026-09-01 00:04:02 -0400: Memory Usage (427764K) : recog_iprobe has 0 polygons
2026-09-01 00:04:02 -0400: Memory Usage (427764K) : recog_diffprb has 0 polygons
2026-09-01 00:04:02 -0400: Memory Usage (427764K) : recog_pillar has 0 polygons
2026-09-01 00:04:02 -0400: Memory Usage (428028K) : recog_sbump has 0 polygons
2026-09-01 00:04:02 -0400: Memory Usage (428028K) : recog_otp has 0 polygons
2026-09-01 00:04:02 -0400: Memory Usage (428028K) : recog_pdiode has 0 polygons
2026-09-01 00:04:02 -0400: Memory Usage (428028K) : recog_mom has 0 polygons
2026-09-01 00:04:02 -0400: Memory Usage (428292K) : recog_pcm has 0 polygons
2026-09-01 00:04:02 -0400: Memory Usage (428292K) : colopen_drw has 0 polygons
2026-09-01 00:04:02 -0400: Memory Usage (428292K) : graphmetal1_drw has 0 polygons
2026-09-01 00:04:02 -0400: Memory Usage (428292K) : graphmetal1_filler has 0 polygons
2026-09-01 00:04:02 -0400: Memory Usage (428556K) : graphmetal1_nofill has 0 polygons
2026-09-01 00:04:02 -0400: Memory Usage (428556K) : graphmetal1_slit has 0 polygons
2026-09-01 00:04:02 -0400: Memory Usage (428556K) : graphmetal1_OPC has 0 polygons
2026-09-01 00:04:02 -0400: Memory Usage (428556K) : graphmet1l_drw has 0 polygons
2026-09-01 00:04:02 -0400: Memory Usage (428820K) : graphmet1l_filler has 0 polygons
2026-09-01 00:04:02 -0400: Memory Usage (428820K) : graphmet1l_nofill has 0 polygons
2026-09-01 00:04:02 -0400: Memory Usage (428820K) : graphmet1l_slit has 0 polygons
2026-09-01 00:04:02 -0400: Memory Usage (428820K) : graphmet1l_OPC has 0 polygons
2026-09-01 00:04:02 -0400: Memory Usage (429084K) : extblock_drw has 12 polygons
2026-09-01 00:04:02 -0400: Memory Usage (429084K) : nldd_drw has 0 polygons
2026-09-01 00:04:02 -0400: Memory Usage (429084K) : pldd_drw has 0 polygons
2026-09-01 00:04:02 -0400: Memory Usage (429084K) : next_drw has 0 polygons
2026-09-01 00:04:02 -0400: Memory Usage (429348K) : pext_drw has 0 polygons
2026-09-01 00:04:02 -0400: Memory Usage (429348K) : nexthv_drw has 0 polygons
2026-09-01 00:04:02 -0400: Memory Usage (429348K) : pexthv_drw has 0 polygons
2026-09-01 00:04:02 -0400: Memory Usage (429348K) : graphgate_drw has 0 polygons
2026-09-01 00:04:02 -0400: Memory Usage (429612K) : sinwg_drw has 0 polygons
2026-09-01 00:04:02 -0400: Memory Usage (429612K) : sinwg_filler has 0 polygons
2026-09-01 00:04:02 -0400: Memory Usage (429612K) : sinwg_nofill has 0 polygons
2026-09-01 00:04:02 -0400: Memory Usage (429612K) : mempad_drw has 0 polygons
2026-09-01 00:04:02 -0400: Memory Usage (429876K) : topvia1_drw has 13 polygons
2026-09-01 00:04:02 -0400: Memory Usage (429876K) : topmetal1_drw has 10 polygons
2026-09-01 00:04:02 -0400: Memory Usage (429876K) : topmetal1_filler has 0 polygons
2026-09-01 00:04:02 -0400: Memory Usage (429876K) : topmetal1_slit has 0 polygons
2026-09-01 00:04:02 -0400: Memory Usage (430140K) : topmetal1 has 10 polygons
2026-09-01 00:04:02 -0400: Memory Usage (430140K) : topmetal1_pin has 3 polygons
2026-09-01 00:04:02 -0400: Memory Usage (430140K) : topmetal1_mask has 0 polygons
2026-09-01 00:04:02 -0400: Memory Usage (430404K) : topmetal1_nofill has 3 polygons
2026-09-01 00:04:02 -0400: Memory Usage (430404K) : topmetal1_text has 1 polygons
2026-09-01 00:04:02 -0400: Memory Usage (430404K) : topmetal1_noqrc has 0 polygons
2026-09-01 00:04:02 -0400: Memory Usage (430404K) : topmetal1_res has 0 polygons
2026-09-01 00:04:02 -0400: Memory Usage (430668K) : topmetal1_iprobe has 0 polygons
2026-09-01 00:04:02 -0400: Memory Usage (430668K) : topmetal1_diffprb has 0 polygons
2026-09-01 00:04:02 -0400: Memory Usage (430668K) : inldpwl_drw has 0 polygons
2026-09-01 00:04:02 -0400: Memory Usage (430668K) : polyres_drw has 12 polygons
2026-09-01 00:04:02 -0400: Memory Usage (430668K) : polyres_pin has 0 polygons
2026-09-01 00:04:02 -0400: Memory Usage (430932K) : vmim_drw has 27 polygons
2026-09-01 00:04:02 -0400: Memory Usage (430932K) : nbulaycut_drw has 0 polygons
2026-09-01 00:04:02 -0400: Memory Usage (430932K) : antmetal1_drw has 0 polygons
2026-09-01 00:04:02 -0400: Memory Usage (430932K) : topvia2_drw has 6 polygons
2026-09-01 00:04:02 -0400: Memory Usage (431196K) : topmetal2_drw has 2 polygons
2026-09-01 00:04:02 -0400: Memory Usage (431196K) : topmetal2_filler has 0 polygons
2026-09-01 00:04:02 -0400: Memory Usage (431196K) : topmetal2_slit has 0 polygons
2026-09-01 00:04:02 -0400: Memory Usage (431460K) : topmetal2 has 2 polygons
2026-09-01 00:04:02 -0400: Memory Usage (431460K) : topmetal2_pin has 0 polygons
2026-09-01 00:04:02 -0400: Memory Usage (431460K) : topmetal2_mask has 0 polygons
2026-09-01 00:04:02 -0400: Memory Usage (431460K) : topmetal2_nofill has 3 polygons
2026-09-01 00:04:02 -0400: Memory Usage (431460K) : topmetal2_text has 2 polygons
2026-09-01 00:04:02 -0400: Memory Usage (431724K) : topmetal2_noqrc has 0 polygons
2026-09-01 00:04:02 -0400: Memory Usage (431724K) : topmetal2_res has 0 polygons
2026-09-01 00:04:02 -0400: Memory Usage (431724K) : topmetal2_iprobe has 0 polygons
2026-09-01 00:04:02 -0400: Memory Usage (431724K) : topmetal2_diffprb has 0 polygons
2026-09-01 00:04:02 -0400: Memory Usage (431988K) : snsring_drw has 0 polygons
2026-09-01 00:04:02 -0400: Memory Usage (431988K) : sensor_drw has 0 polygons
2026-09-01 00:04:02 -0400: Memory Usage (431988K) : snsarms_drw has 0 polygons
2026-09-01 00:04:02 -0400: Memory Usage (431988K) : snscmosvia_drw has 0 polygons
2026-09-01 00:04:02 -0400: Memory Usage (432252K) : colwind_drw has 0 polygons
2026-09-01 00:04:02 -0400: Memory Usage (432252K) : flm_drw has 0 polygons
2026-09-01 00:04:02 -0400: Memory Usage (432252K) : hafniumox_drw has 0 polygons
2026-09-01 00:04:02 -0400: Memory Usage (432252K) : memvia_drw has 0 polygons
2026-09-01 00:04:02 -0400: Memory Usage (432516K) : thinfilmres_drw has 0 polygons
2026-09-01 00:04:02 -0400: Memory Usage (432516K) : rfmem_drw has 0 polygons
2026-09-01 00:04:02 -0400: Memory Usage (432516K) : norcx_drw has 0 polygons
2026-09-01 00:04:02 -0400: Memory Usage (432516K) : norcx_m2m3 has 0 polygons
2026-09-01 00:04:02 -0400: Memory Usage (432780K) : norcx_m2m4 has 0 polygons
2026-09-01 00:04:02 -0400: Memory Usage (432780K) : norcx_m2m5 has 0 polygons
2026-09-01 00:04:02 -0400: Memory Usage (432780K) : norcx_m2tm1 has 0 polygons
2026-09-01 00:04:02 -0400: Memory Usage (432780K) : norcx_m2tm2 has 0 polygons
2026-09-01 00:04:02 -0400: Memory Usage (433044K) : norcx_m3m4 has 0 polygons
2026-09-01 00:04:02 -0400: Memory Usage (433044K) : norcx_m3m5 has 0 polygons
2026-09-01 00:04:02 -0400: Memory Usage (433044K) : norcx_m3tm1 has 0 polygons
2026-09-01 00:04:02 -0400: Memory Usage (433044K) : norcx_m3tm2 has 0 polygons
2026-09-01 00:04:02 -0400: Memory Usage (433308K) : norcx_m4m5 has 0 polygons
2026-09-01 00:04:02 -0400: Memory Usage (433308K) : norcx_m4tm1 has 0 polygons
2026-09-01 00:04:02 -0400: Memory Usage (433308K) : norcx_m4tm2 has 0 polygons
2026-09-01 00:04:02 -0400: Memory Usage (433308K) : norcx_m5tm1 has 0 polygons
2026-09-01 00:04:02 -0400: Memory Usage (433308K) : norcx_m5tm2 has 0 polygons
2026-09-01 00:04:02 -0400: Memory Usage (433308K) : norcx_tm1tm2 has 0 polygons
2026-09-01 00:04:02 -0400: Memory Usage (433308K) : norcx_m1sub has 0 polygons
2026-09-01 00:04:02 -0400: Memory Usage (433308K) : norcx_m2sub has 0 polygons
2026-09-01 00:04:02 -0400: Memory Usage (433308K) : norcx_m3sub has 0 polygons
2026-09-01 00:04:02 -0400: Memory Usage (433308K) : norcx_m4sub has 0 polygons
2026-09-01 00:04:02 -0400: Memory Usage (433308K) : norcx_m5sub has 0 polygons
2026-09-01 00:04:02 -0400: Memory Usage (433308K) : norcx_tm1sub has 0 polygons
2026-09-01 00:04:02 -0400: Memory Usage (433308K) : norcx_tm2sub has 0 polygons
2026-09-01 00:04:02 -0400: Memory Usage (433308K) : snsbotvia_drw has 0 polygons
2026-09-01 00:04:02 -0400: Memory Usage (433308K) : snstopvia_drw has 0 polygons
2026-09-01 00:04:02 -0400: Memory Usage (433308K) : deepvia_drw has 0 polygons
2026-09-01 00:04:02 -0400: Memory Usage (433308K) : fgetch_drw has 0 polygons
2026-09-01 00:04:02 -0400: Memory Usage (433308K) : ctrgat_drw has 0 polygons
2026-09-01 00:04:02 -0400: Memory Usage (433308K) : fgimp_drw has 0 polygons
2026-09-01 00:04:02 -0400: Memory Usage (433308K) : emwihv_drw has 0 polygons
2026-09-01 00:04:02 -0400: Memory Usage (433308K) : lbe_drw has 0 polygons
2026-09-01 00:04:02 -0400: Memory Usage (433308K) : alcustop_drw has 0 polygons
2026-09-01 00:04:02 -0400: Memory Usage (433308K) : nometfiller_drw has 0 polygons
2026-09-01 00:04:02 -0400: Memory Usage (433308K) : prboundary_drw has 0 polygons
2026-09-01 00:04:02 -0400: Memory Usage (433308K) : exchange0_drw has 0 polygons
2026-09-01 00:04:02 -0400: Memory Usage (433308K) : exchange0_pin has 0 polygons
2026-09-01 00:04:02 -0400: Memory Usage (433308K) : exchange0_text has 0 polygons
2026-09-01 00:04:02 -0400: Memory Usage (433308K) : exchange1_drw has 0 polygons
2026-09-01 00:04:02 -0400: Memory Usage (433308K) : exchange1_pin has 0 polygons
2026-09-01 00:04:02 -0400: Memory Usage (433308K) : exchange1_text has 0 polygons
2026-09-01 00:04:02 -0400: Memory Usage (433308K) : exchange2_drw has 0 polygons
2026-09-01 00:04:02 -0400: Memory Usage (433308K) : exchange2_pin has 0 polygons
2026-09-01 00:04:02 -0400: Memory Usage (433308K) : exchange2_text has 0 polygons
2026-09-01 00:04:02 -0400: Memory Usage (433308K) : exchange3_drw has 0 polygons
2026-09-01 00:04:02 -0400: Memory Usage (433308K) : exchange3_pin has 0 polygons
2026-09-01 00:04:02 -0400: Memory Usage (433308K) : exchange3_text has 0 polygons
2026-09-01 00:04:02 -0400: Memory Usage (433572K) : exchange4_drw has 0 polygons
2026-09-01 00:04:02 -0400: Memory Usage (433572K) : exchange4_pin has 0 polygons
2026-09-01 00:04:02 -0400: Memory Usage (433572K) : exchange4_text has 0 polygons
2026-09-01 00:04:02 -0400: Memory Usage (433572K) : isonwell_drw has 0 polygons
2026-09-01 00:04:02 -0400: Memory Usage (433572K) : Total no. of polygons in the design is 2293
2026-09-01 00:04:02 -0400: Memory Usage (433572K) : Starting SG13G2 LVS runset
2026-09-01 00:04:02 -0400: Memory Usage (433572K) : Starting base layers derivations
2026-09-01 00:04:02 -0400: Memory Usage (433572K) : Starting general LVS derivations
2026-09-01 00:04:02 -0400: Memory Usage (439764K) : Starting MOSFET DERIVATIONS
2026-09-01 00:04:03 -0400: Memory Usage (442148K) : Starting NMOS DERIVATIONS
2026-09-01 00:04:03 -0400: Memory Usage (442412K) : Starting PMOS DERIVATIONS
2026-09-01 00:04:03 -0400: Memory Usage (442676K) : Starting RF-MOSFET DERIVATIONS
2026-09-01 00:04:03 -0400: Memory Usage (442676K) : Starting RF-NMOS DERIVATIONS
2026-09-01 00:04:03 -0400: Memory Usage (442940K) : Starting RF-PMOS DERIVATIONS
2026-09-01 00:04:03 -0400: Memory Usage (443204K) : Starting BJT DERIVATIONS
2026-09-01 00:04:03 -0400: Memory Usage (443204K) : Starting NPN-BJT DERIVATIONS
2026-09-01 00:04:03 -0400: Memory Usage (437880K) : Starting PNP-BJT DERIVATIONS
2026-09-01 00:04:03 -0400: Memory Usage (437880K) : Starting DIODE DERIVATIONS
2026-09-01 00:04:03 -0400: Memory Usage (437880K) : Starting RESISTOR DERIVATIONS
2026-09-01 00:04:03 -0400: Memory Usage (437880K) : Starting CAP DERIVATIONS
2026-09-01 00:04:03 -0400: Memory Usage (437880K) : Starting ESD DERIVATIONS
2026-09-01 00:04:03 -0400: Memory Usage (437880K) : Starting Inductor DERIVATIONS
2026-09-01 00:04:03 -0400: Memory Usage (441748K) : Starting Taps DERIVATIONS
2026-09-01 00:04:03 -0400: Memory Usage (443068K) : Starting SG13G2 LVS connectivity setup
2026-09-01 00:04:03 -0400: Memory Usage (443068K) : Starting SG13G2 LVS connectivity setup (Inter-layer)
2026-09-01 00:04:03 -0400: Memory Usage (443068K) : Starting SG13G2 LVS connectivity setup (Global)
2026-09-01 00:04:03 -0400: Memory Usage (443068K) : Starting LVS MOSFET CONNECTIONS
2026-09-01 00:04:03 -0400: Memory Usage (443068K) : Starting LVS RF-MOSFET CONNECTIONS
2026-09-01 00:04:03 -0400: Memory Usage (443068K) : Starting LVS BJT CONNECTIONS
2026-09-01 00:04:03 -0400: Memory Usage (443068K) : Starting LVS DIODE CONNECTIONS
2026-09-01 00:04:03 -0400: Memory Usage (443068K) : Starting RESISTOR CONNECTIONS
2026-09-01 00:04:03 -0400: Memory Usage (443068K) : Starting LVS CAP CONNECTIONS
2026-09-01 00:04:03 -0400: Memory Usage (443068K) : Starting ESD CONNECTIONS
2026-09-01 00:04:03 -0400: Memory Usage (443068K) : Starting Inductor CONNECTIONS
2026-09-01 00:04:03 -0400: Memory Usage (443068K) : Starting LVS Taps CONNECTIONS
2026-09-01 00:04:03 -0400: Memory Usage (443068K) : Starting SG13G2 LVS DEVICES EXTRACTION
2026-09-01 00:04:03 -0400: Memory Usage (443068K) : Starting MOSFET EXTRACTION
2026-09-01 00:04:03 -0400: Memory Usage (443068K) : Starting NMOS EXTRACTION
2026-09-01 00:04:03 -0400: Memory Usage (443068K) : Extraction of NMOS-LV transistor
2026-09-01 00:04:03 -0400: Memory Usage (443068K) : Extraction of NMOS-HV transistor
2026-09-01 00:04:03 -0400: Memory Usage (443068K) : Starting PMOS EXTRACTION
2026-09-01 00:04:03 -0400: Memory Usage (443068K) : Extraction of PMOS-LV transistor
2026-09-01 00:04:03 -0400: Memory Usage (443388K) : Extraction of PMOS-HV transistor
2026-09-01 00:04:03 -0400: Memory Usage (443388K) : Starting RF-MOSFET EXTRACTION
2026-09-01 00:04:03 -0400: Memory Usage (443388K) : Extraction of RF-NMOS-LV transistor
2026-09-01 00:04:03 -0400: Memory Usage (443388K) : Extraction of RF-NMOS-HV transistor
2026-09-01 00:04:03 -0400: Memory Usage (443388K) : Extraction of RF-PMOS-LV transistor
2026-09-01 00:04:03 -0400: Memory Usage (443388K) : Extraction of RF-PMOS-HV transistor
2026-09-01 00:04:03 -0400: Memory Usage (443652K) : Starting BJT EXTRACTION
2026-09-01 00:04:03 -0400: Memory Usage (443652K) : Starting NPN-BJT EXTRACTION
2026-09-01 00:04:03 -0400: Memory Usage (443652K) : Extraction of npn13G2 BJT transistor
2026-09-01 00:04:03 -0400: Memory Usage (443652K) : Extraction of npn13G2L BJT transistor
2026-09-01 00:04:03 -0400: Memory Usage (443652K) : Extraction of npn13G2V BJT transistor
2026-09-01 00:04:03 -0400: Memory Usage (443652K) : Starting PNP-BJT EXTRACTION
2026-09-01 00:04:03 -0400: Memory Usage (443652K) : Extracting pnpMPA BJT
2026-09-01 00:04:03 -0400: Memory Usage (444000K) : Starting DIODE EXTRACTION
2026-09-01 00:04:03 -0400: Memory Usage (444000K) : Extracting dantenna diode
2026-09-01 00:04:03 -0400: Memory Usage (444000K) : Extracting dpantenna diode
2026-09-01 00:04:03 -0400: Memory Usage (444000K) : Extracting schottky_nbl1 diode
2026-09-01 00:04:03 -0400: Memory Usage (444264K) : Starting RESISTOR EXTRACTION
2026-09-01 00:04:03 -0400: Memory Usage (444264K) : Extracting rsil resistor
2026-09-01 00:04:03 -0400: Memory Usage (444660K) : Extracting rppd resistor
2026-09-01 00:04:03 -0400: Memory Usage (444660K) : Extracting rhigh resistor
2026-09-01 00:04:03 -0400: Memory Usage (445104K) : Extracting res_metal1 resistor
2026-09-01 00:04:03 -0400: Memory Usage (445104K) : Extracting res_metal2 resistor
2026-09-01 00:04:03 -0400: Memory Usage (445104K) : Extracting res_metal3 resistor
2026-09-01 00:04:03 -0400: Memory Usage (445468K) : Extracting res_metal4 resistor
2026-09-01 00:04:03 -0400: Memory Usage (445468K) : Extracting res_metal5 resistor
2026-09-01 00:04:03 -0400: Memory Usage (445468K) : Extracting res_topmetal1 resistor
2026-09-01 00:04:03 -0400: Memory Usage (445468K) : Extracting res_topmetal2 resistor
2026-09-01 00:04:03 -0400: Memory Usage (445468K) : Starting CAP EXTRACTION
2026-09-01 00:04:03 -0400: Memory Usage (445468K) : Extracting cap_cmim device
2026-09-01 00:04:03 -0400: Memory Usage (445732K) : Extracting rfcmim device
2026-09-01 00:04:03 -0400: Memory Usage (445732K) : Extracting sg13_hv_svaricap varactor
2026-09-01 00:04:03 -0400: Memory Usage (445732K) : Starting ESD EXTRACTION
2026-09-01 00:04:03 -0400: Memory Usage (445732K) : Extracting diodevdd_2kv ESD device
2026-09-01 00:04:03 -0400: Memory Usage (445996K) : Extracting diodevdd_4kv ESD device
2026-09-01 00:04:03 -0400: Memory Usage (446260K) : Extracting diodevss_2kv ESD device
2026-09-01 00:04:03 -0400: Memory Usage (446260K) : Extracting diodevss_4kv ESD device
2026-09-01 00:04:03 -0400: Memory Usage (446524K) : Extracting idiodevdd_2kv ESD device
2026-09-01 00:04:03 -0400: Memory Usage (446788K) : Extracting idiodevdd_4kv ESD device
2026-09-01 00:04:03 -0400: Memory Usage (446788K) : Extracting idiodevss_2kv ESD device
2026-09-01 00:04:03 -0400: Memory Usage (447052K) : Extracting idiodevss_4kv ESD device
2026-09-01 00:04:03 -0400: Memory Usage (447316K) : Extracting nmoscl_2 ESD device
2026-09-01 00:04:03 -0400: Memory Usage (447316K) : Extracting nmoscl_4 ESD device
2026-09-01 00:04:03 -0400: Memory Usage (447316K) : Starting Inductor EXTRACTION
2026-09-01 00:04:03 -0400: Memory Usage (447316K) : Extracting Inductor2 device
2026-09-01 00:04:03 -0400: Memory Usage (447316K) : Extracting Inductor3 device
2026-09-01 00:04:03 -0400: Memory Usage (447580K) : Starting Taps EXTRACTION
2026-09-01 00:04:03 -0400: Memory Usage (447580K) : Extracting ntap1 device
2026-09-01 00:04:03 -0400: Memory Usage (447580K) : Extracting ptap1 device
2026-09-01 00:04:03 -0400: Memory Usage (447580K) : Starting SG13G2 LVS Options Preparations
2026-09-01 00:04:03 -0400: Memory Usage (447580K) : Starting SG13G2 LVS Alignment
2026-09-01 00:04:03 -0400: Memory Usage (447580K) : Starting SG13G2 LVS Simplification
2026-09-01 00:04:03 -0400: Memory Usage (447580K) : Starting SG13G2 LVS Comparison with flag_missing_ports
2026-09-01 00:04:03 -0400: Memory Usage (447580K) : ==========================================
2026-09-01 00:04:03 -0400: Memory Usage (447580K) : INFO : Congratulations! Netlists match.
2026-09-01 00:04:03 -0400: Memory Usage (447580K) : ==========================================
2026-09-01 00:04:03 -0400: Memory Usage (447580K) : LVS Total Run time 0.957209 seconds
