# Logfile created on 2026-09-02 14:07:10 -0400 by logger.rb/61378
2026-09-02 14:07:10 -0400: Memory Usage (413348K) : Starting running SG13G2 Klayout LVS runset on /home/noorizad/spicexplorer-workspace/external/pam4-wt/codesign-r4/report/work/g/dut_pam4.gds
2026-09-02 14:07:10 -0400: Memory Usage (413348K) : Ruby Version for klayout: 2.5.9
2026-09-02 14:07:10 -0400: Memory Usage (413348K) : Loading database to memory is complete.
2026-09-02 14:07:10 -0400: Memory Usage (413348K) : SG13G2 Klayout LVS runset output at: /home/noorizad/spicexplorer-workspace/external/pam4-wt/codesign-r4/report/work/g/signoff/lvs/dut_pam4.lvsdb
2026-09-02 14:07:10 -0400: Memory Usage (413348K) : Evaluate switches.
2026-09-02 14:07:10 -0400: Memory Usage (413348K) : Extracted netlist with net names: true
2026-09-02 14:07:10 -0400: Memory Usage (413348K) : Extracted netlist with comments in details: false
2026-09-02 14:07:10 -0400: Memory Usage (413348K) : Selected NET_ONLY option: false
2026-09-02 14:07:10 -0400: Memory Usage (413348K) : Selected ALLOW_UNMATCHED_PORTS option: false
2026-09-02 14:07:10 -0400: Memory Usage (413348K) : Selected TOP_LVL_PINS option: false
2026-09-02 14:07:10 -0400: Memory Usage (413348K) : Selected COMBINE DEVICES option: false
2026-09-02 14:07:10 -0400: Memory Usage (413348K) : Selected PURGE option: false
2026-09-02 14:07:10 -0400: Memory Usage (413348K) : Selected PURGE_NETS option: false
2026-09-02 14:07:10 -0400: Memory Usage (413348K) : Selected SIMPLIFY option: true
2026-09-02 14:07:10 -0400: Memory Usage (413348K) : Selected SERIES_RES option: true
2026-09-02 14:07:10 -0400: Memory Usage (413348K) : Selected PARALLEL_RES option: true
2026-09-02 14:07:10 -0400: Memory Usage (413348K) : Verbose mode: false
2026-09-02 14:07:10 -0400: Memory Usage (413348K) : deep  mode is enabled.
2026-09-02 14:07:10 -0400: Memory Usage (413348K) : Netlist file: /home/noorizad/spicexplorer-workspace/external/pam4-wt/codesign-r4/report/work/g/dut_pam4_lvs.spice
2026-09-02 14:07:10 -0400: Memory Usage (413348K) : LVS extracted netlist at: /home/noorizad/spicexplorer-workspace/external/pam4-wt/codesign-r4/report/work/g/signoff/lvs/dut_pam4_extracted.cir
2026-09-02 14:07:10 -0400: Memory Usage (413348K) : Read in polygons from layers.
2026-09-02 14:07:10 -0400: Memory Usage (413348K) : activ_drw has 68 polygons
2026-09-02 14:07:10 -0400: Memory Usage (413348K) : activ_filler has 0 polygons
2026-09-02 14:07:10 -0400: Memory Usage (413348K) : activ has 68 polygons
2026-09-02 14:07:10 -0400: Memory Usage (413348K) : activ_pin has 0 polygons
2026-09-02 14:07:10 -0400: Memory Usage (413348K) : activ_mask has 12 polygons
2026-09-02 14:07:10 -0400: Memory Usage (413348K) : activ_nofill has 0 polygons
2026-09-02 14:07:10 -0400: Memory Usage (413348K) : activ_OPC has 0 polygons
2026-09-02 14:07:10 -0400: Memory Usage (413348K) : activ_iOPC has 0 polygons
2026-09-02 14:07:10 -0400: Memory Usage (413348K) : activ_noqrc has 0 polygons
2026-09-02 14:07:10 -0400: Memory Usage (413348K) : biwind_drw has 0 polygons
2026-09-02 14:07:10 -0400: Memory Usage (413348K) : biwind_OPC has 0 polygons
2026-09-02 14:07:10 -0400: Memory Usage (413348K) : gatpoly_drw has 24 polygons
2026-09-02 14:07:10 -0400: Memory Usage (413348K) : gatpoly_filler has 0 polygons
2026-09-02 14:07:10 -0400: Memory Usage (413348K) : gatpoly has 24 polygons
2026-09-02 14:07:10 -0400: Memory Usage (413348K) : gatpoly_pin has 0 polygons
2026-09-02 14:07:10 -0400: Memory Usage (413348K) : gatpoly_nofill has 0 polygons
2026-09-02 14:07:10 -0400: Memory Usage (416212K) : gatpoly_OPC has 0 polygons
2026-09-02 14:07:10 -0400: Memory Usage (416212K) : gatpoly_iOPC has 0 polygons
2026-09-02 14:07:10 -0400: Memory Usage (416212K) : gatpoly_noqrc has 0 polygons
2026-09-02 14:07:10 -0400: Memory Usage (416212K) : cont_drw has 928 polygons
2026-09-02 14:07:10 -0400: Memory Usage (416596K) : cont_OPC has 0 polygons
2026-09-02 14:07:10 -0400: Memory Usage (416596K) : nsd_drw has 0 polygons
2026-09-02 14:07:10 -0400: Memory Usage (416596K) : nsd_block has 24 polygons
2026-09-02 14:07:10 -0400: Memory Usage (416596K) : metal1_drw has 96 polygons
2026-09-02 14:07:10 -0400: Memory Usage (416920K) : metal1_filler has 0 polygons
2026-09-02 14:07:10 -0400: Memory Usage (416920K) : metal1_slit has 0 polygons
2026-09-02 14:07:10 -0400: Memory Usage (416920K) : metal1 has 96 polygons
2026-09-02 14:07:10 -0400: Memory Usage (416920K) : metal1_pin has 48 polygons
2026-09-02 14:07:10 -0400: Memory Usage (417184K) : metal1_mask has 0 polygons
2026-09-02 14:07:10 -0400: Memory Usage (417184K) : metal1_nofill has 0 polygons
2026-09-02 14:07:10 -0400: Memory Usage (417184K) : metal1_text has 6 polygons
2026-09-02 14:07:10 -0400: Memory Usage (417184K) : metal1_OPC has 0 polygons
2026-09-02 14:07:10 -0400: Memory Usage (417184K) : metal1_noqrc has 0 polygons
2026-09-02 14:07:10 -0400: Memory Usage (417184K) : metal1_res has 0 polygons
2026-09-02 14:07:10 -0400: Memory Usage (417184K) : metal1_iprobe has 0 polygons
2026-09-02 14:07:10 -0400: Memory Usage (417184K) : metal1_diffprb has 0 polygons
2026-09-02 14:07:10 -0400: Memory Usage (417628K) : passiv_drw has 0 polygons
2026-09-02 14:07:10 -0400: Memory Usage (417628K) : passiv_pin has 0 polygons
2026-09-02 14:07:10 -0400: Memory Usage (417628K) : passiv_sbump has 0 polygons
2026-09-02 14:07:10 -0400: Memory Usage (417628K) : passiv_pillar has 0 polygons
2026-09-02 14:07:10 -0400: Memory Usage (417628K) : passiv_pdl has 0 polygons
2026-09-02 14:07:10 -0400: Memory Usage (417892K) : metal2_drw has 34 polygons
2026-09-02 14:07:10 -0400: Memory Usage (417892K) : metal2_filler has 0 polygons
2026-09-02 14:07:10 -0400: Memory Usage (417892K) : metal2_slit has 0 polygons
2026-09-02 14:07:10 -0400: Memory Usage (418156K) : metal2 has 34 polygons
2026-09-02 14:07:10 -0400: Memory Usage (418156K) : metal2_pin has 12 polygons
2026-09-02 14:07:10 -0400: Memory Usage (418156K) : metal2_mask has 0 polygons
2026-09-02 14:07:10 -0400: Memory Usage (418420K) : metal2_nofill has 0 polygons
2026-09-02 14:07:10 -0400: Memory Usage (418420K) : metal2_text has 0 polygons
2026-09-02 14:07:10 -0400: Memory Usage (418420K) : metal2_OPC has 0 polygons
2026-09-02 14:07:10 -0400: Memory Usage (418420K) : metal2_noqrc has 0 polygons
2026-09-02 14:07:10 -0400: Memory Usage (418684K) : metal2_res has 0 polygons
2026-09-02 14:07:10 -0400: Memory Usage (418684K) : metal2_iprobe has 0 polygons
2026-09-02 14:07:10 -0400: Memory Usage (418684K) : metal2_diffprb has 0 polygons
2026-09-02 14:07:10 -0400: Memory Usage (418684K) : baspoly_drw has 0 polygons
2026-09-02 14:07:10 -0400: Memory Usage (418948K) : baspoly_pin has 0 polygons
2026-09-02 14:07:10 -0400: Memory Usage (418948K) : psd_drw has 20 polygons
2026-09-02 14:07:10 -0400: Memory Usage (418948K) : nldb_drw has 0 polygons
2026-09-02 14:07:10 -0400: Memory Usage (418948K) : digibnd_drw has 0 polygons
2026-09-02 14:07:10 -0400: Memory Usage (419212K) : via1_drw has 446 polygons
2026-09-02 14:07:10 -0400: Memory Usage (419212K) : backmetal1_drw has 0 polygons
2026-09-02 14:07:10 -0400: Memory Usage (419212K) : backmetal1_pin has 0 polygons
2026-09-02 14:07:10 -0400: Memory Usage (419212K) : backmetal1_mask has 0 polygons
2026-09-02 14:07:10 -0400: Memory Usage (419476K) : backmetal1_filler has 0 polygons
2026-09-02 14:07:10 -0400: Memory Usage (419476K) : backmetal1_nofill has 0 polygons
2026-09-02 14:07:10 -0400: Memory Usage (419476K) : backmetal1_slit has 0 polygons
2026-09-02 14:07:10 -0400: Memory Usage (419476K) : backmetal1_text has 0 polygons
2026-09-02 14:07:10 -0400: Memory Usage (419476K) : backmetal1_OPC has 0 polygons
2026-09-02 14:07:10 -0400: Memory Usage (419476K) : backmetal1_noqrc has 0 polygons
2026-09-02 14:07:10 -0400: Memory Usage (419476K) : backmetal1_res has 0 polygons
2026-09-02 14:07:10 -0400: Memory Usage (419476K) : backmetal1_iprobe has 0 polygons
2026-09-02 14:07:10 -0400: Memory Usage (419740K) : backmetal1_diffprb has 0 polygons
2026-09-02 14:07:10 -0400: Memory Usage (419740K) : backpassiv_drw has 0 polygons
2026-09-02 14:07:10 -0400: Memory Usage (419740K) : res_drw has 12 polygons
2026-09-02 14:07:10 -0400: Memory Usage (419740K) : sram_drw has 0 polygons
2026-09-02 14:07:10 -0400: Memory Usage (420004K) : trans_drw has 12 polygons
2026-09-02 14:07:10 -0400: Memory Usage (420004K) : ind_drw has 0 polygons
2026-09-02 14:07:10 -0400: Memory Usage (420004K) : ind_pin has 0 polygons
2026-09-02 14:07:10 -0400: Memory Usage (420004K) : ind_text has 0 polygons
2026-09-02 14:07:10 -0400: Memory Usage (420268K) : salblock_drw has 0 polygons
2026-09-02 14:07:10 -0400: Memory Usage (420268K) : via2_drw has 184 polygons
2026-09-02 14:07:10 -0400: Memory Usage (420268K) : metal3_drw has 24 polygons
2026-09-02 14:07:10 -0400: Memory Usage (420268K) : metal3_filler has 0 polygons
2026-09-02 14:07:10 -0400: Memory Usage (420532K) : metal3_slit has 0 polygons
2026-09-02 14:07:10 -0400: Memory Usage (420532K) : metal3 has 24 polygons
2026-09-02 14:07:10 -0400: Memory Usage (420532K) : metal3_pin has 0 polygons
2026-09-02 14:07:10 -0400: Memory Usage (420796K) : metal3_mask has 0 polygons
2026-09-02 14:07:10 -0400: Memory Usage (420796K) : metal3_nofill has 0 polygons
2026-09-02 14:07:10 -0400: Memory Usage (420796K) : metal3_text has 4 polygons
2026-09-02 14:07:10 -0400: Memory Usage (420796K) : metal3_OPC has 0 polygons
2026-09-02 14:07:10 -0400: Memory Usage (421060K) : metal3_noqrc has 0 polygons
2026-09-02 14:07:10 -0400: Memory Usage (421060K) : metal3_res has 0 polygons
2026-09-02 14:07:10 -0400: Memory Usage (421060K) : metal3_iprobe has 0 polygons
2026-09-02 14:07:10 -0400: Memory Usage (421060K) : metal3_diffprb has 0 polygons
2026-09-02 14:07:10 -0400: Memory Usage (421324K) : nwell_drw has 0 polygons
2026-09-02 14:07:10 -0400: Memory Usage (421324K) : nwell_pin has 0 polygons
2026-09-02 14:07:10 -0400: Memory Usage (421324K) : nbulay_drw has 0 polygons
2026-09-02 14:07:10 -0400: Memory Usage (421324K) : nbulay_pin has 0 polygons
2026-09-02 14:07:10 -0400: Memory Usage (421588K) : nbulay_block has 0 polygons
2026-09-02 14:07:10 -0400: Memory Usage (421588K) : emwind_drw has 36 polygons
2026-09-02 14:07:10 -0400: Memory Usage (421588K) : emwind_OPC has 0 polygons
2026-09-02 14:07:10 -0400: Memory Usage (421588K) : deepco_drw has 0 polygons
2026-09-02 14:07:10 -0400: Memory Usage (421852K) : mim_drw has 3 polygons
2026-09-02 14:07:10 -0400: Memory Usage (421852K) : edgeseal_drw has 0 polygons
2026-09-02 14:07:10 -0400: Memory Usage (421852K) : substrate_drw has 0 polygons
2026-09-02 14:07:10 -0400: Memory Usage (421852K) : substrate_text has 0 polygons
2026-09-02 14:07:10 -0400: Memory Usage (422116K) : dfpad_drw has 0 polygons
2026-09-02 14:07:10 -0400: Memory Usage (422116K) : dfpad_pillar has 0 polygons
2026-09-02 14:07:10 -0400: Memory Usage (422116K) : dfpad_sbump has 0 polygons
2026-09-02 14:07:10 -0400: Memory Usage (422116K) : thickgateox_drw has 0 polygons
2026-09-02 14:07:10 -0400: Memory Usage (422380K) : pldb_drw has 0 polygons
2026-09-02 14:07:10 -0400: Memory Usage (422380K) : pwell_drw has 0 polygons
2026-09-02 14:07:10 -0400: Memory Usage (422380K) : pwell_pin has 0 polygons
2026-09-02 14:07:10 -0400: Memory Usage (422380K) : pwell_block has 0 polygons
2026-09-02 14:07:10 -0400: Memory Usage (422644K) : ic_drw has 0 polygons
2026-09-02 14:07:10 -0400: Memory Usage (422644K) : via3_drw has 144 polygons
2026-09-02 14:07:10 -0400: Memory Usage (422644K) : metal4_drw has 16 polygons
2026-09-02 14:07:10 -0400: Memory Usage (422644K) : metal4_filler has 0 polygons
2026-09-02 14:07:10 -0400: Memory Usage (422908K) : metal4_slit has 0 polygons
2026-09-02 14:07:10 -0400: Memory Usage (422908K) : metal4 has 16 polygons
2026-09-02 14:07:10 -0400: Memory Usage (422908K) : metal4_pin has 0 polygons
2026-09-02 14:07:10 -0400: Memory Usage (422908K) : metal4_mask has 0 polygons
2026-09-02 14:07:10 -0400: Memory Usage (423172K) : metal4_nofill has 3 polygons
2026-09-02 14:07:10 -0400: Memory Usage (423172K) : metal4_text has 0 polygons
2026-09-02 14:07:10 -0400: Memory Usage (423172K) : metal4_OPC has 0 polygons
2026-09-02 14:07:10 -0400: Memory Usage (423172K) : metal4_noqrc has 0 polygons
2026-09-02 14:07:10 -0400: Memory Usage (423436K) : metal4_res has 0 polygons
2026-09-02 14:07:10 -0400: Memory Usage (423436K) : metal4_iprobe has 0 polygons
2026-09-02 14:07:10 -0400: Memory Usage (423436K) : metal4_diffprb has 0 polygons
2026-09-02 14:07:10 -0400: Memory Usage (423436K) : heattrans_drw has 0 polygons
2026-09-02 14:07:10 -0400: Memory Usage (423700K) : heatres_drw has 12 polygons
2026-09-02 14:07:10 -0400: Memory Usage (423700K) : fbe_drw has 0 polygons
2026-09-02 14:07:10 -0400: Memory Usage (423700K) : empoly_drw has 0 polygons
2026-09-02 14:07:10 -0400: Memory Usage (423964K) : digisub_drw has 0 polygons
2026-09-02 14:07:10 -0400: Memory Usage (423964K) : text_drw has 72 polygons
2026-09-02 14:07:10 -0400: Memory Usage (423964K) : via4_drw has 144 polygons
2026-09-02 14:07:10 -0400: Memory Usage (423964K) : metal5_drw has 16 polygons
2026-09-02 14:07:10 -0400: Memory Usage (424228K) : metal5_filler has 0 polygons
2026-09-02 14:07:10 -0400: Memory Usage (424228K) : metal5_slit has 0 polygons
2026-09-02 14:07:10 -0400: Memory Usage (424228K) : metal5 has 16 polygons
2026-09-02 14:07:10 -0400: Memory Usage (424492K) : metal5_pin has 3 polygons
2026-09-02 14:07:10 -0400: Memory Usage (424492K) : metal5_mask has 0 polygons
2026-09-02 14:07:10 -0400: Memory Usage (424492K) : metal5_nofill has 3 polygons
2026-09-02 14:07:10 -0400: Memory Usage (424492K) : metal5_text has 0 polygons
2026-09-02 14:07:10 -0400: Memory Usage (424756K) : metal5_OPC has 0 polygons
2026-09-02 14:07:10 -0400: Memory Usage (424756K) : metal5_noqrc has 0 polygons
2026-09-02 14:07:10 -0400: Memory Usage (424756K) : metal5_res has 0 polygons
2026-09-02 14:07:10 -0400: Memory Usage (424756K) : metal5_iprobe has 0 polygons
2026-09-02 14:07:10 -0400: Memory Usage (425020K) : metal5_diffprb has 0 polygons
2026-09-02 14:07:10 -0400: Memory Usage (425020K) : radhard_drw has 0 polygons
2026-09-02 14:07:10 -0400: Memory Usage (425020K) : memcap_drw has 3 polygons
2026-09-02 14:07:10 -0400: Memory Usage (425020K) : varicap_drw has 0 polygons
2026-09-02 14:07:10 -0400: Memory Usage (425284K) : intbondvia_drw has 0 polygons
2026-09-02 14:07:10 -0400: Memory Usage (425284K) : intbondmet_drw has 0 polygons
2026-09-02 14:07:10 -0400: Memory Usage (425284K) : devbondvia_drw has 0 polygons
2026-09-02 14:07:10 -0400: Memory Usage (425284K) : devbondmet_drw has 0 polygons
2026-09-02 14:07:10 -0400: Memory Usage (425548K) : devtrench_drw has 0 polygons
2026-09-02 14:07:10 -0400: Memory Usage (425548K) : redist_drw has 0 polygons
2026-09-02 14:07:10 -0400: Memory Usage (425548K) : graphbot_drw has 0 polygons
2026-09-02 14:07:10 -0400: Memory Usage (425548K) : graphtop_drw has 0 polygons
2026-09-02 14:07:10 -0400: Memory Usage (425812K) : antvia1_drw has 0 polygons
2026-09-02 14:07:10 -0400: Memory Usage (425812K) : antmetal2_drw has 0 polygons
2026-09-02 14:07:10 -0400: Memory Usage (425812K) : graphcont_drw has 0 polygons
2026-09-02 14:07:10 -0400: Memory Usage (425812K) : siwg_drw has 0 polygons
2026-09-02 14:07:10 -0400: Memory Usage (425812K) : siwg_filler has 0 polygons
2026-09-02 14:07:10 -0400: Memory Usage (426076K) : siwg_nofill has 0 polygons
2026-09-02 14:07:10 -0400: Memory Usage (426076K) : sigrating_drw has 0 polygons
2026-09-02 14:07:10 -0400: Memory Usage (426076K) : singrating_drw has 0 polygons
2026-09-02 14:07:10 -0400: Memory Usage (426076K) : graphpas_drw has 0 polygons
2026-09-02 14:07:10 -0400: Memory Usage (426340K) : emwind3_drw has 0 polygons
2026-09-02 14:07:10 -0400: Memory Usage (426340K) : emwihv3_drw has 0 polygons
2026-09-02 14:07:10 -0400: Memory Usage (426340K) : redbulay_drw has 0 polygons
2026-09-02 14:07:10 -0400: Memory Usage (426340K) : smos_drw has 0 polygons
2026-09-02 14:07:10 -0400: Memory Usage (426604K) : graphpad_drw has 0 polygons
2026-09-02 14:07:10 -0400: Memory Usage (426604K) : polimide_drw has 0 polygons
2026-09-02 14:07:10 -0400: Memory Usage (426604K) : polimide_pin has 0 polygons
2026-09-02 14:07:10 -0400: Memory Usage (426604K) : recog_drw has 0 polygons
2026-09-02 14:07:10 -0400: Memory Usage (426868K) : recog_pin has 0 polygons
2026-09-02 14:07:10 -0400: Memory Usage (426868K) : recog_esd has 0 polygons
2026-09-02 14:07:10 -0400: Memory Usage (426868K) : recog_diode has 0 polygons
2026-09-02 14:07:10 -0400: Memory Usage (426868K) : recog_tsv has 0 polygons
2026-09-02 14:07:10 -0400: Memory Usage (427132K) : recog_iprobe has 0 polygons
2026-09-02 14:07:10 -0400: Memory Usage (427132K) : recog_diffprb has 0 polygons
2026-09-02 14:07:10 -0400: Memory Usage (427132K) : recog_pillar has 0 polygons
2026-09-02 14:07:10 -0400: Memory Usage (427132K) : recog_sbump has 0 polygons
2026-09-02 14:07:10 -0400: Memory Usage (427396K) : recog_otp has 0 polygons
2026-09-02 14:07:10 -0400: Memory Usage (427396K) : recog_pdiode has 0 polygons
2026-09-02 14:07:10 -0400: Memory Usage (427396K) : recog_mom has 0 polygons
2026-09-02 14:07:10 -0400: Memory Usage (427396K) : recog_pcm has 0 polygons
2026-09-02 14:07:10 -0400: Memory Usage (427660K) : colopen_drw has 0 polygons
2026-09-02 14:07:10 -0400: Memory Usage (427660K) : graphmetal1_drw has 0 polygons
2026-09-02 14:07:10 -0400: Memory Usage (427660K) : graphmetal1_filler has 0 polygons
2026-09-02 14:07:10 -0400: Memory Usage (427660K) : graphmetal1_nofill has 0 polygons
2026-09-02 14:07:10 -0400: Memory Usage (427660K) : graphmetal1_slit has 0 polygons
2026-09-02 14:07:10 -0400: Memory Usage (427924K) : graphmetal1_OPC has 0 polygons
2026-09-02 14:07:10 -0400: Memory Usage (427924K) : graphmet1l_drw has 0 polygons
2026-09-02 14:07:10 -0400: Memory Usage (427924K) : graphmet1l_filler has 0 polygons
2026-09-02 14:07:10 -0400: Memory Usage (427924K) : graphmet1l_nofill has 0 polygons
2026-09-02 14:07:10 -0400: Memory Usage (428188K) : graphmet1l_slit has 0 polygons
2026-09-02 14:07:10 -0400: Memory Usage (428188K) : graphmet1l_OPC has 0 polygons
2026-09-02 14:07:10 -0400: Memory Usage (428188K) : extblock_drw has 12 polygons
2026-09-02 14:07:10 -0400: Memory Usage (428188K) : nldd_drw has 0 polygons
2026-09-02 14:07:10 -0400: Memory Usage (428452K) : pldd_drw has 0 polygons
2026-09-02 14:07:10 -0400: Memory Usage (428452K) : next_drw has 0 polygons
2026-09-02 14:07:10 -0400: Memory Usage (428452K) : pext_drw has 0 polygons
2026-09-02 14:07:10 -0400: Memory Usage (428452K) : nexthv_drw has 0 polygons
2026-09-02 14:07:10 -0400: Memory Usage (428716K) : pexthv_drw has 0 polygons
2026-09-02 14:07:10 -0400: Memory Usage (428716K) : graphgate_drw has 0 polygons
2026-09-02 14:07:10 -0400: Memory Usage (428716K) : sinwg_drw has 0 polygons
2026-09-02 14:07:10 -0400: Memory Usage (428980K) : sinwg_filler has 0 polygons
2026-09-02 14:07:10 -0400: Memory Usage (428980K) : sinwg_nofill has 0 polygons
2026-09-02 14:07:10 -0400: Memory Usage (428980K) : mempad_drw has 0 polygons
2026-09-02 14:07:10 -0400: Memory Usage (428980K) : topvia1_drw has 13 polygons
2026-09-02 14:07:10 -0400: Memory Usage (429244K) : topmetal1_drw has 10 polygons
2026-09-02 14:07:10 -0400: Memory Usage (429244K) : topmetal1_filler has 0 polygons
2026-09-02 14:07:10 -0400: Memory Usage (429244K) : topmetal1_slit has 0 polygons
2026-09-02 14:07:10 -0400: Memory Usage (429508K) : topmetal1 has 10 polygons
2026-09-02 14:07:10 -0400: Memory Usage (429508K) : topmetal1_pin has 3 polygons
2026-09-02 14:07:10 -0400: Memory Usage (429508K) : topmetal1_mask has 0 polygons
2026-09-02 14:07:10 -0400: Memory Usage (429508K) : topmetal1_nofill has 3 polygons
2026-09-02 14:07:10 -0400: Memory Usage (429772K) : topmetal1_text has 1 polygons
2026-09-02 14:07:10 -0400: Memory Usage (429772K) : topmetal1_noqrc has 0 polygons
2026-09-02 14:07:10 -0400: Memory Usage (429772K) : topmetal1_res has 0 polygons
2026-09-02 14:07:10 -0400: Memory Usage (429772K) : topmetal1_iprobe has 0 polygons
2026-09-02 14:07:10 -0400: Memory Usage (430036K) : topmetal1_diffprb has 0 polygons
2026-09-02 14:07:10 -0400: Memory Usage (430036K) : inldpwl_drw has 0 polygons
2026-09-02 14:07:10 -0400: Memory Usage (430036K) : polyres_drw has 12 polygons
2026-09-02 14:07:10 -0400: Memory Usage (430036K) : polyres_pin has 0 polygons
2026-09-02 14:07:10 -0400: Memory Usage (430036K) : vmim_drw has 12 polygons
2026-09-02 14:07:10 -0400: Memory Usage (430300K) : nbulaycut_drw has 0 polygons
2026-09-02 14:07:10 -0400: Memory Usage (430300K) : antmetal1_drw has 0 polygons
2026-09-02 14:07:10 -0400: Memory Usage (430300K) : topvia2_drw has 6 polygons
2026-09-02 14:07:10 -0400: Memory Usage (430300K) : topmetal2_drw has 2 polygons
2026-09-02 14:07:10 -0400: Memory Usage (430564K) : topmetal2_filler has 0 polygons
2026-09-02 14:07:10 -0400: Memory Usage (430564K) : topmetal2_slit has 0 polygons
2026-09-02 14:07:10 -0400: Memory Usage (430564K) : topmetal2 has 2 polygons
2026-09-02 14:07:10 -0400: Memory Usage (430564K) : topmetal2_pin has 0 polygons
2026-09-02 14:07:10 -0400: Memory Usage (430828K) : topmetal2_mask has 0 polygons
2026-09-02 14:07:10 -0400: Memory Usage (430828K) : topmetal2_nofill has 3 polygons
2026-09-02 14:07:10 -0400: Memory Usage (430828K) : topmetal2_text has 2 polygons
2026-09-02 14:07:10 -0400: Memory Usage (430828K) : topmetal2_noqrc has 0 polygons
2026-09-02 14:07:10 -0400: Memory Usage (430828K) : topmetal2_res has 0 polygons
2026-09-02 14:07:10 -0400: Memory Usage (431092K) : topmetal2_iprobe has 0 polygons
2026-09-02 14:07:10 -0400: Memory Usage (431092K) : topmetal2_diffprb has 0 polygons
2026-09-02 14:07:10 -0400: Memory Usage (431092K) : snsring_drw has 0 polygons
2026-09-02 14:07:10 -0400: Memory Usage (431092K) : sensor_drw has 0 polygons
2026-09-02 14:07:10 -0400: Memory Usage (431356K) : snsarms_drw has 0 polygons
2026-09-02 14:07:10 -0400: Memory Usage (431356K) : snscmosvia_drw has 0 polygons
2026-09-02 14:07:10 -0400: Memory Usage (431356K) : colwind_drw has 0 polygons
2026-09-02 14:07:10 -0400: Memory Usage (431356K) : flm_drw has 0 polygons
2026-09-02 14:07:10 -0400: Memory Usage (431620K) : hafniumox_drw has 0 polygons
2026-09-02 14:07:10 -0400: Memory Usage (431620K) : memvia_drw has 0 polygons
2026-09-02 14:07:10 -0400: Memory Usage (431620K) : thinfilmres_drw has 0 polygons
2026-09-02 14:07:10 -0400: Memory Usage (431620K) : rfmem_drw has 0 polygons
2026-09-02 14:07:10 -0400: Memory Usage (431884K) : norcx_drw has 0 polygons
2026-09-02 14:07:10 -0400: Memory Usage (431884K) : norcx_m2m3 has 0 polygons
2026-09-02 14:07:10 -0400: Memory Usage (431884K) : norcx_m2m4 has 0 polygons
2026-09-02 14:07:10 -0400: Memory Usage (431884K) : norcx_m2m5 has 0 polygons
2026-09-02 14:07:10 -0400: Memory Usage (432148K) : norcx_m2tm1 has 0 polygons
2026-09-02 14:07:10 -0400: Memory Usage (432148K) : norcx_m2tm2 has 0 polygons
2026-09-02 14:07:10 -0400: Memory Usage (432148K) : norcx_m3m4 has 0 polygons
2026-09-02 14:07:10 -0400: Memory Usage (432148K) : norcx_m3m5 has 0 polygons
2026-09-02 14:07:10 -0400: Memory Usage (432412K) : norcx_m3tm1 has 0 polygons
2026-09-02 14:07:10 -0400: Memory Usage (432412K) : norcx_m3tm2 has 0 polygons
2026-09-02 14:07:10 -0400: Memory Usage (432412K) : norcx_m4m5 has 0 polygons
2026-09-02 14:07:10 -0400: Memory Usage (432412K) : norcx_m4tm1 has 0 polygons
2026-09-02 14:07:10 -0400: Memory Usage (432412K) : norcx_m4tm2 has 0 polygons
2026-09-02 14:07:10 -0400: Memory Usage (432412K) : norcx_m5tm1 has 0 polygons
2026-09-02 14:07:10 -0400: Memory Usage (432412K) : norcx_m5tm2 has 0 polygons
2026-09-02 14:07:10 -0400: Memory Usage (432412K) : norcx_tm1tm2 has 0 polygons
2026-09-02 14:07:10 -0400: Memory Usage (432412K) : norcx_m1sub has 0 polygons
2026-09-02 14:07:10 -0400: Memory Usage (432412K) : norcx_m2sub has 0 polygons
2026-09-02 14:07:10 -0400: Memory Usage (432412K) : norcx_m3sub has 0 polygons
2026-09-02 14:07:10 -0400: Memory Usage (432412K) : norcx_m4sub has 0 polygons
2026-09-02 14:07:10 -0400: Memory Usage (432412K) : norcx_m5sub has 0 polygons
2026-09-02 14:07:10 -0400: Memory Usage (432412K) : norcx_tm1sub has 0 polygons
2026-09-02 14:07:10 -0400: Memory Usage (432412K) : norcx_tm2sub has 0 polygons
2026-09-02 14:07:10 -0400: Memory Usage (432412K) : snsbotvia_drw has 0 polygons
2026-09-02 14:07:10 -0400: Memory Usage (432412K) : snstopvia_drw has 0 polygons
2026-09-02 14:07:10 -0400: Memory Usage (432412K) : deepvia_drw has 0 polygons
2026-09-02 14:07:10 -0400: Memory Usage (432412K) : fgetch_drw has 0 polygons
2026-09-02 14:07:10 -0400: Memory Usage (432412K) : ctrgat_drw has 0 polygons
2026-09-02 14:07:10 -0400: Memory Usage (432412K) : fgimp_drw has 0 polygons
2026-09-02 14:07:10 -0400: Memory Usage (432412K) : emwihv_drw has 0 polygons
2026-09-02 14:07:10 -0400: Memory Usage (432412K) : lbe_drw has 0 polygons
2026-09-02 14:07:10 -0400: Memory Usage (432412K) : alcustop_drw has 0 polygons
2026-09-02 14:07:10 -0400: Memory Usage (432412K) : nometfiller_drw has 0 polygons
2026-09-02 14:07:10 -0400: Memory Usage (432412K) : prboundary_drw has 0 polygons
2026-09-02 14:07:10 -0400: Memory Usage (432412K) : exchange0_drw has 0 polygons
2026-09-02 14:07:10 -0400: Memory Usage (432412K) : exchange0_pin has 0 polygons
2026-09-02 14:07:10 -0400: Memory Usage (432412K) : exchange0_text has 0 polygons
2026-09-02 14:07:10 -0400: Memory Usage (432412K) : exchange1_drw has 0 polygons
2026-09-02 14:07:10 -0400: Memory Usage (432412K) : exchange1_pin has 0 polygons
2026-09-02 14:07:10 -0400: Memory Usage (432676K) : exchange1_text has 0 polygons
2026-09-02 14:07:10 -0400: Memory Usage (432676K) : exchange2_drw has 0 polygons
2026-09-02 14:07:10 -0400: Memory Usage (432676K) : exchange2_pin has 0 polygons
2026-09-02 14:07:10 -0400: Memory Usage (432676K) : exchange2_text has 0 polygons
2026-09-02 14:07:10 -0400: Memory Usage (432676K) : exchange3_drw has 0 polygons
2026-09-02 14:07:10 -0400: Memory Usage (432676K) : exchange3_pin has 0 polygons
2026-09-02 14:07:10 -0400: Memory Usage (432940K) : exchange3_text has 0 polygons
2026-09-02 14:07:10 -0400: Memory Usage (432940K) : exchange4_drw has 0 polygons
2026-09-02 14:07:10 -0400: Memory Usage (432940K) : exchange4_pin has 0 polygons
2026-09-02 14:07:10 -0400: Memory Usage (432940K) : exchange4_text has 0 polygons
2026-09-02 14:07:10 -0400: Memory Usage (432940K) : isonwell_drw has 0 polygons
2026-09-02 14:07:10 -0400: Memory Usage (432940K) : Total no. of polygons in the design is 2488
2026-09-02 14:07:10 -0400: Memory Usage (432940K) : Starting SG13G2 LVS runset
2026-09-02 14:07:10 -0400: Memory Usage (432940K) : Starting base layers derivations
2026-09-02 14:07:10 -0400: Memory Usage (432940K) : Starting general LVS derivations
2026-09-02 14:07:10 -0400: Memory Usage (439128K) : Starting MOSFET DERIVATIONS
2026-09-02 14:07:10 -0400: Memory Usage (441516K) : Starting NMOS DERIVATIONS
2026-09-02 14:07:10 -0400: Memory Usage (441780K) : Starting PMOS DERIVATIONS
2026-09-02 14:07:10 -0400: Memory Usage (442044K) : Starting RF-MOSFET DERIVATIONS
2026-09-02 14:07:10 -0400: Memory Usage (442044K) : Starting RF-NMOS DERIVATIONS
2026-09-02 14:07:10 -0400: Memory Usage (442044K) : Starting RF-PMOS DERIVATIONS
2026-09-02 14:07:10 -0400: Memory Usage (442308K) : Starting BJT DERIVATIONS
2026-09-02 14:07:10 -0400: Memory Usage (442308K) : Starting NPN-BJT DERIVATIONS
2026-09-02 14:07:10 -0400: Memory Usage (435584K) : Starting PNP-BJT DERIVATIONS
2026-09-02 14:07:10 -0400: Memory Usage (435584K) : Starting DIODE DERIVATIONS
2026-09-02 14:07:10 -0400: Memory Usage (435584K) : Starting RESISTOR DERIVATIONS
2026-09-02 14:07:10 -0400: Memory Usage (435584K) : Starting CAP DERIVATIONS
2026-09-02 14:07:10 -0400: Memory Usage (435584K) : Starting ESD DERIVATIONS
2026-09-02 14:07:10 -0400: Memory Usage (436868K) : Starting Inductor DERIVATIONS
2026-09-02 14:07:10 -0400: Memory Usage (440824K) : Starting Taps DERIVATIONS
2026-09-02 14:07:11 -0400: Memory Usage (442144K) : Starting SG13G2 LVS connectivity setup
2026-09-02 14:07:11 -0400: Memory Usage (442144K) : Starting SG13G2 LVS connectivity setup (Inter-layer)
2026-09-02 14:07:11 -0400: Memory Usage (442144K) : Starting SG13G2 LVS connectivity setup (Global)
2026-09-02 14:07:11 -0400: Memory Usage (442144K) : Starting LVS MOSFET CONNECTIONS
2026-09-02 14:07:11 -0400: Memory Usage (442144K) : Starting LVS RF-MOSFET CONNECTIONS
2026-09-02 14:07:11 -0400: Memory Usage (442144K) : Starting LVS BJT CONNECTIONS
2026-09-02 14:07:11 -0400: Memory Usage (442144K) : Starting LVS DIODE CONNECTIONS
2026-09-02 14:07:11 -0400: Memory Usage (442144K) : Starting RESISTOR CONNECTIONS
2026-09-02 14:07:11 -0400: Memory Usage (442144K) : Starting LVS CAP CONNECTIONS
2026-09-02 14:07:11 -0400: Memory Usage (442144K) : Starting ESD CONNECTIONS
2026-09-02 14:07:11 -0400: Memory Usage (442144K) : Starting Inductor CONNECTIONS
2026-09-02 14:07:11 -0400: Memory Usage (442144K) : Starting LVS Taps CONNECTIONS
2026-09-02 14:07:11 -0400: Memory Usage (442144K) : Starting SG13G2 LVS DEVICES EXTRACTION
2026-09-02 14:07:11 -0400: Memory Usage (442144K) : Starting MOSFET EXTRACTION
2026-09-02 14:07:11 -0400: Memory Usage (442144K) : Starting NMOS EXTRACTION
2026-09-02 14:07:11 -0400: Memory Usage (442144K) : Extraction of NMOS-LV transistor
2026-09-02 14:07:11 -0400: Memory Usage (442144K) : Extraction of NMOS-HV transistor
2026-09-02 14:07:11 -0400: Memory Usage (442144K) : Starting PMOS EXTRACTION
2026-09-02 14:07:11 -0400: Memory Usage (442144K) : Extraction of PMOS-LV transistor
2026-09-02 14:07:11 -0400: Memory Usage (442144K) : Extraction of PMOS-HV transistor
2026-09-02 14:07:11 -0400: Memory Usage (442144K) : Starting RF-MOSFET EXTRACTION
2026-09-02 14:07:11 -0400: Memory Usage (442144K) : Extraction of RF-NMOS-LV transistor
2026-09-02 14:07:11 -0400: Memory Usage (442464K) : Extraction of RF-NMOS-HV transistor
2026-09-02 14:07:11 -0400: Memory Usage (442464K) : Extraction of RF-PMOS-LV transistor
2026-09-02 14:07:11 -0400: Memory Usage (442464K) : Extraction of RF-PMOS-HV transistor
2026-09-02 14:07:11 -0400: Memory Usage (442464K) : Starting BJT EXTRACTION
2026-09-02 14:07:11 -0400: Memory Usage (442464K) : Starting NPN-BJT EXTRACTION
2026-09-02 14:07:11 -0400: Memory Usage (442464K) : Extraction of npn13G2 BJT transistor
2026-09-02 14:07:11 -0400: Memory Usage (442728K) : Extraction of npn13G2L BJT transistor
2026-09-02 14:07:11 -0400: Memory Usage (442728K) : Extraction of npn13G2V BJT transistor
2026-09-02 14:07:11 -0400: Memory Usage (442728K) : Starting PNP-BJT EXTRACTION
2026-09-02 14:07:11 -0400: Memory Usage (442728K) : Extracting pnpMPA BJT
2026-09-02 14:07:11 -0400: Memory Usage (443036K) : Starting DIODE EXTRACTION
2026-09-02 14:07:11 -0400: Memory Usage (443036K) : Extracting dantenna diode
2026-09-02 14:07:11 -0400: Memory Usage (443036K) : Extracting dpantenna diode
2026-09-02 14:07:11 -0400: Memory Usage (443036K) : Extracting schottky_nbl1 diode
2026-09-02 14:07:11 -0400: Memory Usage (443300K) : Starting RESISTOR EXTRACTION
2026-09-02 14:07:11 -0400: Memory Usage (443300K) : Extracting rsil resistor
2026-09-02 14:07:11 -0400: Memory Usage (443432K) : Extracting rppd resistor
2026-09-02 14:07:11 -0400: Memory Usage (443876K) : Extracting rhigh resistor
2026-09-02 14:07:11 -0400: Memory Usage (444140K) : Extracting res_metal1 resistor
2026-09-02 14:07:11 -0400: Memory Usage (444140K) : Extracting res_metal2 resistor
2026-09-02 14:07:11 -0400: Memory Usage (444140K) : Extracting res_metal3 resistor
2026-09-02 14:07:11 -0400: Memory Usage (444140K) : Extracting res_metal4 resistor
2026-09-02 14:07:11 -0400: Memory Usage (444508K) : Extracting res_metal5 resistor
2026-09-02 14:07:11 -0400: Memory Usage (444508K) : Extracting res_topmetal1 resistor
2026-09-02 14:07:11 -0400: Memory Usage (444508K) : Extracting res_topmetal2 resistor
2026-09-02 14:07:11 -0400: Memory Usage (444508K) : Starting CAP EXTRACTION
2026-09-02 14:07:11 -0400: Memory Usage (444508K) : Extracting cap_cmim device
2026-09-02 14:07:11 -0400: Memory Usage (444508K) : Extracting rfcmim device
2026-09-02 14:07:11 -0400: Memory Usage (444772K) : Extracting sg13_hv_svaricap varactor
2026-09-02 14:07:11 -0400: Memory Usage (444772K) : Starting ESD EXTRACTION
2026-09-02 14:07:11 -0400: Memory Usage (444772K) : Extracting diodevdd_2kv ESD device
2026-09-02 14:07:11 -0400: Memory Usage (445036K) : Extracting diodevdd_4kv ESD device
2026-09-02 14:07:11 -0400: Memory Usage (445036K) : Extracting diodevss_2kv ESD device
2026-09-02 14:07:11 -0400: Memory Usage (445300K) : Extracting diodevss_4kv ESD device
2026-09-02 14:07:11 -0400: Memory Usage (445564K) : Extracting idiodevdd_2kv ESD device
2026-09-02 14:07:11 -0400: Memory Usage (445564K) : Extracting idiodevdd_4kv ESD device
2026-09-02 14:07:11 -0400: Memory Usage (445828K) : Extracting idiodevss_2kv ESD device
2026-09-02 14:07:11 -0400: Memory Usage (446092K) : Extracting idiodevss_4kv ESD device
2026-09-02 14:07:11 -0400: Memory Usage (446092K) : Extracting nmoscl_2 ESD device
2026-09-02 14:07:11 -0400: Memory Usage (446356K) : Extracting nmoscl_4 ESD device
2026-09-02 14:07:11 -0400: Memory Usage (446356K) : Starting Inductor EXTRACTION
2026-09-02 14:07:11 -0400: Memory Usage (446356K) : Extracting Inductor2 device
2026-09-02 14:07:11 -0400: Memory Usage (446356K) : Extracting Inductor3 device
2026-09-02 14:07:11 -0400: Memory Usage (446620K) : Starting Taps EXTRACTION
2026-09-02 14:07:11 -0400: Memory Usage (446620K) : Extracting ntap1 device
2026-09-02 14:07:11 -0400: Memory Usage (446620K) : Extracting ptap1 device
2026-09-02 14:07:11 -0400: Memory Usage (446620K) : Starting SG13G2 LVS Options Preparations
2026-09-02 14:07:11 -0400: Memory Usage (446620K) : Starting SG13G2 LVS Alignment
2026-09-02 14:07:11 -0400: Memory Usage (446620K) : Starting SG13G2 LVS Simplification
2026-09-02 14:07:11 -0400: Memory Usage (446620K) : Starting SG13G2 LVS Comparison with flag_missing_ports
2026-09-02 14:07:11 -0400: Memory Usage (446620K) : ==========================================
2026-09-02 14:07:11 -0400: Memory Usage (446620K) : INFO : Congratulations! Netlists match.
2026-09-02 14:07:11 -0400: Memory Usage (446620K) : ==========================================
2026-09-02 14:07:11 -0400: Memory Usage (446620K) : LVS Total Run time 0.941946 seconds
